MPLINK 4.03, Linker
Linker Map File - Created Wed Jul 12 11:38:14 2006

                                 Section Info
                  Section       Type    Address   Location Size(Bytes)
                ---------  ---------  ---------  ---------  ---------
               _entry_scn       code   0x000000    program   0x000006
               highVector       code   0x000008    program   0x000006
                   .cinit    romdata   0x00002a    program   0x000056
              .code_TCP.o       code   0x000080    program   0x001e42
         .code_ENC28J60.o       code   0x001ec2    program   0x0011c6
         .code_MainDemo.o       code   0x003088    program   0x000b68
             .code_HTTP.o       code   0x003bf0    program   0x000a30
             .code_DHCP.o       code   0x004620    program   0x0008fa
              .code_UDP.o       code   0x004f1a    program   0x000846
              .code_FTP.o       code   0x005760    program   0x00057a
              .code_ARP.o       code   0x005cda    program   0x0002f6
               .code_IP.o       code   0x005fd0    program   0x0002b6
         .code_Announce.o       code   0x006286    program   0x00029e
          .code_Helpers.o       code   0x006524    program   0x00026e
             .code_ICMP.o       code   0x006792    program   0x00025e
             .code_MPFS.o       code   0x0069f0    program   0x00023c
             .stringtable    romdata   0x006c2c    program   0x00022d
      .romdata_ENC28J60.o    romdata   0x006e59    program   0x000000
            .romdata_IP.o    romdata   0x006e59    program   0x000000
      .idata_ENC28J60.o_i    romdata   0x006e59    program   0x000000
   .romdata_LCDBlocking.o    romdata   0x006e59    program   0x000000
   .idata_LCDBlocking.o_i    romdata   0x006e59    program   0x000000
          .romdata_UART.o    romdata   0x006e59    program   0x000000
          .idata_UART.o_i    romdata   0x006e59    program   0x000000
          .idata_MPFS.o_i    romdata   0x006e59    program   0x000000
          .romdata_MPFS.o    romdata   0x006e59    program   0x000000
           .romdata_UDP.o    romdata   0x006e59    program   0x000000
     .idata_SPIEEPROM.o_i    romdata   0x006e59    program   0x000000
           .idata_UDP.o_i    romdata   0x006e59    program   0x000000
     .romdata_SPIEEPROM.o    romdata   0x006e59    program   0x000000
      .idata_StackTsk.o_i    romdata   0x006e59    program   0x000000
      .romdata_StackTsk.o    romdata   0x006e59    program   0x000000
           .romdata_TCP.o    romdata   0x006e59    program   0x000000
          .romdata_Tick.o    romdata   0x006e59    program   0x000000
         .idata_c018i.o_i    romdata   0x006e59    program   0x000000
         .romdata_c018i.o    romdata   0x006e59    program   0x000000
      .idata_Announce.o_i    romdata   0x006e59    program   0x000000
      .romdata_Announce.o    romdata   0x006e59    program   0x000000
           .idata_ARP.o_i    romdata   0x006e59    program   0x000000
           .romdata_ARP.o    romdata   0x006e59    program   0x000000
        .idata_ARPTsk.o_i    romdata   0x006e59    program   0x000000
        .romdata_ARPTsk.o    romdata   0x006e59    program   0x000000
         .idata_Delay.o_i    romdata   0x006e59    program   0x000000
         .romdata_Delay.o    romdata   0x006e59    program   0x000000
          .romdata_DHCP.o    romdata   0x006e59    program   0x000000
           .romdata_FTP.o    romdata   0x006e59    program   0x000000
       .idata_Helpers.o_i    romdata   0x006e59    program   0x000000
       .romdata_Helpers.o    romdata   0x006e59    program   0x000000
          .idata_ICMP.o_i    romdata   0x006e59    program   0x000000
          .romdata_ICMP.o    romdata   0x006e59    program   0x000000
      .code_LCDBlocking.o       code   0x006e5a    program   0x000000
            .code_c018i.o       code   0x006e5a    program   0x000000
            .code_Delay.o       code   0x006e5a    program   0x000000
                   STDLIB       code   0x006e5a    program   0x00021e
         .code_StackTsk.o       code   0x007078    program   0x00021c
                   STRING       code   0x007294    program   0x000200
      .romdata_MainDemo.o    romdata   0x007494    program   0x0001de
        .code_SPIEEPROM.o       code   0x007672    program   0x0001ce
          .romdata_HTTP.o    romdata   0x007840    program   0x000178
           .code_ARPTsk.o       code   0x0079b8    program   0x000128
             .code_UART.o       code   0x007ae0    program   0x0000b8
               _cinit_scn       code   0x007b98    program   0x00009e
             .code_Tick.o       code   0x007c36    program   0x000042
              D1KTCYXCODE       code   0x007c78    program   0x000020
             _startup_scn       code   0x007c98    program   0x000018
          .idata_Tick.o_i    romdata   0x007cb0    program   0x000004
           .idata_TCP.o_i    romdata   0x007cb4    program   0x000002
      .idata_MainDemo.o_i    romdata   0x007cb6    program   0x000032
            .idata_IP.o_i    romdata   0x007ce8    program   0x000002
          .idata_HTTP.o_i    romdata   0x007cea    program   0x000004
           .idata_FTP.o_i    romdata   0x007cee    program   0x000022
          .idata_DHCP.o_i    romdata   0x007d10    program   0x000004
.config_300001_MainDemo.o    romdata   0x300001    program   0x000001
.config_300002_MainDemo.o    romdata   0x300002    program   0x000001
.config_300003_MainDemo.o    romdata   0x300003    program   0x000001
.config_300006_MainDemo.o    romdata   0x300006    program   0x000001
                 .tmpdata      udata   0x000000       data   0x000010
                MATH_DATA      udata   0x000010       data   0x00000b
                DELAYDAT1      udata   0x00001b       data   0x000001
             .udata_FTP.o      udata   0x000060       data   0x00004d
             .udata_UDP.o      udata   0x0000ad       data   0x000044
           .udata_c018i.o      udata   0x0000f1       data   0x00000a
            .idata_HTTP.o      idata   0x0000fb       data   0x000004
             .udata_TCP.o      udata   0x0000ff       data   0x000000
        .idata_ENC28J60.o      idata   0x0000ff       data   0x000000
           .idata_c018i.o      idata   0x0000ff       data   0x000000
     .idata_LCDBlocking.o      idata   0x0000ff       data   0x000000
         .idata_Helpers.o      idata   0x0000ff       data   0x000000
            .idata_ICMP.o      idata   0x0000ff       data   0x000000
        .idata_StackTsk.o      idata   0x0000ff       data   0x000000
            .udata_Tick.o      udata   0x0000ff       data   0x000000
        .udata_Announce.o      udata   0x0000ff       data   0x000000
     .udata_LCDBlocking.o      udata   0x0000ff       data   0x000000
        .idata_Announce.o      idata   0x0000ff       data   0x000000
            .idata_MPFS.o      idata   0x0000ff       data   0x000000
             .idata_ARP.o      idata   0x0000ff       data   0x000000
            .idata_UART.o      idata   0x0000ff       data   0x000000
          .idata_ARPTsk.o      idata   0x0000ff       data   0x000000
       .idata_SPIEEPROM.o      idata   0x0000ff       data   0x000000
           .udata_Delay.o      udata   0x0000ff       data   0x000000
           .idata_Delay.o      idata   0x0000ff       data   0x000000
             .idata_UDP.o      idata   0x0000ff       data   0x000000
                      bla      udata   0x000100       data   0x00003d
        .udata_StackTsk.o      udata   0x00013d       data   0x000032
        .idata_MainDemo.o      idata   0x00016f       data   0x000032
        .udata_MainDemo.o      udata   0x0001a1       data   0x00002f
            .udata_HTTP.o      udata   0x0001d0       data   0x000029
            .idata_DHCP.o      idata   0x0001f9       data   0x000004
             .idata_TCP.o      idata   0x0001fd       data   0x000002
             .idata_FTP.o      idata   0x000200       data   0x000022
       .udata_SPIEEPROM.o      udata   0x000222       data   0x00001f
            .udata_DHCP.o      udata   0x000241       data   0x000019
            .udata_ICMP.o      udata   0x00025a       data   0x000016
              .udata_IP.o      udata   0x000270       data   0x000012
         .udata_Helpers.o      udata   0x000282       data   0x000011
          .udata_ARPTsk.o      udata   0x000293       data   0x000011
            .udata_MPFS.o      udata   0x0002a4       data   0x000010
             .udata_ARP.o      udata   0x0002b4       data   0x000009
            .udata_UART.o      udata   0x0002bd       data   0x000008
              .idata_IP.o      idata   0x0002c5       data   0x000002
  MainDemo.o:DownloadMPFS     actrec   0x000c00       data   0x00008f
         UART.o:getsUSART     actrec   0x000c00       data   0x000002
          MPFS.o:MPFSSeek     actrec   0x000c00       data   0x000002
         UDP.o:UDPProcess     actrec   0x000c00       data   0x000017
  ENC28J60.o:MACGetHeader     actrec   0x000c00       data   0x000014
            UDP.o:UDPInit     actrec   0x000c00       data   0x000001
         TCP.o:TCPProcess     actrec   0x000c00       data   0x000026
            TCP.o:TCPTick     actrec   0x000c00       data   0x000010
        TCP.o:TCPGetArray     actrec   0x000c00       data   0x000002
          TCP.o:TCPListen     actrec   0x000c00       data   0x000003
            TCP.o:TCPInit     actrec   0x000c00       data   0x000003
    Announce.o:AnnounceIP     actrec   0x000c00       data   0x00000c
             ARP.o:ARPGet     actrec   0x000c00       data   0x00001c
             ARP.o:ARPPut     actrec   0x000c00       data   0x00001d
          DHCP.o:DHCPTask     actrec   0x000c00       data   0x00000f
          FTP.o:FTPServer     actrec   0x000c00       data   0x000007
 Helpers.o:ReadStringUART     actrec   0x000c00       data   0x000002
  ENC28J60.o:MACSetDuplex     actrec   0x000c00       data   0x000003
       HTTP.o:HTTPProcess     actrec   0x000c00       data   0x000085
           ICMP.o:ICMPGet     actrec   0x000c00       data   0x00002c
           ICMP.o:ICMPPut     actrec   0x000c00       data   0x00002b
         IP.o:IPGetHeader     actrec   0x000c00       data   0x000016
 MainDemo.o:GetMenuChoice     actrec   0x000c00       data   0x000001
 MainDemo.o:SaveAppConfig     actrec   0x000c00       data   0x000003
ENC28J60.o:SendSystemReset     actrec   0x000c00       data   0x000001
MainDemo.o:DisplayIPValue     actrec   0x000c00       data   0x000005
MainDemo.o:StringToIPAddress     actrec   0x000c00       data   0x000004
 MainDemo.o:InitAppConfig     actrec   0x000c03       data   0x000003
          HTTP.o:HTTPInit     actrec   0x000c03       data   0x000001
    ENC28J60.o:ReadPHYReg     actrec   0x000c03       data   0x000002
    ENC28J60.o:ReadMACReg     actrec   0x000c05       data   0x000001
       ENC28J60.o:MACInit     actrec   0x000c06       data   0x000001
         TCP.o:TCPConnect     actrec   0x000c07       data   0x000004
     FTP.o:ParseFTPString     actrec   0x000c07       data   0x000004
    FTP.o:ParseFTPCommand     actrec   0x000c07       data   0x000001
            FTP.o:PutFile     actrec   0x000c0b       data   0x000001
           UDP.o:UDPFlush     actrec   0x000c0f       data   0x00000a
            UDP.o:UDPOpen     actrec   0x000c0f       data   0x000003
      DHCP.o:_DHCPReceive     actrec   0x000c0f       data   0x000009
 UDP.o:FindMatchingSocket     actrec   0x000c17       data   0x000004
             UDP.o:UDPPut     actrec   0x000c19       data   0x000004
      ARPTsk.o:ARPProcess     actrec   0x000c1d       data   0x00000b
      ARPTsk.o:ARPResolve     actrec   0x000c1d       data   0x00000a
         DHCP.o:_DHCPSend     actrec   0x000c1d       data   0x000001
 TCP.o:FindMatchingSocket     actrec   0x000c26       data   0x000004
       TCP.o:HandleTCPSeg     actrec   0x000c26       data   0x000013
ENC28J60.o:MACCalcRxChecksum     actrec   0x000c2c       data   0x000002
     StackTsk.o:StackTask     actrec   0x000c39       data   0x000006
        TCP.o:TransmitTCP     actrec   0x000c85       data   0x000026
             TCP.o:TCPGet     actrec   0x000c85       data   0x000002
         TCP.o:TCPDiscard     actrec   0x000c85       data   0x000002
          MPFS.o:MPFSOpen     actrec   0x000c85       data   0x000012
           MPFS.o:MPFSGet     actrec   0x000c85       data   0x000001
         HTTP.o:HTTPParse     actrec   0x000c85       data   0x000008
   MainDemo.o:HTTPExecCmd     actrec   0x000c85       data   0x000002
  ENC28J60.o:MACDiscardRx     actrec   0x000c87       data   0x000002
ENC28J60.o:MACSetRxBuffer     actrec   0x000c87       data   0x000002
MainDemo.o:ExecuteMenuChoice     actrec   0x000c8f       data   0x00001a
 SPIEEPROM.o:XEEReadArray     actrec   0x000c97       data   0x000001
      SPIEEPROM.o:DoWrite     actrec   0x000ca9       data   0x000002
ENC28J60.o:CalcIPBufferChecksum     actrec   0x000cab       data   0x000002
      ENC28J60.o:MACFlush     actrec   0x000cab       data   0x00000c
    SPIEEPROM.o:XEEIsBusy     actrec   0x000cab       data   0x000001
ENC28J60.o:MACGetFreeRxSize     actrec   0x000cab       data   0x000004
          Helpers.o:swapl     actrec   0x000cab       data   0x000007
ENC28J60.o:MACGetTxBuffer     actrec   0x000cab       data   0x000001
  ENC28J60.o:MACIsTxReady     actrec   0x000cab       data   0x000001
         IP.o:IPPutHeader     actrec   0x000cab       data   0x000014
 Helpers.o:CalcIPChecksum     actrec   0x000cab       data   0x00000c
     MainDemo.o:SetConfig     actrec   0x000cac       data   0x000001
        ENC28J60.o:MACGet     actrec   0x000cad       data   0x000001
   ENC28J60.o:MACGetArray     actrec   0x000cb7       data   0x000003
      TCP.o:TCPDisconnect     actrec   0x000cbf       data   0x000002
          HTTP.o:SendFile     actrec   0x000cbf       data   0x000004
   ENC28J60.o:MACPutArray     actrec   0x000cc3       data   0x000001
        ENC28J60.o:MACPut     actrec   0x000cc3       data   0x000001
ENC28J60.o:MACCalcTxChecksum     actrec   0x000cc3       data   0x000002
          Helpers.o:swaps     actrec   0x000cc3       data   0x000003
    ENC28J60.o:ReadETHReg     actrec   0x000cc5       data   0x000001
      ENC28J60.o:WriteReg     actrec   0x000cc5       data   0x000001
        ENC28J60.o:BFCReg     actrec   0x000cc5       data   0x000001
        ENC28J60.o:BFSReg     actrec   0x000cc5       data   0x000001
             TCP.o:TCPPut     actrec   0x000cc6       data   0x000002
           TCP.o:TCPFlush     actrec   0x000cc8       data   0x000002
        HTTP.o:HTTPServer     actrec   0x000cca       data   0x000001
                   .stack      udata   0x000d00       data   0x000100
                  TCB_MEM      udata   0x000e00       data   0x0000f0
            .idata_Tick.o      idata   0x000ef0       data   0x000004
        .udata_ENC28J60.o      udata   0x000f00       data   0x00005f
            SFR_UNBANKED0      udata   0x000f62       data   0x00009e



                              Program Memory Usage 
                               Start         End      
                           ---------   ---------      
                            0x000000    0x000005      
                            0x000008    0x00000d      
                            0x00002a    0x006e58      
                            0x006e5a    0x007d13      
                            0x300001    0x300003      
                            0x300006    0x300006      
            31993 out of 132120 program addresses used, program memory utilization is 24%



                              Symbols - Sorted by Name
                     Name    Address   Location    Storage File                     
                ---------  ---------  ---------  --------- ---------                
                   ARPGet   0x005cda    program     extern C:\Work\MCHPTCPStack\MCHPTCPStack 3.60\Source\ARP.c
                  ARPInit   0x0079b8    program     extern C:\Work\MCHPTCPStack\MCHPTCPStack 3.60\Source\ARPTsk.c
            ARPIsResolved   0x007a76    program     extern C:\Work\MCHPTCPStack\MCHPTCPStack 3.60\Source\ARPTsk.c
               ARPProcess   0x0079d2    program     extern C:\Work\MCHPTCPStack\MCHPTCPStack 3.60\Source\ARPTsk.c
                   ARPPut   0x005dd2    program     extern C:\Work\MCHPTCPStack\MCHPTCPStack 3.60\Source\ARP.c
               ARPResolve   0x007a4a    program     extern C:\Work\MCHPTCPStack\MCHPTCPStack 3.60\Source\ARPTsk.c
               AnnounceIP   0x006286    program     extern C:\Work\MCHPTCPStack\MCHPTCPStack 3.60\Source\Announce.c
                   BFCReg   0x002ea2    program     static C:\Work\MCHPTCPStack\MCHPTCPStack 3.60\Source\ENC28J60.c
                   BFSReg   0x002ec2    program     static C:\Work\MCHPTCPStack\MCHPTCPStack 3.60\Source\ENC28J60.c
                  BankSel   0x002f30    program     static C:\Work\MCHPTCPStack\MCHPTCPStack 3.60\Source\ENC28J60.c
                BusyUSART   0x007ae0    program     extern C:\Work\MCHPTCPStack\MCHPTCPStack 3.60\Source\UART.c
         CMD_UNKNOWN_PAGE   0x0074bd    program     extern C:\Work\MCHPTCPStack\MCHPTCPStack 3.60\Source\MainDemo.c
         COMMANDS_OK_PAGE   0x0074a8    program     extern C:\Work\MCHPTCPStack\MCHPTCPStack 3.60\Source\MainDemo.c
       CONFIG_UPDATE_PAGE   0x0074b2    program     extern C:\Work\MCHPTCPStack\MCHPTCPStack 3.60\Source\MainDemo.c
                     CRLF   0x0074a5    program     extern C:\Work\MCHPTCPStack\MCHPTCPStack 3.60\Source\MainDemo.c
     CalcIPBufferChecksum   0x002ba2    program     extern C:\Work\MCHPTCPStack\MCHPTCPStack 3.60\Source\ENC28J60.c
           CalcIPChecksum   0x0066a6    program     extern C:\Work\MCHPTCPStack\MCHPTCPStack 3.60\Source\Helpers.c
              CloseSocket   0x001496    program     static C:\Work\MCHPTCPStack\MCHPTCPStack 3.60\Source\TCP.c
               CloseUSART   0x007aec    program     extern C:\Work\MCHPTCPStack\MCHPTCPStack 3.60\Source\UART.c
                    D1K_1   0x007c84    program     static C:\MCC18\SRC\TRADIT~1\DELAYS\d1ktcyx.asm
                     D1Kx   0x007c82    program     static C:\MCC18\SRC\TRADIT~1\DELAYS\d1ktcyx.asm
                DHCPReset   0x004620    program     extern C:\Work\MCHPTCPStack\MCHPTCPStack 3.60\Source\DHCP.c
                 DHCPTask   0x004644    program     extern C:\Work\MCHPTCPStack\MCHPTCPStack 3.60\Source\DHCP.c
             DataRdyUSART   0x007af8    program     extern C:\Work\MCHPTCPStack\MCHPTCPStack 3.60\Source\UART.c
              Delay1KTCYx   0x007c78    program     extern C:\MCC18\SRC\TRADIT~1\DELAYS\d1ktcyx.asm
           DisplayIPValue   0x003202    program     static C:\Work\MCHPTCPStack\MCHPTCPStack 3.60\Source\MainDemo.c
                  DoWrite   0x007782    program     extern C:\Work\MCHPTCPStack\MCHPTCPStack 3.60\Source\SPIEEPROM.c
             DownloadMPFS   0x003a4a    program     static C:\Work\MCHPTCPStack\MCHPTCPStack 3.60\Source\MainDemo.c
        ExecuteFTPCommand   0x00595a    program     static C:\Work\MCHPTCPStack\MCHPTCPStack 3.60\Source\FTP.c
        ExecuteMenuChoice   0x00382c    program     extern C:\Work\MCHPTCPStack\MCHPTCPStack 3.60\Source\MainDemo.c
                  FTPInit   0x005760    program     extern C:\Work\MCHPTCPStack\MCHPTCPStack 3.60\Source\FTP.c
                FTPServer   0x00577e    program     extern C:\Work\MCHPTCPStack\MCHPTCPStack 3.60\Source\FTP.c
                FTPVerify   0x0035b6    program     extern C:\Work\MCHPTCPStack\MCHPTCPStack 3.60\Source\MainDemo.c
            FTP_USER_NAME   0x0074c7    program     extern C:\Work\MCHPTCPStack\MCHPTCPStack 3.60\Source\MainDemo.c
            FTP_USER_PASS   0x0074cb    program     extern C:\Work\MCHPTCPStack\MCHPTCPStack 3.60\Source\MainDemo.c
       FindMatchingSocket   0x0010e0    program     static C:\Work\MCHPTCPStack\MCHPTCPStack 3.60\Source\TCP.c
       FindMatchingSocket   0x0055bc    program     static C:\Work\MCHPTCPStack\MCHPTCPStack 3.60\Source\UDP.c
                GetCLKOUT   0x003070    program     extern C:\Work\MCHPTCPStack\MCHPTCPStack 3.60\Source\ENC28J60.c
            GetMenuChoice   0x00380a    program     extern C:\Work\MCHPTCPStack\MCHPTCPStack 3.60\Source\MainDemo.c
              HTTPExecCmd   0x00334a    program     extern C:\Work\MCHPTCPStack\MCHPTCPStack 3.60\Source\MainDemo.c
               HTTPGetVar   0x0033cc    program     extern C:\Work\MCHPTCPStack\MCHPTCPStack 3.60\Source\MainDemo.c
                 HTTPInit   0x003bf0    program     extern C:\Work\MCHPTCPStack\MCHPTCPStack 3.60\Source\HTTP.c
                HTTPParse   0x004364    program     static C:\Work\MCHPTCPStack\MCHPTCPStack 3.60\Source\HTTP.c
              HTTPProcess   0x003c60    program     static C:\Work\MCHPTCPStack\MCHPTCPStack 3.60\Source\HTTP.c
               HTTPServer   0x003c48    program     extern C:\Work\MCHPTCPStack\MCHPTCPStack 3.60\Source\HTTP.c
 HTTP_DEFAULT_FILE_STRING   0x0079ae    program     extern C:\Work\MCHPTCPStack\MCHPTCPStack 3.60\Source\HTTP.c
          HTTP_GET_STRING   0x0079aa    program     extern C:\Work\MCHPTCPStack\MCHPTCPStack 3.60\Source\HTTP.c
   HTTP_HEADER_END_STRING   0x0079a5    program     extern C:\Work\MCHPTCPStack\MCHPTCPStack 3.60\Source\HTTP.c
  HTTP_OK_NO_CACHE_STRING   0x007920    program     extern C:\Work\MCHPTCPStack\MCHPTCPStack 3.60\Source\HTTP.c
           HTTP_OK_STRING   0x007900    program     extern C:\Work\MCHPTCPStack\MCHPTCPStack 3.60\Source\HTTP.c
             HandleTCPSeg   0x0015a2    program     static C:\Work\MCHPTCPStack\MCHPTCPStack 3.60\Source\TCP.c
                  HighISR   0x003088    program     extern C:\Work\MCHPTCPStack\MCHPTCPStack 3.60\Source\MainDemo.c
               HighVector   0x000008    program     extern C:\Work\MCHPTCPStack\MCHPTCPStack 3.60\Source\MainDemo.c
                  ICMPGet   0x006792    program     extern C:\Work\MCHPTCPStack\MCHPTCPStack 3.60\Source\ICMP.c
                  ICMPPut   0x006848    program     extern C:\Work\MCHPTCPStack\MCHPTCPStack 3.60\Source\ICMP.c
              IPGetHeader   0x005fd0    program     extern C:\Work\MCHPTCPStack\MCHPTCPStack 3.60\Source\IP.c
              IPPutHeader   0x0060ac    program     extern C:\Work\MCHPTCPStack\MCHPTCPStack 3.60\Source\IP.c
            IPSetRxBuffer   0x0061c4    program     extern C:\Work\MCHPTCPStack\MCHPTCPStack 3.60\Source\IP.c
            InitAppConfig   0x003668    program     static C:\Work\MCHPTCPStack\MCHPTCPStack 3.60\Source\MainDemo.c
          InitializeBoard   0x00361e    program     static C:\Work\MCHPTCPStack\MCHPTCPStack 3.60\Source\MainDemo.c
          InvalidInputMsg   0x007628    program     extern C:\Work\MCHPTCPStack\MCHPTCPStack 3.60\Source\MainDemo.c
        MACCalcRxChecksum   0x0029cc    program     extern C:\Work\MCHPTCPStack\MCHPTCPStack 3.60\Source\ENC28J60.c
        MACCalcTxChecksum   0x002ace    program     extern C:\Work\MCHPTCPStack\MCHPTCPStack 3.60\Source\ENC28J60.c
             MACDiscardRx   0x00227a    program     extern C:\Work\MCHPTCPStack\MCHPTCPStack 3.60\Source\ENC28J60.c
             MACDiscardTx   0x00224e    program     extern C:\Work\MCHPTCPStack\MCHPTCPStack 3.60\Source\ENC28J60.c
                 MACFlush   0x002648    program     extern C:\Work\MCHPTCPStack\MCHPTCPStack 3.60\Source\ENC28J60.c
                   MACGet   0x002cd6    program     extern C:\Work\MCHPTCPStack\MCHPTCPStack 3.60\Source\ENC28J60.c
              MACGetArray   0x002cf8    program     extern C:\Work\MCHPTCPStack\MCHPTCPStack 3.60\Source\ENC28J60.c
         MACGetFreeRxSize   0x0022f6    program     extern C:\Work\MCHPTCPStack\MCHPTCPStack 3.60\Source\ENC28J60.c
             MACGetHeader   0x002404    program     extern C:\Work\MCHPTCPStack\MCHPTCPStack 3.60\Source\ENC28J60.c
           MACGetTxBuffer   0x0021c0    program     extern C:\Work\MCHPTCPStack\MCHPTCPStack 3.60\Source\ENC28J60.c
                  MACInit   0x001ec2    program     extern C:\Work\MCHPTCPStack\MCHPTCPStack 3.60\Source\ENC28J60.c
              MACIsLinked   0x00213e    program     extern C:\Work\MCHPTCPStack\MCHPTCPStack 3.60\Source\ENC28J60.c
             MACIsTxReady   0x002152    program     extern C:\Work\MCHPTCPStack\MCHPTCPStack 3.60\Source\ENC28J60.c
             MACPowerDown   0x002fea    program     extern C:\Work\MCHPTCPStack\MCHPTCPStack 3.60\Source\ENC28J60.c
               MACPowerUp   0x003028    program     extern C:\Work\MCHPTCPStack\MCHPTCPStack 3.60\Source\ENC28J60.c
                   MACPut   0x002d52    program     extern C:\Work\MCHPTCPStack\MCHPTCPStack 3.60\Source\ENC28J60.c
              MACPutArray   0x002d6e    program     extern C:\Work\MCHPTCPStack\MCHPTCPStack 3.60\Source\ENC28J60.c
             MACPutHeader   0x002552    program     extern C:\Work\MCHPTCPStack\MCHPTCPStack 3.60\Source\ENC28J60.c
             MACSetDuplex   0x002f4c    program     extern C:\Work\MCHPTCPStack\MCHPTCPStack 3.60\Source\ENC28J60.c
           MACSetRxBuffer   0x0028da    program     extern C:\Work\MCHPTCPStack\MCHPTCPStack 3.60\Source\ENC28J60.c
           MACSetTxBuffer   0x002958    program     extern C:\Work\MCHPTCPStack\MCHPTCPStack 3.60\Source\ENC28J60.c
                MPFSClose   0x006ae8    program     extern C:\Work\MCHPTCPStack\MCHPTCPStack 3.60\Source\MPFS.c
               MPFSFormat   0x006b62    program     extern C:\Work\MCHPTCPStack\MCHPTCPStack 3.60\Source\MPFS.c
                  MPFSGet   0x006b18    program     extern C:\Work\MCHPTCPStack\MCHPTCPStack 3.60\Source\MPFS.c
             MPFSGetBegin   0x006af6    program     extern C:\Work\MCHPTCPStack\MCHPTCPStack 3.60\Source\MPFS.c
               MPFSGetEnd   0x006b54    program     extern C:\Work\MCHPTCPStack\MCHPTCPStack 3.60\Source\MPFS.c
                 MPFSInit   0x0069f0    program     extern C:\Work\MCHPTCPStack\MCHPTCPStack 3.60\Source\MPFS.c
                 MPFSOpen   0x006a02    program     extern C:\Work\MCHPTCPStack\MCHPTCPStack 3.60\Source\MPFS.c
                  MPFSPut   0x006b9a    program     extern C:\Work\MCHPTCPStack\MCHPTCPStack 3.60\Source\MPFS.c
             MPFSPutBegin   0x006b6e    program     extern C:\Work\MCHPTCPStack\MCHPTCPStack 3.60\Source\MPFS.c
               MPFSPutEnd   0x006bce    program     extern C:\Work\MCHPTCPStack\MCHPTCPStack 3.60\Source\MPFS.c
                 MPFSSeek   0x006bee    program     extern C:\Work\MCHPTCPStack\MCHPTCPStack 3.60\Source\MPFS.c
                    NewIP   0x007494    program     extern C:\Work\MCHPTCPStack\MCHPTCPStack 3.60\Source\MainDemo.c
                  OneByte   0x007066    program     static C:\MCC18\SRC\TRADIT~1\STDCLIB\itobcd.asm
          ParseFTPCommand   0x005bb4    program     static C:\Work\MCHPTCPStack\MCHPTCPStack 3.60\Source\FTP.c
           ParseFTPString   0x005c26    program     static C:\Work\MCHPTCPStack\MCHPTCPStack 3.60\Source\FTP.c
                ProcLower   0x00701a    program     static C:\MCC18\SRC\TRADIT~1\STDCLIB\itoa.asm
                ProcUpper   0x007010    program     static C:\MCC18\SRC\TRADIT~1\STDCLIB\itoa.asm
                ProcessIO   0x00331a    program     static C:\Work\MCHPTCPStack\MCHPTCPStack 3.60\Source\MainDemo.c
                  PutFile   0x005a8a    program     static C:\Work\MCHPTCPStack\MCHPTCPStack 3.60\Source\FTP.c
                     Quit   0x005a1e    program     static C:\Work\MCHPTCPStack\MCHPTCPStack 3.60\Source\FTP.c
               ReadETHReg   0x002db8    program     static C:\Work\MCHPTCPStack\MCHPTCPStack 3.60\Source\ENC28J60.c
               ReadMACReg   0x002dda    program     static C:\Work\MCHPTCPStack\MCHPTCPStack 3.60\Source\ENC28J60.c
               ReadPHYReg   0x002e04    program     extern C:\Work\MCHPTCPStack\MCHPTCPStack 3.60\Source\ENC28J60.c
           ReadStringUART   0x006524    program     extern C:\Work\MCHPTCPStack\MCHPTCPStack 3.60\Source\Helpers.c
                ReadUSART   0x007b02    program     extern C:\Work\MCHPTCPStack\MCHPTCPStack 3.60\Source\UART.c
            SaveAppConfig   0x0036e8    program     static C:\Work\MCHPTCPStack\MCHPTCPStack 3.60\Source\MainDemo.c
                 SendFile   0x004126    program     static C:\Work\MCHPTCPStack\MCHPTCPStack 3.60\Source\HTTP.c
          SendSystemReset   0x002da8    program     static C:\Work\MCHPTCPStack\MCHPTCPStack 3.60\Source\ENC28J60.c
                SetCLKOUT   0x003056    program     extern C:\Work\MCHPTCPStack\MCHPTCPStack 3.60\Source\ENC28J60.c
                SetConfig   0x003a18    program     static C:\Work\MCHPTCPStack\MCHPTCPStack 3.60\Source\MainDemo.c
                StackInit   0x007078    program     extern C:\Work\MCHPTCPStack\MCHPTCPStack 3.60\Source\StackTsk.c
                StackTask   0x00708e    program     extern C:\Work\MCHPTCPStack\MCHPTCPStack 3.60\Source\StackTsk.c
        StringToIPAddress   0x003740    program     extern C:\Work\MCHPTCPStack\MCHPTCPStack 3.60\Source\MainDemo.c
            SwapARPPacket   0x005f32    program     static C:\Work\MCHPTCPStack\MCHPTCPStack 3.60\Source\ARP.c
           SwapICMPPacket   0x006946    program     static C:\Work\MCHPTCPStack\MCHPTCPStack 3.60\Source\ICMP.c
             SwapIPHeader   0x0061dc    program     static C:\Work\MCHPTCPStack\MCHPTCPStack 3.60\Source\IP.c
            SwapTCPHeader   0x0012e0    program     static C:\Work\MCHPTCPStack\MCHPTCPStack 3.60\Source\TCP.c
               TCPConnect   0x00020e    program     extern C:\Work\MCHPTCPStack\MCHPTCPStack 3.60\Source\TCP.c
               TCPDiscard   0x0007d2    program     extern C:\Work\MCHPTCPStack\MCHPTCPStack 3.60\Source\TCP.c
            TCPDisconnect   0x000410    program     extern C:\Work\MCHPTCPStack\MCHPTCPStack 3.60\Source\TCP.c
                 TCPFlush   0x000512    program     extern C:\Work\MCHPTCPStack\MCHPTCPStack 3.60\Source\TCP.c
                   TCPGet   0x0008a8    program     extern C:\Work\MCHPTCPStack\MCHPTCPStack 3.60\Source\TCP.c
              TCPGetArray   0x00081a    program     extern C:\Work\MCHPTCPStack\MCHPTCPStack 3.60\Source\TCP.c
                  TCPInit   0x000080    program     extern C:\Work\MCHPTCPStack\MCHPTCPStack 3.60\Source\TCP.c
           TCPIsConnected   0x0003f0    program     extern C:\Work\MCHPTCPStack\MCHPTCPStack 3.60\Source\TCP.c
            TCPIsGetReady   0x00095e    program     extern C:\Work\MCHPTCPStack\MCHPTCPStack 3.60\Source\TCP.c
            TCPIsPutReady   0x000662    program     extern C:\Work\MCHPTCPStack\MCHPTCPStack 3.60\Source\TCP.c
                TCPListen   0x000148    program     extern C:\Work\MCHPTCPStack\MCHPTCPStack 3.60\Source\TCP.c
               TCPProcess   0x000d16    program     extern C:\Work\MCHPTCPStack\MCHPTCPStack 3.60\Source\TCP.c
                   TCPPut   0x0006d8    program     extern C:\Work\MCHPTCPStack\MCHPTCPStack 3.60\Source\TCP.c
                  TCPTick   0x000986    program     extern C:\Work\MCHPTCPStack\MCHPTCPStack 3.60\Source\TCP.c
                  TickGet   0x007c4a    program     extern C:\Work\MCHPTCPStack\MCHPTCPStack 3.60\Source\Tick.c
                 TickInit   0x007c36    program     extern C:\Work\MCHPTCPStack\MCHPTCPStack 3.60\Source\Tick.c
               TickUpdate   0x007c5c    program     extern C:\Work\MCHPTCPStack\MCHPTCPStack 3.60\Source\Tick.c
              TransmitTCP   0x000eac    program     static C:\Work\MCHPTCPStack\MCHPTCPStack 3.60\Source\TCP.c
                 TstLower   0x007004    program     static C:\MCC18\SRC\TRADIT~1\STDCLIB\itoa.asm
                 TstUpper   0x006ffe    program     static C:\MCC18\SRC\TRADIT~1\STDCLIB\itoa.asm
                 UDPClose   0x00503a    program     extern C:\Work\MCHPTCPStack\MCHPTCPStack 3.60\Source\UDP.c
               UDPDiscard   0x00538c    program     extern C:\Work\MCHPTCPStack\MCHPTCPStack 3.60\Source\UDP.c
                 UDPFlush   0x00516e    program     extern C:\Work\MCHPTCPStack\MCHPTCPStack 3.60\Source\UDP.c
                   UDPGet   0x0052c2    program     extern C:\Work\MCHPTCPStack\MCHPTCPStack 3.60\Source\UDP.c
                  UDPInit   0x004f1a    program     extern C:\Work\MCHPTCPStack\MCHPTCPStack 3.60\Source\UDP.c
            UDPIsGetReady   0x005292    program     extern C:\Work\MCHPTCPStack\MCHPTCPStack 3.60\Source\UDP.c
                  UDPOpen   0x004f68    program     extern C:\Work\MCHPTCPStack\MCHPTCPStack 3.60\Source\UDP.c
               UDPProcess   0x0053d8    program     extern C:\Work\MCHPTCPStack\MCHPTCPStack 3.60\Source\UDP.c
                   UDPPut   0x00505e    program     extern C:\Work\MCHPTCPStack\MCHPTCPStack 3.60\Source\UDP.c
              WritePHYReg   0x002ee2    program     extern C:\Work\MCHPTCPStack\MCHPTCPStack 3.60\Source\ENC28J60.c
                 WriteReg   0x002e82    program     static C:\Work\MCHPTCPStack\MCHPTCPStack 3.60\Source\ENC28J60.c
               WriteUSART   0x007b06    program     extern C:\Work\MCHPTCPStack\MCHPTCPStack 3.60\Source\UART.c
             XEEBeginRead   0x007688    program     extern C:\Work\MCHPTCPStack\MCHPTCPStack 3.60\Source\SPIEEPROM.c
               XEEEndRead   0x0076ec    program     extern C:\Work\MCHPTCPStack\MCHPTCPStack 3.60\Source\SPIEEPROM.c
              XEEEndWrite   0x007770    program     extern C:\Work\MCHPTCPStack\MCHPTCPStack 3.60\Source\SPIEEPROM.c
                  XEEInit   0x007672    program     extern C:\Work\MCHPTCPStack\MCHPTCPStack 3.60\Source\SPIEEPROM.c
                XEEIsBusy   0x00781a    program     extern C:\Work\MCHPTCPStack\MCHPTCPStack 3.60\Source\SPIEEPROM.c
                  XEERead   0x00769c    program     extern C:\Work\MCHPTCPStack\MCHPTCPStack 3.60\Source\SPIEEPROM.c
             XEEReadArray   0x0076ee    program     extern C:\Work\MCHPTCPStack\MCHPTCPStack 3.60\Source\SPIEEPROM.c
               XEESetAddr   0x007738    program     extern C:\Work\MCHPTCPStack\MCHPTCPStack 3.60\Source\SPIEEPROM.c
                 XEEWrite   0x00774c    program     extern C:\Work\MCHPTCPStack\MCHPTCPStack 3.60\Source\SPIEEPROM.c
              _3jContinue   0x007310    program     static C:\MCC18\SRC\TRADIT~1\STDCLIB\mcmpp2r.asm
              _3jContinue   0x0073ac    program     static C:\MCC18\SRC\TRADIT~1\STDCLIB\mcpyp2r.asm
              _4jContinue   0x007358    program     static C:\MCC18\SRC\TRADIT~1\STDCLIB\memcpy.asm
              _4jContinue   0x0072c0    program     static C:\MCC18\SRC\TRADIT~1\STDCLIB\memcmp.asm
              _4jContinue   0x007442    program     static C:\MCC18\SRC\TRADIT~1\STDCLIB\strncpy.asm
                   _4jEnd   0x00731a    program     static C:\MCC18\SRC\TRADIT~1\STDCLIB\mcmpp2r.asm
                   _4jEnd   0x0073b6    program     static C:\MCC18\SRC\TRADIT~1\STDCLIB\mcpyp2r.asm
                   _5jEnd   0x00744c    program     static C:\MCC18\SRC\TRADIT~1\STDCLIB\strncpy.asm
                   _5jEnd   0x0072ca    program     static C:\MCC18\SRC\TRADIT~1\STDCLIB\memcmp.asm
                   _5jEnd   0x007362    program     static C:\MCC18\SRC\TRADIT~1\STDCLIB\memcpy.asm
        _D1KTCYXCODE_0010   0x007c88    program     static C:\MCC18\SRC\TRADIT~1\DELAYS\d1ktcyx.asm
        _D1KTCYXCODE_0016   0x007c8e    program     static C:\MCC18\SRC\TRADIT~1\DELAYS\d1ktcyx.asm
             _DHCPReceive   0x00493e    program     static C:\Work\MCHPTCPStack\MCHPTCPStack 3.60\Source\DHCP.c
                _DHCPSend   0x004d28    program     static C:\Work\MCHPTCPStack\MCHPTCPStack 3.60\Source\DHCP.c
           ___if_lbl00038   0x002428    program     static                          
           ___if_lbl00039   0x002434    program     static                          
           ___if_lbl00045   0x0024e2    program     static                          
           ___if_lbl00048   0x002548    program     static                          
       ___return_lbl00000   0x000004    program     static                          
       ___return_lbl00001   0x007cae    program     static                          
       ___return_lbl00001   0x00000c    program     static                          
       ___return_lbl00002   0x007c34    program     static                          
       ___return_lbl00037   0x002550    program     static                          
               __config_0   0x300001    program     static C:\Work\MCHPTCPStack\MCHPTCPStack 3.60\Source\MainDemo.c
               __config_1   0x300002    program     static C:\Work\MCHPTCPStack\MCHPTCPStack 3.60\Source\MainDemo.c
               __config_2   0x300003    program     static C:\Work\MCHPTCPStack\MCHPTCPStack 3.60\Source\MainDemo.c
               __config_3   0x300006    program     static C:\Work\MCHPTCPStack\MCHPTCPStack 3.60\Source\MainDemo.c
               __string_0   0x006cff    program     static C:\Work\MCHPTCPStack\MCHPTCPStack 3.60\Source\FTP.c
               __string_1   0x006cfa    program     static C:\Work\MCHPTCPStack\MCHPTCPStack 3.60\Source\FTP.c
              __string_10   0x006ca1    program     static C:\Work\MCHPTCPStack\MCHPTCPStack 3.60\Source\FTP.c
              __string_10   0x006e1e    program     static C:\Work\MCHPTCPStack\MCHPTCPStack 3.60\Source\MainDemo.c
              __string_11   0x006c8b    program     static C:\Work\MCHPTCPStack\MCHPTCPStack 3.60\Source\FTP.c
              __string_11   0x006e02    program     static C:\Work\MCHPTCPStack\MCHPTCPStack 3.60\Source\MainDemo.c
              __string_12   0x006dea    program     static C:\Work\MCHPTCPStack\MCHPTCPStack 3.60\Source\MainDemo.c
              __string_12   0x006c76    program     static C:\Work\MCHPTCPStack\MCHPTCPStack 3.60\Source\FTP.c
              __string_13   0x006dca    program     static C:\Work\MCHPTCPStack\MCHPTCPStack 3.60\Source\MainDemo.c
              __string_13   0x006c5b    program     static C:\Work\MCHPTCPStack\MCHPTCPStack 3.60\Source\FTP.c
              __string_14   0x006da9    program     static C:\Work\MCHPTCPStack\MCHPTCPStack 3.60\Source\MainDemo.c
              __string_14   0x006d2b    program     static C:\Work\MCHPTCPStack\MCHPTCPStack 3.60\Source\HTTP.c
              __string_14   0x006c4f    program     static C:\Work\MCHPTCPStack\MCHPTCPStack 3.60\Source\FTP.c
              __string_15   0x006d71    program     static C:\Work\MCHPTCPStack\MCHPTCPStack 3.60\Source\MainDemo.c
              __string_15   0x006d04    program     static C:\Work\MCHPTCPStack\MCHPTCPStack 3.60\Source\HTTP.c
              __string_15   0x006c35    program     static C:\Work\MCHPTCPStack\MCHPTCPStack 3.60\Source\FTP.c
              __string_16   0x006d52    program     static C:\Work\MCHPTCPStack\MCHPTCPStack 3.60\Source\MainDemo.c
              __string_16   0x006c2c    program     static C:\Work\MCHPTCPStack\MCHPTCPStack 3.60\Source\FTP.c
               __string_2   0x006cf5    program     static C:\Work\MCHPTCPStack\MCHPTCPStack 3.60\Source\FTP.c
               __string_3   0x006cf0    program     static C:\Work\MCHPTCPStack\MCHPTCPStack 3.60\Source\FTP.c
               __string_4   0x006ceb    program     static C:\Work\MCHPTCPStack\MCHPTCPStack 3.60\Source\FTP.c
               __string_4   0x006e53    program     static C:\Work\MCHPTCPStack\MCHPTCPStack 3.60\Source\MainDemo.c
               __string_5   0x006ce6    program     static C:\Work\MCHPTCPStack\MCHPTCPStack 3.60\Source\FTP.c
               __string_5   0x006e47    program     static C:\Work\MCHPTCPStack\MCHPTCPStack 3.60\Source\MainDemo.c
               __string_6   0x006cda    program     static C:\Work\MCHPTCPStack\MCHPTCPStack 3.60\Source\FTP.c
               __string_7   0x006cc2    program     static C:\Work\MCHPTCPStack\MCHPTCPStack 3.60\Source\FTP.c
               __string_8   0x006cb2    program     static C:\Work\MCHPTCPStack\MCHPTCPStack 3.60\Source\FTP.c
               __string_9   0x006ca8    program     static C:\Work\MCHPTCPStack\MCHPTCPStack 3.60\Source\FTP.c
               __string_9   0x006e35    program     static C:\Work\MCHPTCPStack\MCHPTCPStack 3.60\Source\MainDemo.c
              __tmplbl_10   0x00253c    program     static                          
              __tmplbl_11   0x00252e    program     static                          
              __tmplbl_12   0x002534    program     static                          
               __tmplbl_3   0x0024e0    program     static                          
               __tmplbl_4   0x0024d6    program     static                          
               __tmplbl_5   0x0024c8    program     static                          
               __tmplbl_6   0x0024be    program     static                          
               __tmplbl_7   0x0024b4    program     static                          
               __tmplbl_8   0x0024aa    program     static                          
               __tmplbl_9   0x0024a8    program     static                          
                _do_cinit   0x007b98    program     extern C:\MCC18\src\traditional\startup\c018i.c
                   _entry   0x000000    program     extern C:\MCC18\src\traditional\startup\c018i.c
                 _startup   0x007c98    program     extern C:\MCC18\src\traditional\startup\c018i.c
                     atoi   0x006e5a    program     extern C:\MCC18\SRC\TRADIT~1\STDCLIB\atoi.asm
             btohexa_high   0x0065b0    program     extern C:\Work\MCHPTCPStack\MCHPTCPStack 3.60\Source\Helpers.c
              btohexa_low   0x0065cc    program     extern C:\Work\MCHPTCPStack\MCHPTCPStack 3.60\Source\Helpers.c
                copy_loop   0x007c0a    program     static                          
            copy_one_byte   0x007c10    program     static                          
                     done   0x007c34    program     static                          
             done_copying   0x007c1e    program     static                          
                getsUSART   0x007b0c    program     extern C:\Work\MCHPTCPStack\MCHPTCPStack 3.60\Source\UART.c
                  hexatob   0x006576    program     extern C:\Work\MCHPTCPStack\MCHPTCPStack 3.60\Source\Helpers.c
             httpContents   0x007860    program     static C:\Work\MCHPTCPStack\MCHPTCPStack 3.60\Source\HTTP.c
                httpFiles   0x007840    program     static C:\Work\MCHPTCPStack\MCHPTCPStack 3.60\Source\HTTP.c
                   itoBCD   0x007024    program     extern C:\MCC18\SRC\TRADIT~1\STDCLIB\itobcd.asm
                     itoa   0x006f44    program     extern C:\MCC18\SRC\TRADIT~1\STDCLIB\itoa.asm
                     jDo1   0x006fca    program     static C:\MCC18\SRC\TRADIT~1\STDCLIB\itoa.asm
                     jDo2   0x006fc6    program     static C:\MCC18\SRC\TRADIT~1\STDCLIB\itoa.asm
                     jDo3   0x006fc2    program     static C:\MCC18\SRC\TRADIT~1\STDCLIB\itoa.asm
                     jDo4   0x006fbe    program     static C:\MCC18\SRC\TRADIT~1\STDCLIB\itoa.asm
                     jDo5   0x006fba    program     static C:\MCC18\SRC\TRADIT~1\STDCLIB\itoa.asm
                     jEnd   0x007062    program     static C:\MCC18\SRC\TRADIT~1\STDCLIB\itobcd.asm
                     jEnd   0x0072d0    program     static C:\MCC18\SRC\TRADIT~1\STDCLIB\memcmp.asm
                     jEnd   0x007322    program     static C:\MCC18\SRC\TRADIT~1\STDCLIB\mcmpp2r.asm
                     jEnd   0x007368    program     static C:\MCC18\SRC\TRADIT~1\STDCLIB\memcpy.asm
                     jEnd   0x0073be    program     static C:\MCC18\SRC\TRADIT~1\STDCLIB\mcpyp2r.asm
                     jEnd   0x0073f0    program     static C:\MCC18\SRC\TRADIT~1\STDCLIB\scpyp2r.asm
                     jEnd   0x00740c    program     static C:\MCC18\SRC\TRADIT~1\STDCLIB\strlen.asm
                     jEnd   0x007458    program     static C:\MCC18\SRC\TRADIT~1\STDCLIB\strncpy.asm
                     jEnd   0x007492    program     static C:\MCC18\SRC\TRADIT~1\STDCLIB\strupr.asm
                     jEnd   0x006f18    program     static C:\MCC18\SRC\TRADIT~1\STDCLIB\atoi.asm
                 jEndLoop   0x006f00    program     static C:\MCC18\SRC\TRADIT~1\STDCLIB\atoi.asm
                    jLoop   0x00747e    program     static C:\MCC18\SRC\TRADIT~1\STDCLIB\strupr.asm
                    jLoop   0x007436    program     static C:\MCC18\SRC\TRADIT~1\STDCLIB\strncpy.asm
                    jLoop   0x007402    program     static C:\MCC18\SRC\TRADIT~1\STDCLIB\strlen.asm
                    jLoop   0x0073e6    program     static C:\MCC18\SRC\TRADIT~1\STDCLIB\scpyp2r.asm
                    jLoop   0x0073a0    program     static C:\MCC18\SRC\TRADIT~1\STDCLIB\mcpyp2r.asm
                    jLoop   0x00734c    program     static C:\MCC18\SRC\TRADIT~1\STDCLIB\memcpy.asm
                    jLoop   0x006eb2    program     static C:\MCC18\SRC\TRADIT~1\STDCLIB\atoi.asm
                    jLoop   0x00703c    program     static C:\MCC18\SRC\TRADIT~1\STDCLIB\itobcd.asm
                    jLoop   0x0072b4    program     static C:\MCC18\SRC\TRADIT~1\STDCLIB\memcmp.asm
                    jLoop   0x007304    program     static C:\MCC18\SRC\TRADIT~1\STDCLIB\mcmpp2r.asm
                    jSkip   0x00748e    program     static C:\MCC18\SRC\TRADIT~1\STDCLIB\strupr.asm
                  jSkipWS   0x006e88    program     static C:\MCC18\SRC\TRADIT~1\STDCLIB\atoi.asm
                 jSkipWS1   0x006e9a    program     static C:\MCC18\SRC\TRADIT~1\STDCLIB\atoi.asm
                jTstLowZ1   0x00700e    program     static C:\MCC18\SRC\TRADIT~1\STDCLIB\itoa.asm
                 jTstSign   0x006e9e    program     static C:\MCC18\SRC\TRADIT~1\STDCLIB\atoi.asm
                jTstSign1   0x006f70    program     static C:\MCC18\SRC\TRADIT~1\STDCLIB\itoa.asm
                jTstSign1   0x006eaa    program     static C:\MCC18\SRC\TRADIT~1\STDCLIB\atoi.asm
                jTstSign2   0x006eb0    program     static C:\MCC18\SRC\TRADIT~1\STDCLIB\atoi.asm
                jTstSign3   0x006eb2    program     static C:\MCC18\SRC\TRADIT~1\STDCLIB\atoi.asm
                     loop   0x007ca8    program     static                          
                     main   0x003132    program     extern C:\Work\MCHPTCPStack\MCHPTCPStack 3.60\Source\MainDemo.c
                   memcmp   0x007294    program     extern C:\MCC18\SRC\TRADIT~1\STDCLIB\memcmp.asm
            memcmppgm2ram   0x0072e6    program     extern C:\MCC18\SRC\TRADIT~1\STDCLIB\mcmpp2r.asm
                   memcpy   0x007324    program     extern C:\MCC18\SRC\TRADIT~1\STDCLIB\memcpy.asm
            memcpypgm2ram   0x00737a    program     extern C:\MCC18\SRC\TRADIT~1\STDCLIB\mcpyp2r.asm
                     menu   0x0074d5    program     extern C:\Work\MCHPTCPStack\MCHPTCPStack 3.60\Source\MainDemo.c
               putrsUSART   0x007b6a    program     extern C:\Work\MCHPTCPStack\MCHPTCPStack 3.60\Source\UART.c
                putsUSART   0x007b40    program     extern C:\Work\MCHPTCPStack\MCHPTCPStack 3.60\Source\UART.c
            strcpypgm2ram   0x0073c0    program     extern C:\MCC18\SRC\TRADIT~1\STDCLIB\scpyp2r.asm
                   strlen   0x0073f2    program     extern C:\MCC18\SRC\TRADIT~1\STDCLIB\strlen.asm
                  strncpy   0x00740e    program     extern C:\MCC18\SRC\TRADIT~1\STDCLIB\strncpy.asm
                   strupr   0x00746a    program     extern C:\MCC18\SRC\TRADIT~1\STDCLIB\strupr.asm
                    swapl   0x0065f0    program     extern C:\Work\MCHPTCPStack\MCHPTCPStack 3.60\Source\Helpers.c
                    swaps   0x0065e6    program     extern C:\Work\MCHPTCPStack\MCHPTCPStack 3.60\Source\Helpers.c
                     test   0x007bb2    program     static                          
                   ADCON0   0x000fc2       data     extern C:\MCC18\SRC\TRADIT~1\PROC\p18f8722.asm
               ADCON0bits   0x000fc2       data     extern C:\MCC18\SRC\TRADIT~1\PROC\p18f8722.asm
                   ADCON1   0x000fc1       data     extern C:\MCC18\SRC\TRADIT~1\PROC\p18f8722.asm
               ADCON1bits   0x000fc1       data     extern C:\MCC18\SRC\TRADIT~1\PROC\p18f8722.asm
                   ADCON2   0x000fc0       data     extern C:\MCC18\SRC\TRADIT~1\PROC\p18f8722.asm
               ADCON2bits   0x000fc0       data     extern C:\MCC18\SRC\TRADIT~1\PROC\p18f8722.asm
                    ADRES   0x000fc3       data     extern C:\MCC18\SRC\TRADIT~1\PROC\p18f8722.asm
                   ADRESH   0x000fc4       data     extern C:\MCC18\SRC\TRADIT~1\PROC\p18f8722.asm
                   ADRESL   0x000fc3       data     extern C:\MCC18\SRC\TRADIT~1\PROC\p18f8722.asm
                AN0String   0x0001a3       data     static C:\Work\MCHPTCPStack\MCHPTCPStack 3.60\Source\MainDemo.c
                  Address   0x000f4f       data     static C:\Work\MCHPTCPStack\MCHPTCPStack 3.60\Source\ENC28J60.c
                  Address   0x000f50       data     static C:\Work\MCHPTCPStack\MCHPTCPStack 3.60\Source\ENC28J60.c
                  Address   0x000f52       data     static C:\Work\MCHPTCPStack\MCHPTCPStack 3.60\Source\ENC28J60.c
                  Address   0x000f56       data     static C:\Work\MCHPTCPStack\MCHPTCPStack 3.60\Source\ENC28J60.c
                  Address   0x000f54       data     static C:\Work\MCHPTCPStack\MCHPTCPStack 3.60\Source\ENC28J60.c
                AppConfig   0x00016f       data     extern C:\Work\MCHPTCPStack\MCHPTCPStack 3.60\Source\MainDemo.c
               AsciiChars   0x000285       data     static C:\Work\MCHPTCPStack\MCHPTCPStack 3.60\Source\Helpers.c
                  BAUDCON   0x000f7e       data     extern C:\MCC18\SRC\TRADIT~1\PROC\p18f8722.asm
                 BAUDCON1   0x000f7e       data     extern C:\MCC18\SRC\TRADIT~1\PROC\p18f8722.asm
             BAUDCON1bits   0x000f7e       data     extern C:\MCC18\SRC\TRADIT~1\PROC\p18f8722.asm
                 BAUDCON2   0x000f7c       data     extern C:\MCC18\SRC\TRADIT~1\PROC\p18f8722.asm
             BAUDCON2bits   0x000f7c       data     extern C:\MCC18\SRC\TRADIT~1\PROC\p18f8722.asm
              BAUDCONbits   0x000f7e       data     extern C:\MCC18\SRC\TRADIT~1\PROC\p18f8722.asm
                      BSR   0x000fe0       data     extern C:\MCC18\SRC\TRADIT~1\PROC\p18f8722.asm
                BufferLen   0x000284       data     static C:\Work\MCHPTCPStack\MCHPTCPStack 3.60\Source\Helpers.c
             BytesToWrite   0x000caa       data     static C:\Work\MCHPTCPStack\MCHPTCPStack 3.60\Source\SPIEEPROM.c
                  CCP1CON   0x000fbd       data     extern C:\MCC18\SRC\TRADIT~1\PROC\p18f8722.asm
              CCP1CONbits   0x000fbd       data     extern C:\MCC18\SRC\TRADIT~1\PROC\p18f8722.asm
                  CCP2CON   0x000fba       data     extern C:\MCC18\SRC\TRADIT~1\PROC\p18f8722.asm
              CCP2CONbits   0x000fba       data     extern C:\MCC18\SRC\TRADIT~1\PROC\p18f8722.asm
                  CCP3CON   0x000fb7       data     extern C:\MCC18\SRC\TRADIT~1\PROC\p18f8722.asm
              CCP3CONbits   0x000fb7       data     extern C:\MCC18\SRC\TRADIT~1\PROC\p18f8722.asm
                  CCP4CON   0x000f73       data     extern C:\MCC18\SRC\TRADIT~1\PROC\p18f8722.asm
              CCP4CONbits   0x000f73       data     extern C:\MCC18\SRC\TRADIT~1\PROC\p18f8722.asm
                  CCP5CON   0x000f70       data     extern C:\MCC18\SRC\TRADIT~1\PROC\p18f8722.asm
              CCP5CONbits   0x000f70       data     extern C:\MCC18\SRC\TRADIT~1\PROC\p18f8722.asm
                    CCPR1   0x000fbe       data     extern C:\MCC18\SRC\TRADIT~1\PROC\p18f8722.asm
                   CCPR1H   0x000fbf       data     extern C:\MCC18\SRC\TRADIT~1\PROC\p18f8722.asm
                   CCPR1L   0x000fbe       data     extern C:\MCC18\SRC\TRADIT~1\PROC\p18f8722.asm
                    CCPR2   0x000fbb       data     extern C:\MCC18\SRC\TRADIT~1\PROC\p18f8722.asm
                   CCPR2H   0x000fbc       data     extern C:\MCC18\SRC\TRADIT~1\PROC\p18f8722.asm
                   CCPR2L   0x000fbb       data     extern C:\MCC18\SRC\TRADIT~1\PROC\p18f8722.asm
                    CCPR3   0x000fb8       data     extern C:\MCC18\SRC\TRADIT~1\PROC\p18f8722.asm
                   CCPR3H   0x000fb9       data     extern C:\MCC18\SRC\TRADIT~1\PROC\p18f8722.asm
                   CCPR3L   0x000fb8       data     extern C:\MCC18\SRC\TRADIT~1\PROC\p18f8722.asm
                    CCPR4   0x000f74       data     extern C:\MCC18\SRC\TRADIT~1\PROC\p18f8722.asm
                   CCPR4H   0x000f75       data     extern C:\MCC18\SRC\TRADIT~1\PROC\p18f8722.asm
                   CCPR4L   0x000f74       data     extern C:\MCC18\SRC\TRADIT~1\PROC\p18f8722.asm
                    CCPR5   0x000f71       data     extern C:\MCC18\SRC\TRADIT~1\PROC\p18f8722.asm
                   CCPR5H   0x000f72       data     extern C:\MCC18\SRC\TRADIT~1\PROC\p18f8722.asm
                   CCPR5L   0x000f71       data     extern C:\MCC18\SRC\TRADIT~1\PROC\p18f8722.asm
                    CMCON   0x000fb4       data     extern C:\MCC18\SRC\TRADIT~1\PROC\p18f8722.asm
                CMCONbits   0x000fb4       data     extern C:\MCC18\SRC\TRADIT~1\PROC\p18f8722.asm
                   CVRCON   0x000fb5       data     extern C:\MCC18\SRC\TRADIT~1\PROC\p18f8722.asm
               CVRCONbits   0x000fb5       data     extern C:\MCC18\SRC\TRADIT~1\PROC\p18f8722.asm
                    Cache   0x000294       data     static C:\Work\MCHPTCPStack\MCHPTCPStack 3.60\Source\ARPTsk.c
             CalcChecksum   0x000c00       data     static C:\Work\MCHPTCPStack\MCHPTCPStack 3.60\Source\IP.c
             CalcChecksum   0x000c28       data     static C:\Work\MCHPTCPStack\MCHPTCPStack 3.60\Source\ICMP.c
    CurrentPacketLocation   0x000f27       data     extern C:\Work\MCHPTCPStack\MCHPTCPStack 3.60\Source\ENC28J60.c
          CurrentTxBuffer   0x000f23       data     extern C:\Work\MCHPTCPStack\MCHPTCPStack 3.60\Source\ENC28J60.c
                     DDRA   0x000f92       data     extern C:\MCC18\SRC\TRADIT~1\PROC\p18f8722.asm
                 DDRAbits   0x000f92       data     extern C:\MCC18\SRC\TRADIT~1\PROC\p18f8722.asm
                     DDRB   0x000f93       data     extern C:\MCC18\SRC\TRADIT~1\PROC\p18f8722.asm
                 DDRBbits   0x000f93       data     extern C:\MCC18\SRC\TRADIT~1\PROC\p18f8722.asm
                     DDRC   0x000f94       data     extern C:\MCC18\SRC\TRADIT~1\PROC\p18f8722.asm
                 DDRCbits   0x000f94       data     extern C:\MCC18\SRC\TRADIT~1\PROC\p18f8722.asm
                     DDRD   0x000f95       data     extern C:\MCC18\SRC\TRADIT~1\PROC\p18f8722.asm
                 DDRDbits   0x000f95       data     extern C:\MCC18\SRC\TRADIT~1\PROC\p18f8722.asm
                     DDRE   0x000f96       data     extern C:\MCC18\SRC\TRADIT~1\PROC\p18f8722.asm
                 DDREbits   0x000f96       data     extern C:\MCC18\SRC\TRADIT~1\PROC\p18f8722.asm
                     DDRF   0x000f97       data     extern C:\MCC18\SRC\TRADIT~1\PROC\p18f8722.asm
                 DDRFbits   0x000f97       data     extern C:\MCC18\SRC\TRADIT~1\PROC\p18f8722.asm
                     DDRG   0x000f98       data     extern C:\MCC18\SRC\TRADIT~1\PROC\p18f8722.asm
                 DDRGbits   0x000f98       data     extern C:\MCC18\SRC\TRADIT~1\PROC\p18f8722.asm
                     DDRH   0x000f99       data     extern C:\MCC18\SRC\TRADIT~1\PROC\p18f8722.asm
                 DDRHbits   0x000f99       data     extern C:\MCC18\SRC\TRADIT~1\PROC\p18f8722.asm
                     DDRJ   0x000f9a       data     extern C:\MCC18\SRC\TRADIT~1\PROC\p18f8722.asm
                 DDRJbits   0x000f9a       data     extern C:\MCC18\SRC\TRADIT~1\PROC\p18f8722.asm
            DHCPBindCount   0x0001fc       data     extern C:\Work\MCHPTCPStack\MCHPTCPStack 3.60\Source\DHCP.c
            DHCPLeaseTime   0x000245       data     static C:\Work\MCHPTCPStack\MCHPTCPStack 3.60\Source\DHCP.c
      DHCPRecvReturnValue   0x000c0a       data     static C:\Work\MCHPTCPStack\MCHPTCPStack 3.60\Source\DHCP.c
             DHCPServerID   0x000241       data     static C:\Work\MCHPTCPStack\MCHPTCPStack 3.60\Source\DHCP.c
           DHCPServerNode   0x000c00       data     static C:\Work\MCHPTCPStack\MCHPTCPStack 3.60\Source\DHCP.c
               DHCPSocket   0x0001fa       data     static C:\Work\MCHPTCPStack\MCHPTCPStack 3.60\Source\DHCP.c
                DHCPState   0x0001fb       data     extern C:\Work\MCHPTCPStack\MCHPTCPStack 3.60\Source\DHCP.c
                     Data   0x000f53       data     static C:\Work\MCHPTCPStack\MCHPTCPStack 3.60\Source\ENC28J60.c
                     Data   0x000f55       data     static C:\Work\MCHPTCPStack\MCHPTCPStack 3.60\Source\ENC28J60.c
                     Data   0x000f57       data     static C:\Work\MCHPTCPStack\MCHPTCPStack 3.60\Source\ENC28J60.c
                     Data   0x000f59       data     static C:\Work\MCHPTCPStack\MCHPTCPStack 3.60\Source\ENC28J60.c
            DelayCounter1   0x00001b       data     extern C:\MCC18\SRC\TRADIT~1\DELAYS\delayd1.asm
                     Dest   0x000282       data     static C:\Work\MCHPTCPStack\MCHPTCPStack 3.60\Source\Helpers.c
                    Dummy   0x000c97       data     static C:\Work\MCHPTCPStack\MCHPTCPStack 3.60\Source\SPIEEPROM.c
                    Dummy   0x000cc5       data     static C:\Work\MCHPTCPStack\MCHPTCPStack 3.60\Source\ENC28J60.c
                    Dummy   0x000cc5       data     static C:\Work\MCHPTCPStack\MCHPTCPStack 3.60\Source\ENC28J60.c
                    Dummy   0x000cb9       data     static C:\Work\MCHPTCPStack\MCHPTCPStack 3.60\Source\ENC28J60.c
                    Dummy   0x000cc3       data     static C:\Work\MCHPTCPStack\MCHPTCPStack 3.60\Source\ENC28J60.c
                    Dummy   0x000ca9       data     static C:\Work\MCHPTCPStack\MCHPTCPStack 3.60\Source\SPIEEPROM.c
                    Dummy   0x000cc3       data     static C:\Work\MCHPTCPStack\MCHPTCPStack 3.60\Source\ENC28J60.c
                    Dummy   0x000c00       data     static C:\Work\MCHPTCPStack\MCHPTCPStack 3.60\Source\ENC28J60.c
                    Dummy   0x000cc5       data     static C:\Work\MCHPTCPStack\MCHPTCPStack 3.60\Source\ENC28J60.c
              DuplexState   0x000f5d       data     static C:\Work\MCHPTCPStack\MCHPTCPStack 3.60\Source\ENC28J60.c
                  ECCP1AS   0x000fb6       data     extern C:\MCC18\SRC\TRADIT~1\PROC\p18f8722.asm
              ECCP1ASbits   0x000fb6       data     extern C:\MCC18\SRC\TRADIT~1\PROC\p18f8722.asm
                 ECCP1CON   0x000fbd       data     extern C:\MCC18\SRC\TRADIT~1\PROC\p18f8722.asm
             ECCP1CONbits   0x000fbd       data     extern C:\MCC18\SRC\TRADIT~1\PROC\p18f8722.asm
                 ECCP1DEL   0x000f79       data     extern C:\MCC18\SRC\TRADIT~1\PROC\p18f8722.asm
             ECCP1DELbits   0x000f79       data     extern C:\MCC18\SRC\TRADIT~1\PROC\p18f8722.asm
                  ECCP2AS   0x000f68       data     extern C:\MCC18\SRC\TRADIT~1\PROC\p18f8722.asm
              ECCP2ASbits   0x000f68       data     extern C:\MCC18\SRC\TRADIT~1\PROC\p18f8722.asm
                 ECCP2CON   0x000fba       data     extern C:\MCC18\SRC\TRADIT~1\PROC\p18f8722.asm
             ECCP2CONbits   0x000fba       data     extern C:\MCC18\SRC\TRADIT~1\PROC\p18f8722.asm
                 ECCP2DEL   0x000f67       data     extern C:\MCC18\SRC\TRADIT~1\PROC\p18f8722.asm
             ECCP2DELbits   0x000f67       data     extern C:\MCC18\SRC\TRADIT~1\PROC\p18f8722.asm
                  ECCP3AS   0x000f6a       data     extern C:\MCC18\SRC\TRADIT~1\PROC\p18f8722.asm
              ECCP3ASbits   0x000f6a       data     extern C:\MCC18\SRC\TRADIT~1\PROC\p18f8722.asm
                 ECCP3CON   0x000fb7       data     extern C:\MCC18\SRC\TRADIT~1\PROC\p18f8722.asm
             ECCP3CONbits   0x000fb7       data     extern C:\MCC18\SRC\TRADIT~1\PROC\p18f8722.asm
                 ECCP3DEL   0x000f69       data     extern C:\MCC18\SRC\TRADIT~1\PROC\p18f8722.asm
             ECCP3DELbits   0x000f69       data     extern C:\MCC18\SRC\TRADIT~1\PROC\p18f8722.asm
                    EEADR   0x000fa9       data     extern C:\MCC18\SRC\TRADIT~1\PROC\p18f8722.asm
                   EEADRH   0x000faa       data     extern C:\MCC18\SRC\TRADIT~1\PROC\p18f8722.asm
                   EECON1   0x000fa6       data     extern C:\MCC18\SRC\TRADIT~1\PROC\p18f8722.asm
               EECON1bits   0x000fa6       data     extern C:\MCC18\SRC\TRADIT~1\PROC\p18f8722.asm
                   EECON2   0x000fa7       data     extern C:\MCC18\SRC\TRADIT~1\PROC\p18f8722.asm
                   EEDATA   0x000fa8       data     extern C:\MCC18\SRC\TRADIT~1\PROC\p18f8722.asm
            EEPROMAddress   0x000222       data     extern C:\Work\MCHPTCPStack\MCHPTCPStack 3.60\Source\SPIEEPROM.c
             EEPROMBuffer   0x000224       data     extern C:\Work\MCHPTCPStack\MCHPTCPStack 3.60\Source\SPIEEPROM.c
          EEPROMBufferPtr   0x000230       data     extern C:\Work\MCHPTCPStack\MCHPTCPStack 3.60\Source\SPIEEPROM.c
                 ENCRevID   0x000f2a       data     extern C:\Work\MCHPTCPStack\MCHPTCPStack 3.60\Source\ENC28J60.c
                      FAT   0x000c94       data     static C:\Work\MCHPTCPStack\MCHPTCPStack 3.60\Source\MPFS.c
                     FSR0   0x000fe9       data     extern C:\MCC18\SRC\TRADIT~1\PROC\p18f8722.asm
                    FSR0H   0x000fea       data     extern C:\MCC18\SRC\TRADIT~1\PROC\p18f8722.asm
                    FSR0L   0x000fe9       data     extern C:\MCC18\SRC\TRADIT~1\PROC\p18f8722.asm
                     FSR1   0x000fe1       data     extern C:\MCC18\SRC\TRADIT~1\PROC\p18f8722.asm
                    FSR1H   0x000fe2       data     extern C:\MCC18\SRC\TRADIT~1\PROC\p18f8722.asm
                    FSR1L   0x000fe1       data     extern C:\MCC18\SRC\TRADIT~1\PROC\p18f8722.asm
                     FSR2   0x000fd9       data     extern C:\MCC18\SRC\TRADIT~1\PROC\p18f8722.asm
                    FSR2H   0x000fda       data     extern C:\MCC18\SRC\TRADIT~1\PROC\p18f8722.asm
                    FSR2L   0x000fd9       data     extern C:\MCC18\SRC\TRADIT~1\PROC\p18f8722.asm
               FTPCommand   0x000067       data     static C:\Work\MCHPTCPStack\MCHPTCPStack 3.60\Source\FTP.c
         FTPCommandString   0x000200       data     extern C:\Work\MCHPTCPStack\MCHPTCPStack 3.60\Source\FTP.c
              FTPDataPort   0x000063       data     static C:\Work\MCHPTCPStack\MCHPTCPStack 3.60\Source\FTP.c
            FTPDataSocket   0x000062       data     static C:\Work\MCHPTCPStack\MCHPTCPStack 3.60\Source\FTP.c
            FTPFileHandle   0x0000a8       data     static C:\Work\MCHPTCPStack\MCHPTCPStack 3.60\Source\FTP.c
                 FTPFlags   0x000060       data     static C:\Work\MCHPTCPStack\MCHPTCPStack 3.60\Source\FTP.c
              FTPResponse   0x000068       data     static C:\Work\MCHPTCPStack\MCHPTCPStack 3.60\Source\FTP.c
        FTPResponseString   0x00020c       data     extern C:\Work\MCHPTCPStack\MCHPTCPStack 3.60\Source\FTP.c
                FTPSocket   0x000061       data     static C:\Work\MCHPTCPStack\MCHPTCPStack 3.60\Source\FTP.c
                FTPString   0x000073       data     static C:\Work\MCHPTCPStack\MCHPTCPStack 3.60\Source\FTP.c
             FTPStringLen   0x000094       data     static C:\Work\MCHPTCPStack\MCHPTCPStack 3.60\Source\FTP.c
                  FTPUser   0x000069       data     static C:\Work\MCHPTCPStack\MCHPTCPStack 3.60\Source\FTP.c
                 FTP_argc   0x0000a3       data     static C:\Work\MCHPTCPStack\MCHPTCPStack 3.60\Source\FTP.c
                 FTP_argv   0x000095       data     static C:\Work\MCHPTCPStack\MCHPTCPStack 3.60\Source\FTP.c
                      HCB   0x0001d0       data     static C:\Work\MCHPTCPStack\MCHPTCPStack 3.60\Source\HTTP.c
                  HLVDCON   0x000fd2       data     extern C:\MCC18\SRC\TRADIT~1\PROC\p18f8722.asm
              HLVDCONbits   0x000fd2       data     extern C:\MCC18\SRC\TRADIT~1\PROC\p18f8722.asm
             HTTPMessages   0x0000fb       data     static C:\Work\MCHPTCPStack\MCHPTCPStack 3.60\Source\HTTP.c
                HexNumber   0x000cc1       data     static C:\Work\MCHPTCPStack\MCHPTCPStack 3.60\Source\HTTP.c
             HighPriority   0x000f2b       data     static C:\Work\MCHPTCPStack\MCHPTCPStack 3.60\Source\ENC28J60.c
             HighPriority   0x000f2c       data     static C:\Work\MCHPTCPStack\MCHPTCPStack 3.60\Source\ENC28J60.c
                   ICMPId   0x00016b       data     static C:\Work\MCHPTCPStack\MCHPTCPStack 3.60\Source\StackTsk.c
                  ICMPLen   0x000c28       data     static C:\Work\MCHPTCPStack\MCHPTCPStack 3.60\Source\ICMP.c
                  ICMPSeq   0x00016d       data     static C:\Work\MCHPTCPStack\MCHPTCPStack 3.60\Source\StackTsk.c
                    INDF0   0x000fef       data     extern C:\MCC18\SRC\TRADIT~1\PROC\p18f8722.asm
                    INDF1   0x000fe7       data     extern C:\MCC18\SRC\TRADIT~1\PROC\p18f8722.asm
                    INDF2   0x000fdf       data     extern C:\MCC18\SRC\TRADIT~1\PROC\p18f8722.asm
                   INTCON   0x000ff2       data     extern C:\MCC18\SRC\TRADIT~1\PROC\p18f8722.asm
                  INTCON2   0x000ff1       data     extern C:\MCC18\SRC\TRADIT~1\PROC\p18f8722.asm
              INTCON2bits   0x000ff1       data     extern C:\MCC18\SRC\TRADIT~1\PROC\p18f8722.asm
                  INTCON3   0x000ff0       data     extern C:\MCC18\SRC\TRADIT~1\PROC\p18f8722.asm
              INTCON3bits   0x000ff0       data     extern C:\MCC18\SRC\TRADIT~1\PROC\p18f8722.asm
               INTCONbits   0x000ff2       data     extern C:\MCC18\SRC\TRADIT~1\PROC\p18f8722.asm
                   IPAddr   0x00029e       data     static C:\Work\MCHPTCPStack\MCHPTCPStack 3.60\Source\ARPTsk.c
                   IPAddr   0x0002a0       data     static C:\Work\MCHPTCPStack\MCHPTCPStack 3.60\Source\ARPTsk.c
                  IPDigit   0x000c00       data     static C:\Work\MCHPTCPStack\MCHPTCPStack 3.60\Source\MainDemo.c
              IPHeaderLen   0x000270       data     static C:\Work\MCHPTCPStack\MCHPTCPStack 3.60\Source\IP.c
                     IPR1   0x000f9f       data     extern C:\MCC18\SRC\TRADIT~1\PROC\p18f8722.asm
                 IPR1bits   0x000f9f       data     extern C:\MCC18\SRC\TRADIT~1\PROC\p18f8722.asm
                     IPR2   0x000fa2       data     extern C:\MCC18\SRC\TRADIT~1\PROC\p18f8722.asm
                 IPR2bits   0x000fa2       data     extern C:\MCC18\SRC\TRADIT~1\PROC\p18f8722.asm
                     IPR3   0x000fa5       data     extern C:\MCC18\SRC\TRADIT~1\PROC\p18f8722.asm
                 IPR3bits   0x000fa5       data     extern C:\MCC18\SRC\TRADIT~1\PROC\p18f8722.asm
                    IPVal   0x0001a1       data     static C:\Work\MCHPTCPStack\MCHPTCPStack 3.60\Source\MainDemo.c
                     LATA   0x000f89       data     extern C:\MCC18\SRC\TRADIT~1\PROC\p18f8722.asm
                 LATAbits   0x000f89       data     extern C:\MCC18\SRC\TRADIT~1\PROC\p18f8722.asm
                     LATB   0x000f8a       data     extern C:\MCC18\SRC\TRADIT~1\PROC\p18f8722.asm
                 LATBbits   0x000f8a       data     extern C:\MCC18\SRC\TRADIT~1\PROC\p18f8722.asm
                     LATC   0x000f8b       data     extern C:\MCC18\SRC\TRADIT~1\PROC\p18f8722.asm
                 LATCbits   0x000f8b       data     extern C:\MCC18\SRC\TRADIT~1\PROC\p18f8722.asm
                     LATD   0x000f8c       data     extern C:\MCC18\SRC\TRADIT~1\PROC\p18f8722.asm
                 LATDbits   0x000f8c       data     extern C:\MCC18\SRC\TRADIT~1\PROC\p18f8722.asm
                     LATE   0x000f8d       data     extern C:\MCC18\SRC\TRADIT~1\PROC\p18f8722.asm
                 LATEbits   0x000f8d       data     extern C:\MCC18\SRC\TRADIT~1\PROC\p18f8722.asm
                     LATF   0x000f8e       data     extern C:\MCC18\SRC\TRADIT~1\PROC\p18f8722.asm
                 LATFbits   0x000f8e       data     extern C:\MCC18\SRC\TRADIT~1\PROC\p18f8722.asm
                     LATG   0x000f8f       data     extern C:\MCC18\SRC\TRADIT~1\PROC\p18f8722.asm
                 LATGbits   0x000f8f       data     extern C:\MCC18\SRC\TRADIT~1\PROC\p18f8722.asm
                     LATH   0x000f90       data     extern C:\MCC18\SRC\TRADIT~1\PROC\p18f8722.asm
                 LATHbits   0x000f90       data     extern C:\MCC18\SRC\TRADIT~1\PROC\p18f8722.asm
                     LATJ   0x000f91       data     extern C:\MCC18\SRC\TRADIT~1\PROC\p18f8722.asm
                 LATJbits   0x000f91       data     extern C:\MCC18\SRC\TRADIT~1\PROC\p18f8722.asm
                   LVDCON   0x000fd2       data     extern C:\MCC18\SRC\TRADIT~1\PROC\p18f8722.asm
               LVDCONbits   0x000fd2       data     extern C:\MCC18\SRC\TRADIT~1\PROC\p18f8722.asm
           LastTXedBuffer   0x000f24       data     extern C:\Work\MCHPTCPStack\MCHPTCPStack 3.60\Source\ENC28J60.c
                  MACAddr   0x0002a2       data     static C:\Work\MCHPTCPStack\MCHPTCPStack 3.60\Source\ARPTsk.c
                   MEMCON   0x000f9c       data     extern C:\MCC18\SRC\TRADIT~1\PROC\p18f8722.asm
               MEMCONbits   0x000f9c       data     extern C:\MCC18\SRC\TRADIT~1\PROC\p18f8722.asm
                 MySocket   0x000c00       data     static C:\Work\MCHPTCPStack\MCHPTCPStack 3.60\Source\Announce.c
               MyTxBuffer   0x000c1c       data     static C:\Work\MCHPTCPStack\MCHPTCPStack 3.60\Source\ARP.c
               MyTxBuffer   0x000c2a       data     static C:\Work\MCHPTCPStack\MCHPTCPStack 3.60\Source\ICMP.c
                NewConfig   0x000f5e       data     static C:\Work\MCHPTCPStack\MCHPTCPStack 3.60\Source\ENC28J60.c
          NewRXRDLocation   0x000c87       data     static C:\Work\MCHPTCPStack\MCHPTCPStack 3.60\Source\ENC28J60.c
       NextPacketLocation   0x000f25       data     extern C:\Work\MCHPTCPStack\MCHPTCPStack 3.60\Source\ENC28J60.c
                   OSCCON   0x000fd3       data     extern C:\MCC18\SRC\TRADIT~1\PROC\p18f8722.asm
               OSCCONbits   0x000fd3       data     extern C:\MCC18\SRC\TRADIT~1\PROC\p18f8722.asm
                  OSCTUNE   0x000f9b       data     extern C:\MCC18\SRC\TRADIT~1\PROC\p18f8722.asm
              OSCTUNEbits   0x000f9b       data     extern C:\MCC18\SRC\TRADIT~1\PROC\p18f8722.asm
                   Offset   0x00027e       data     static C:\Work\MCHPTCPStack\MCHPTCPStack 3.60\Source\IP.c
                       PC   0x000ff9       data     extern C:\MCC18\SRC\TRADIT~1\PROC\p18f8722.asm
                      PCL   0x000ff9       data     extern C:\MCC18\SRC\TRADIT~1\PROC\p18f8722.asm
                   PCLATH   0x000ffa       data     extern C:\MCC18\SRC\TRADIT~1\PROC\p18f8722.asm
                   PCLATU   0x000ffb       data     extern C:\MCC18\SRC\TRADIT~1\PROC\p18f8722.asm
                     PIE1   0x000f9d       data     extern C:\MCC18\SRC\TRADIT~1\PROC\p18f8722.asm
                 PIE1bits   0x000f9d       data     extern C:\MCC18\SRC\TRADIT~1\PROC\p18f8722.asm
                     PIE2   0x000fa0       data     extern C:\MCC18\SRC\TRADIT~1\PROC\p18f8722.asm
                 PIE2bits   0x000fa0       data     extern C:\MCC18\SRC\TRADIT~1\PROC\p18f8722.asm
                     PIE3   0x000fa3       data     extern C:\MCC18\SRC\TRADIT~1\PROC\p18f8722.asm
                 PIE3bits   0x000fa3       data     extern C:\MCC18\SRC\TRADIT~1\PROC\p18f8722.asm
                     PIR1   0x000f9e       data     extern C:\MCC18\SRC\TRADIT~1\PROC\p18f8722.asm
                 PIR1bits   0x000f9e       data     extern C:\MCC18\SRC\TRADIT~1\PROC\p18f8722.asm
                     PIR2   0x000fa1       data     extern C:\MCC18\SRC\TRADIT~1\PROC\p18f8722.asm
                 PIR2bits   0x000fa1       data     extern C:\MCC18\SRC\TRADIT~1\PROC\p18f8722.asm
                     PIR3   0x000fa4       data     extern C:\MCC18\SRC\TRADIT~1\PROC\p18f8722.asm
                 PIR3bits   0x000fa4       data     extern C:\MCC18\SRC\TRADIT~1\PROC\p18f8722.asm
                   PLUSW0   0x000feb       data     extern C:\MCC18\SRC\TRADIT~1\PROC\p18f8722.asm
                   PLUSW1   0x000fe3       data     extern C:\MCC18\SRC\TRADIT~1\PROC\p18f8722.asm
                   PLUSW2   0x000fdb       data     extern C:\MCC18\SRC\TRADIT~1\PROC\p18f8722.asm
                    PORTA   0x000f80       data     extern C:\MCC18\SRC\TRADIT~1\PROC\p18f8722.asm
                PORTAbits   0x000f80       data     extern C:\MCC18\SRC\TRADIT~1\PROC\p18f8722.asm
                    PORTB   0x000f81       data     extern C:\MCC18\SRC\TRADIT~1\PROC\p18f8722.asm
                PORTBbits   0x000f81       data     extern C:\MCC18\SRC\TRADIT~1\PROC\p18f8722.asm
                    PORTC   0x000f82       data     extern C:\MCC18\SRC\TRADIT~1\PROC\p18f8722.asm
                PORTCbits   0x000f82       data     extern C:\MCC18\SRC\TRADIT~1\PROC\p18f8722.asm
                    PORTD   0x000f83       data     extern C:\MCC18\SRC\TRADIT~1\PROC\p18f8722.asm
                PORTDbits   0x000f83       data     extern C:\MCC18\SRC\TRADIT~1\PROC\p18f8722.asm
                    PORTE   0x000f84       data     extern C:\MCC18\SRC\TRADIT~1\PROC\p18f8722.asm
                PORTEbits   0x000f84       data     extern C:\MCC18\SRC\TRADIT~1\PROC\p18f8722.asm
                    PORTF   0x000f85       data     extern C:\MCC18\SRC\TRADIT~1\PROC\p18f8722.asm
                PORTFbits   0x000f85       data     extern C:\MCC18\SRC\TRADIT~1\PROC\p18f8722.asm
                    PORTG   0x000f86       data     extern C:\MCC18\SRC\TRADIT~1\PROC\p18f8722.asm
                PORTGbits   0x000f86       data     extern C:\MCC18\SRC\TRADIT~1\PROC\p18f8722.asm
                    PORTH   0x000f87       data     extern C:\MCC18\SRC\TRADIT~1\PROC\p18f8722.asm
                PORTHbits   0x000f87       data     extern C:\MCC18\SRC\TRADIT~1\PROC\p18f8722.asm
                    PORTJ   0x000f88       data     extern C:\MCC18\SRC\TRADIT~1\PROC\p18f8722.asm
                PORTJbits   0x000f88       data     extern C:\MCC18\SRC\TRADIT~1\PROC\p18f8722.asm
                 POSTDEC0   0x000fed       data     extern C:\MCC18\SRC\TRADIT~1\PROC\p18f8722.asm
                 POSTDEC1   0x000fe5       data     extern C:\MCC18\SRC\TRADIT~1\PROC\p18f8722.asm
                 POSTDEC2   0x000fdd       data     extern C:\MCC18\SRC\TRADIT~1\PROC\p18f8722.asm
                 POSTINC0   0x000fee       data     extern C:\MCC18\SRC\TRADIT~1\PROC\p18f8722.asm
                 POSTINC1   0x000fe6       data     extern C:\MCC18\SRC\TRADIT~1\PROC\p18f8722.asm
                 POSTINC2   0x000fde       data     extern C:\MCC18\SRC\TRADIT~1\PROC\p18f8722.asm
                      PR2   0x000fcb       data     extern C:\MCC18\SRC\TRADIT~1\PROC\p18f8722.asm
                      PR4   0x000f77       data     extern C:\MCC18\SRC\TRADIT~1\PROC\p18f8722.asm
                  PREINC0   0x000fec       data     extern C:\MCC18\SRC\TRADIT~1\PROC\p18f8722.asm
                  PREINC1   0x000fe4       data     extern C:\MCC18\SRC\TRADIT~1\PROC\p18f8722.asm
                  PREINC2   0x000fdc       data     extern C:\MCC18\SRC\TRADIT~1\PROC\p18f8722.asm
                     PROD   0x000ff3       data     extern C:\MCC18\SRC\TRADIT~1\PROC\p18f8722.asm
                    PRODH   0x000ff4       data     extern C:\MCC18\SRC\TRADIT~1\PROC\p18f8722.asm
                    PRODL   0x000ff3       data     extern C:\MCC18\SRC\TRADIT~1\PROC\p18f8722.asm
                   PSPCON   0x000fb0       data     extern C:\MCC18\SRC\TRADIT~1\PROC\p18f8722.asm
               PSPCONbits   0x000fb0       data     extern C:\MCC18\SRC\TRADIT~1\PROC\p18f8722.asm
                   PhyReg   0x000c01       data     static C:\Work\MCHPTCPStack\MCHPTCPStack 3.60\Source\ENC28J60.c
                     RCON   0x000fd0       data     extern C:\MCC18\SRC\TRADIT~1\PROC\p18f8722.asm
                 RCONbits   0x000fd0       data     extern C:\MCC18\SRC\TRADIT~1\PROC\p18f8722.asm
                    RCREG   0x000fae       data     extern C:\MCC18\SRC\TRADIT~1\PROC\p18f8722.asm
                   RCREG1   0x000fae       data     extern C:\MCC18\SRC\TRADIT~1\PROC\p18f8722.asm
                   RCREG2   0x000f6e       data     extern C:\MCC18\SRC\TRADIT~1\PROC\p18f8722.asm
                    RCSTA   0x000fab       data     extern C:\MCC18\SRC\TRADIT~1\PROC\p18f8722.asm
                   RCSTA1   0x000fab       data     extern C:\MCC18\SRC\TRADIT~1\PROC\p18f8722.asm
               RCSTA1bits   0x000fab       data     extern C:\MCC18\SRC\TRADIT~1\PROC\p18f8722.asm
                   RCSTA2   0x000f6b       data     extern C:\MCC18\SRC\TRADIT~1\PROC\p18f8722.asm
               RCSTA2bits   0x000f6b       data     extern C:\MCC18\SRC\TRADIT~1\PROC\p18f8722.asm
                RCSTAbits   0x000fab       data     extern C:\MCC18\SRC\TRADIT~1\PROC\p18f8722.asm
                   ReadPT   0x000c87       data     static C:\Work\MCHPTCPStack\MCHPTCPStack 3.60\Source\ENC28J60.c
                   ReadPT   0x000cab       data     static C:\Work\MCHPTCPStack\MCHPTCPStack 3.60\Source\ENC28J60.c
              ReadPtrSave   0x000cab       data     static C:\Work\MCHPTCPStack\MCHPTCPStack 3.60\Source\ENC28J60.c
         ReceivedChecksum   0x000c2a       data     static C:\Work\MCHPTCPStack\MCHPTCPStack 3.60\Source\ICMP.c
                 Register   0x000f51       data     static C:\Work\MCHPTCPStack\MCHPTCPStack 3.60\Source\ENC28J60.c
                 Register   0x000f58       data     static C:\Work\MCHPTCPStack\MCHPTCPStack 3.60\Source\ENC28J60.c
                 Register   0x000f5b       data     static C:\Work\MCHPTCPStack\MCHPTCPStack 3.60\Source\ENC28J60.c
                 Register   0x000c00       data     static C:\Work\MCHPTCPStack\MCHPTCPStack 3.60\Source\ENC28J60.c
                   Remote   0x000c01       data     static C:\Work\MCHPTCPStack\MCHPTCPStack 3.60\Source\Announce.c
                   Result   0x000c03       data     static C:\Work\MCHPTCPStack\MCHPTCPStack 3.60\Source\ENC28J60.c
                   Result   0x000cad       data     static C:\Work\MCHPTCPStack\MCHPTCPStack 3.60\Source\ENC28J60.c
                     SIGN   0x000019       data     extern C:\MCC18\SRC\TRADIT~1\MATH\cmath18.asm
                    SPBRG   0x000faf       data     extern C:\MCC18\SRC\TRADIT~1\PROC\p18f8722.asm
                   SPBRG1   0x000faf       data     extern C:\MCC18\SRC\TRADIT~1\PROC\p18f8722.asm
                   SPBRG2   0x000f6f       data     extern C:\MCC18\SRC\TRADIT~1\PROC\p18f8722.asm
                   SPBRGH   0x000f7f       data     extern C:\MCC18\SRC\TRADIT~1\PROC\p18f8722.asm
                  SPBRGH1   0x000f7f       data     extern C:\MCC18\SRC\TRADIT~1\PROC\p18f8722.asm
                  SPBRGH2   0x000f7d       data     extern C:\MCC18\SRC\TRADIT~1\PROC\p18f8722.asm
                  SSP1ADD   0x000fc8       data     extern C:\MCC18\SRC\TRADIT~1\PROC\p18f8722.asm
                  SSP1BUF   0x000fc9       data     extern C:\MCC18\SRC\TRADIT~1\PROC\p18f8722.asm
                 SSP1CON1   0x000fc6       data     extern C:\MCC18\SRC\TRADIT~1\PROC\p18f8722.asm
             SSP1CON1bits   0x000fc6       data     extern C:\MCC18\SRC\TRADIT~1\PROC\p18f8722.asm
                 SSP1CON2   0x000fc5       data     extern C:\MCC18\SRC\TRADIT~1\PROC\p18f8722.asm
             SSP1CON2bits   0x000fc5       data     extern C:\MCC18\SRC\TRADIT~1\PROC\p18f8722.asm
                 SSP1STAT   0x000fc7       data     extern C:\MCC18\SRC\TRADIT~1\PROC\p18f8722.asm
             SSP1STATbits   0x000fc7       data     extern C:\MCC18\SRC\TRADIT~1\PROC\p18f8722.asm
                  SSP2ADD   0x000f65       data     extern C:\MCC18\SRC\TRADIT~1\PROC\p18f8722.asm
                  SSP2BUF   0x000f66       data     extern C:\MCC18\SRC\TRADIT~1\PROC\p18f8722.asm
                 SSP2CON1   0x000f63       data     extern C:\MCC18\SRC\TRADIT~1\PROC\p18f8722.asm
             SSP2CON1bits   0x000f63       data     extern C:\MCC18\SRC\TRADIT~1\PROC\p18f8722.asm
                 SSP2CON2   0x000f62       data     extern C:\MCC18\SRC\TRADIT~1\PROC\p18f8722.asm
             SSP2CON2bits   0x000f62       data     extern C:\MCC18\SRC\TRADIT~1\PROC\p18f8722.asm
[...]
                TRISCbits   0x000f94       data     extern C:\MCC18\SRC\TRADIT~1\PROC\p18f8722.asm
                 DDRCbits   0x000f94       data     extern C:\MCC18\SRC\TRADIT~1\PROC\p18f8722.asm
                     DDRC   0x000f94       data     extern C:\MCC18\SRC\TRADIT~1\PROC\p18f8722.asm
                     DDRD   0x000f95       data     extern C:\MCC18\SRC\TRADIT~1\PROC\p18f8722.asm
                 DDRDbits   0x000f95       data     extern C:\MCC18\SRC\TRADIT~1\PROC\p18f8722.asm
                    TRISD   0x000f95       data     extern C:\MCC18\SRC\TRADIT~1\PROC\p18f8722.asm
                TRISDbits   0x000f95       data     extern C:\MCC18\SRC\TRADIT~1\PROC\p18f8722.asm
                     DDRE   0x000f96       data     extern C:\MCC18\SRC\TRADIT~1\PROC\p18f8722.asm
                 DDREbits   0x000f96       data     extern C:\MCC18\SRC\TRADIT~1\PROC\p18f8722.asm
                    TRISE   0x000f96       data     extern C:\MCC18\SRC\TRADIT~1\PROC\p18f8722.asm
                TRISEbits   0x000f96       data     extern C:\MCC18\SRC\TRADIT~1\PROC\p18f8722.asm
                    TRISF   0x000f97       data     extern C:\MCC18\SRC\TRADIT~1\PROC\p18f8722.asm
                 DDRFbits   0x000f97       data     extern C:\MCC18\SRC\TRADIT~1\PROC\p18f8722.asm
                     DDRF   0x000f97       data     extern C:\MCC18\SRC\TRADIT~1\PROC\p18f8722.asm
                TRISFbits   0x000f97       data     extern C:\MCC18\SRC\TRADIT~1\PROC\p18f8722.asm
                    TRISG   0x000f98       data     extern C:\MCC18\SRC\TRADIT~1\PROC\p18f8722.asm
                TRISGbits   0x000f98       data     extern C:\MCC18\SRC\TRADIT~1\PROC\p18f8722.asm
                 DDRGbits   0x000f98       data     extern C:\MCC18\SRC\TRADIT~1\PROC\p18f8722.asm
                     DDRG   0x000f98       data     extern C:\MCC18\SRC\TRADIT~1\PROC\p18f8722.asm
                     DDRH   0x000f99       data     extern C:\MCC18\SRC\TRADIT~1\PROC\p18f8722.asm
                 DDRHbits   0x000f99       data     extern C:\MCC18\SRC\TRADIT~1\PROC\p18f8722.asm
                    TRISH   0x000f99       data     extern C:\MCC18\SRC\TRADIT~1\PROC\p18f8722.asm
                TRISHbits   0x000f99       data     extern C:\MCC18\SRC\TRADIT~1\PROC\p18f8722.asm
                     DDRJ   0x000f9a       data     extern C:\MCC18\SRC\TRADIT~1\PROC\p18f8722.asm
                 DDRJbits   0x000f9a       data     extern C:\MCC18\SRC\TRADIT~1\PROC\p18f8722.asm
                    TRISJ   0x000f9a       data     extern C:\MCC18\SRC\TRADIT~1\PROC\p18f8722.asm
                TRISJbits   0x000f9a       data     extern C:\MCC18\SRC\TRADIT~1\PROC\p18f8722.asm
                  OSCTUNE   0x000f9b       data     extern C:\MCC18\SRC\TRADIT~1\PROC\p18f8722.asm
              OSCTUNEbits   0x000f9b       data     extern C:\MCC18\SRC\TRADIT~1\PROC\p18f8722.asm
                   MEMCON   0x000f9c       data     extern C:\MCC18\SRC\TRADIT~1\PROC\p18f8722.asm
               MEMCONbits   0x000f9c       data     extern C:\MCC18\SRC\TRADIT~1\PROC\p18f8722.asm
                     PIE1   0x000f9d       data     extern C:\MCC18\SRC\TRADIT~1\PROC\p18f8722.asm
                 PIE1bits   0x000f9d       data     extern C:\MCC18\SRC\TRADIT~1\PROC\p18f8722.asm
                     PIR1   0x000f9e       data     extern C:\MCC18\SRC\TRADIT~1\PROC\p18f8722.asm
                 PIR1bits   0x000f9e       data     extern C:\MCC18\SRC\TRADIT~1\PROC\p18f8722.asm
                     IPR1   0x000f9f       data     extern C:\MCC18\SRC\TRADIT~1\PROC\p18f8722.asm
                 IPR1bits   0x000f9f       data     extern C:\MCC18\SRC\TRADIT~1\PROC\p18f8722.asm
                 PIE2bits   0x000fa0       data     extern C:\MCC18\SRC\TRADIT~1\PROC\p18f8722.asm
                     PIE2   0x000fa0       data     extern C:\MCC18\SRC\TRADIT~1\PROC\p18f8722.asm
                 PIR2bits   0x000fa1       data     extern C:\MCC18\SRC\TRADIT~1\PROC\p18f8722.asm
                     PIR2   0x000fa1       data     extern C:\MCC18\SRC\TRADIT~1\PROC\p18f8722.asm
                     IPR2   0x000fa2       data     extern C:\MCC18\SRC\TRADIT~1\PROC\p18f8722.asm
                 IPR2bits   0x000fa2       data     extern C:\MCC18\SRC\TRADIT~1\PROC\p18f8722.asm
                 PIE3bits   0x000fa3       data     extern C:\MCC18\SRC\TRADIT~1\PROC\p18f8722.asm
                     PIE3   0x000fa3       data     extern C:\MCC18\SRC\TRADIT~1\PROC\p18f8722.asm
                 PIR3bits   0x000fa4       data     extern C:\MCC18\SRC\TRADIT~1\PROC\p18f8722.asm
                     PIR3   0x000fa4       data     extern C:\MCC18\SRC\TRADIT~1\PROC\p18f8722.asm
                     IPR3   0x000fa5       data     extern C:\MCC18\SRC\TRADIT~1\PROC\p18f8722.asm
                 IPR3bits   0x000fa5       data     extern C:\MCC18\SRC\TRADIT~1\PROC\p18f8722.asm
                   EECON1   0x000fa6       data     extern C:\MCC18\SRC\TRADIT~1\PROC\p18f8722.asm
               EECON1bits   0x000fa6       data     extern C:\MCC18\SRC\TRADIT~1\PROC\p18f8722.asm
                   EECON2   0x000fa7       data     extern C:\MCC18\SRC\TRADIT~1\PROC\p18f8722.asm
                   EEDATA   0x000fa8       data     extern C:\MCC18\SRC\TRADIT~1\PROC\p18f8722.asm
                    EEADR   0x000fa9       data     extern C:\MCC18\SRC\TRADIT~1\PROC\p18f8722.asm
                   EEADRH   0x000faa       data     extern C:\MCC18\SRC\TRADIT~1\PROC\p18f8722.asm
                    RCSTA   0x000fab       data     extern C:\MCC18\SRC\TRADIT~1\PROC\p18f8722.asm
                   RCSTA1   0x000fab       data     extern C:\MCC18\SRC\TRADIT~1\PROC\p18f8722.asm
               RCSTA1bits   0x000fab       data     extern C:\MCC18\SRC\TRADIT~1\PROC\p18f8722.asm
                RCSTAbits   0x000fab       data     extern C:\MCC18\SRC\TRADIT~1\PROC\p18f8722.asm
                   TXSTA1   0x000fac       data     extern C:\MCC18\SRC\TRADIT~1\PROC\p18f8722.asm
                    TXSTA   0x000fac       data     extern C:\MCC18\SRC\TRADIT~1\PROC\p18f8722.asm
               TXSTA1bits   0x000fac       data     extern C:\MCC18\SRC\TRADIT~1\PROC\p18f8722.asm
                TXSTAbits   0x000fac       data     extern C:\MCC18\SRC\TRADIT~1\PROC\p18f8722.asm
                    TXREG   0x000fad       data     extern C:\MCC18\SRC\TRADIT~1\PROC\p18f8722.asm
                   TXREG1   0x000fad       data     extern C:\MCC18\SRC\TRADIT~1\PROC\p18f8722.asm
                    RCREG   0x000fae       data     extern C:\MCC18\SRC\TRADIT~1\PROC\p18f8722.asm
                   RCREG1   0x000fae       data     extern C:\MCC18\SRC\TRADIT~1\PROC\p18f8722.asm
                    SPBRG   0x000faf       data     extern C:\MCC18\SRC\TRADIT~1\PROC\p18f8722.asm
                   SPBRG1   0x000faf       data     extern C:\MCC18\SRC\TRADIT~1\PROC\p18f8722.asm
               PSPCONbits   0x000fb0       data     extern C:\MCC18\SRC\TRADIT~1\PROC\p18f8722.asm
                   PSPCON   0x000fb0       data     extern C:\MCC18\SRC\TRADIT~1\PROC\p18f8722.asm
                    T3CON   0x000fb1       data     extern C:\MCC18\SRC\TRADIT~1\PROC\p18f8722.asm
                T3CONbits   0x000fb1       data     extern C:\MCC18\SRC\TRADIT~1\PROC\p18f8722.asm
                    TMR3L   0x000fb2       data     extern C:\MCC18\SRC\TRADIT~1\PROC\p18f8722.asm
                    TMR3H   0x000fb3       data     extern C:\MCC18\SRC\TRADIT~1\PROC\p18f8722.asm
                CMCONbits   0x000fb4       data     extern C:\MCC18\SRC\TRADIT~1\PROC\p18f8722.asm
                    CMCON   0x000fb4       data     extern C:\MCC18\SRC\TRADIT~1\PROC\p18f8722.asm
               CVRCONbits   0x000fb5       data     extern C:\MCC18\SRC\TRADIT~1\PROC\p18f8722.asm
                   CVRCON   0x000fb5       data     extern C:\MCC18\SRC\TRADIT~1\PROC\p18f8722.asm
              ECCP1ASbits   0x000fb6       data     extern C:\MCC18\SRC\TRADIT~1\PROC\p18f8722.asm
                  ECCP1AS   0x000fb6       data     extern C:\MCC18\SRC\TRADIT~1\PROC\p18f8722.asm
                  CCP3CON   0x000fb7       data     extern C:\MCC18\SRC\TRADIT~1\PROC\p18f8722.asm
             ECCP3CONbits   0x000fb7       data     extern C:\MCC18\SRC\TRADIT~1\PROC\p18f8722.asm
                 ECCP3CON   0x000fb7       data     extern C:\MCC18\SRC\TRADIT~1\PROC\p18f8722.asm
              CCP3CONbits   0x000fb7       data     extern C:\MCC18\SRC\TRADIT~1\PROC\p18f8722.asm
                    CCPR3   0x000fb8       data     extern C:\MCC18\SRC\TRADIT~1\PROC\p18f8722.asm
                   CCPR3L   0x000fb8       data     extern C:\MCC18\SRC\TRADIT~1\PROC\p18f8722.asm
                   CCPR3H   0x000fb9       data     extern C:\MCC18\SRC\TRADIT~1\PROC\p18f8722.asm
              CCP2CONbits   0x000fba       data     extern C:\MCC18\SRC\TRADIT~1\PROC\p18f8722.asm
                  CCP2CON   0x000fba       data     extern C:\MCC18\SRC\TRADIT~1\PROC\p18f8722.asm
                 ECCP2CON   0x000fba       data     extern C:\MCC18\SRC\TRADIT~1\PROC\p18f8722.asm
             ECCP2CONbits   0x000fba       data     extern C:\MCC18\SRC\TRADIT~1\PROC\p18f8722.asm
                   CCPR2L   0x000fbb       data     extern C:\MCC18\SRC\TRADIT~1\PROC\p18f8722.asm
                    CCPR2   0x000fbb       data     extern C:\MCC18\SRC\TRADIT~1\PROC\p18f8722.asm
                   CCPR2H   0x000fbc       data     extern C:\MCC18\SRC\TRADIT~1\PROC\p18f8722.asm
             ECCP1CONbits   0x000fbd       data     extern C:\MCC18\SRC\TRADIT~1\PROC\p18f8722.asm
                 ECCP1CON   0x000fbd       data     extern C:\MCC18\SRC\TRADIT~1\PROC\p18f8722.asm
              CCP1CONbits   0x000fbd       data     extern C:\MCC18\SRC\TRADIT~1\PROC\p18f8722.asm
                  CCP1CON   0x000fbd       data     extern C:\MCC18\SRC\TRADIT~1\PROC\p18f8722.asm
                    CCPR1   0x000fbe       data     extern C:\MCC18\SRC\TRADIT~1\PROC\p18f8722.asm
                   CCPR1L   0x000fbe       data     extern C:\MCC18\SRC\TRADIT~1\PROC\p18f8722.asm
                   CCPR1H   0x000fbf       data     extern C:\MCC18\SRC\TRADIT~1\PROC\p18f8722.asm
                   ADCON2   0x000fc0       data     extern C:\MCC18\SRC\TRADIT~1\PROC\p18f8722.asm
               ADCON2bits   0x000fc0       data     extern C:\MCC18\SRC\TRADIT~1\PROC\p18f8722.asm
                   ADCON1   0x000fc1       data     extern C:\MCC18\SRC\TRADIT~1\PROC\p18f8722.asm
               ADCON1bits   0x000fc1       data     extern C:\MCC18\SRC\TRADIT~1\PROC\p18f8722.asm
               ADCON0bits   0x000fc2       data     extern C:\MCC18\SRC\TRADIT~1\PROC\p18f8722.asm
                   ADCON0   0x000fc2       data     extern C:\MCC18\SRC\TRADIT~1\PROC\p18f8722.asm
                   ADRESL   0x000fc3       data     extern C:\MCC18\SRC\TRADIT~1\PROC\p18f8722.asm
                    ADRES   0x000fc3       data     extern C:\MCC18\SRC\TRADIT~1\PROC\p18f8722.asm
                   ADRESH   0x000fc4       data     extern C:\MCC18\SRC\TRADIT~1\PROC\p18f8722.asm
              SSPCON2bits   0x000fc5       data     extern C:\MCC18\SRC\TRADIT~1\PROC\p18f8722.asm
                  SSPCON2   0x000fc5       data     extern C:\MCC18\SRC\TRADIT~1\PROC\p18f8722.asm
             SSP1CON2bits   0x000fc5       data     extern C:\MCC18\SRC\TRADIT~1\PROC\p18f8722.asm
                 SSP1CON2   0x000fc5       data     extern C:\MCC18\SRC\TRADIT~1\PROC\p18f8722.asm
              SSPCON1bits   0x000fc6       data     extern C:\MCC18\SRC\TRADIT~1\PROC\p18f8722.asm
                 SSP1CON1   0x000fc6       data     extern C:\MCC18\SRC\TRADIT~1\PROC\p18f8722.asm
             SSP1CON1bits   0x000fc6       data     extern C:\MCC18\SRC\TRADIT~1\PROC\p18f8722.asm
                  SSPCON1   0x000fc6       data     extern C:\MCC18\SRC\TRADIT~1\PROC\p18f8722.asm
              SSPSTATbits   0x000fc7       data     extern C:\MCC18\SRC\TRADIT~1\PROC\p18f8722.asm
                  SSPSTAT   0x000fc7       data     extern C:\MCC18\SRC\TRADIT~1\PROC\p18f8722.asm
                 SSP1STAT   0x000fc7       data     extern C:\MCC18\SRC\TRADIT~1\PROC\p18f8722.asm
             SSP1STATbits   0x000fc7       data     extern C:\MCC18\SRC\TRADIT~1\PROC\p18f8722.asm
                  SSP1ADD   0x000fc8       data     extern C:\MCC18\SRC\TRADIT~1\PROC\p18f8722.asm
                   SSPADD   0x000fc8       data     extern C:\MCC18\SRC\TRADIT~1\PROC\p18f8722.asm
                  SSP1BUF   0x000fc9       data     extern C:\MCC18\SRC\TRADIT~1\PROC\p18f8722.asm
                   SSPBUF   0x000fc9       data     extern C:\MCC18\SRC\TRADIT~1\PROC\p18f8722.asm
                T2CONbits   0x000fca       data     extern C:\MCC18\SRC\TRADIT~1\PROC\p18f8722.asm
                    T2CON   0x000fca       data     extern C:\MCC18\SRC\TRADIT~1\PROC\p18f8722.asm
                      PR2   0x000fcb       data     extern C:\MCC18\SRC\TRADIT~1\PROC\p18f8722.asm
                     TMR2   0x000fcc       data     extern C:\MCC18\SRC\TRADIT~1\PROC\p18f8722.asm
                T1CONbits   0x000fcd       data     extern C:\MCC18\SRC\TRADIT~1\PROC\p18f8722.asm
                    T1CON   0x000fcd       data     extern C:\MCC18\SRC\TRADIT~1\PROC\p18f8722.asm
                    TMR1L   0x000fce       data     extern C:\MCC18\SRC\TRADIT~1\PROC\p18f8722.asm
                    TMR1H   0x000fcf       data     extern C:\MCC18\SRC\TRADIT~1\PROC\p18f8722.asm
                 RCONbits   0x000fd0       data     extern C:\MCC18\SRC\TRADIT~1\PROC\p18f8722.asm
                     RCON   0x000fd0       data     extern C:\MCC18\SRC\TRADIT~1\PROC\p18f8722.asm
               WDTCONbits   0x000fd1       data     extern C:\MCC18\SRC\TRADIT~1\PROC\p18f8722.asm
                   WDTCON   0x000fd1       data     extern C:\MCC18\SRC\TRADIT~1\PROC\p18f8722.asm
              HLVDCONbits   0x000fd2       data     extern C:\MCC18\SRC\TRADIT~1\PROC\p18f8722.asm
                  HLVDCON   0x000fd2       data     extern C:\MCC18\SRC\TRADIT~1\PROC\p18f8722.asm
                   LVDCON   0x000fd2       data     extern C:\MCC18\SRC\TRADIT~1\PROC\p18f8722.asm
               LVDCONbits   0x000fd2       data     extern C:\MCC18\SRC\TRADIT~1\PROC\p18f8722.asm
               OSCCONbits   0x000fd3       data     extern C:\MCC18\SRC\TRADIT~1\PROC\p18f8722.asm
                   OSCCON   0x000fd3       data     extern C:\MCC18\SRC\TRADIT~1\PROC\p18f8722.asm
                    T0CON   0x000fd5       data     extern C:\MCC18\SRC\TRADIT~1\PROC\p18f8722.asm
                T0CONbits   0x000fd5       data     extern C:\MCC18\SRC\TRADIT~1\PROC\p18f8722.asm
                    TMR0L   0x000fd6       data     extern C:\MCC18\SRC\TRADIT~1\PROC\p18f8722.asm
                    TMR0H   0x000fd7       data     extern C:\MCC18\SRC\TRADIT~1\PROC\p18f8722.asm
               STATUSbits   0x000fd8       data     extern C:\MCC18\SRC\TRADIT~1\PROC\p18f8722.asm
                   STATUS   0x000fd8       data     extern C:\MCC18\SRC\TRADIT~1\PROC\p18f8722.asm
                     FSR2   0x000fd9       data     extern C:\MCC18\SRC\TRADIT~1\PROC\p18f8722.asm
                    FSR2L   0x000fd9       data     extern C:\MCC18\SRC\TRADIT~1\PROC\p18f8722.asm
                    FSR2H   0x000fda       data     extern C:\MCC18\SRC\TRADIT~1\PROC\p18f8722.asm
                   PLUSW2   0x000fdb       data     extern C:\MCC18\SRC\TRADIT~1\PROC\p18f8722.asm
                  PREINC2   0x000fdc       data     extern C:\MCC18\SRC\TRADIT~1\PROC\p18f8722.asm
                 POSTDEC2   0x000fdd       data     extern C:\MCC18\SRC\TRADIT~1\PROC\p18f8722.asm
                 POSTINC2   0x000fde       data     extern C:\MCC18\SRC\TRADIT~1\PROC\p18f8722.asm
                    INDF2   0x000fdf       data     extern C:\MCC18\SRC\TRADIT~1\PROC\p18f8722.asm
                      BSR   0x000fe0       data     extern C:\MCC18\SRC\TRADIT~1\PROC\p18f8722.asm
                    FSR1L   0x000fe1       data     extern C:\MCC18\SRC\TRADIT~1\PROC\p18f8722.asm
                     FSR1   0x000fe1       data     extern C:\MCC18\SRC\TRADIT~1\PROC\p18f8722.asm
                    FSR1H   0x000fe2       data     extern C:\MCC18\SRC\TRADIT~1\PROC\p18f8722.asm
                   PLUSW1   0x000fe3       data     extern C:\MCC18\SRC\TRADIT~1\PROC\p18f8722.asm
                  PREINC1   0x000fe4       data     extern C:\MCC18\SRC\TRADIT~1\PROC\p18f8722.asm
                 POSTDEC1   0x000fe5       data     extern C:\MCC18\SRC\TRADIT~1\PROC\p18f8722.asm
                 POSTINC1   0x000fe6       data     extern C:\MCC18\SRC\TRADIT~1\PROC\p18f8722.asm
                    INDF1   0x000fe7       data     extern C:\MCC18\SRC\TRADIT~1\PROC\p18f8722.asm
                     WREG   0x000fe8       data     extern C:\MCC18\SRC\TRADIT~1\PROC\p18f8722.asm
                    FSR0L   0x000fe9       data     extern C:\MCC18\SRC\TRADIT~1\PROC\p18f8722.asm
                     FSR0   0x000fe9       data     extern C:\MCC18\SRC\TRADIT~1\PROC\p18f8722.asm
                    FSR0H   0x000fea       data     extern C:\MCC18\SRC\TRADIT~1\PROC\p18f8722.asm
                   PLUSW0   0x000feb       data     extern C:\MCC18\SRC\TRADIT~1\PROC\p18f8722.asm
                  PREINC0   0x000fec       data     extern C:\MCC18\SRC\TRADIT~1\PROC\p18f8722.asm
                 POSTDEC0   0x000fed       data     extern C:\MCC18\SRC\TRADIT~1\PROC\p18f8722.asm
                 POSTINC0   0x000fee       data     extern C:\MCC18\SRC\TRADIT~1\PROC\p18f8722.asm
                    INDF0   0x000fef       data     extern C:\MCC18\SRC\TRADIT~1\PROC\p18f8722.asm
                  INTCON3   0x000ff0       data     extern C:\MCC18\SRC\TRADIT~1\PROC\p18f8722.asm
              INTCON3bits   0x000ff0       data     extern C:\MCC18\SRC\TRADIT~1\PROC\p18f8722.asm
                  INTCON2   0x000ff1       data     extern C:\MCC18\SRC\TRADIT~1\PROC\p18f8722.asm
              INTCON2bits   0x000ff1       data     extern C:\MCC18\SRC\TRADIT~1\PROC\p18f8722.asm
               INTCONbits   0x000ff2       data     extern C:\MCC18\SRC\TRADIT~1\PROC\p18f8722.asm
                   INTCON   0x000ff2       data     extern C:\MCC18\SRC\TRADIT~1\PROC\p18f8722.asm
                     PROD   0x000ff3       data     extern C:\MCC18\SRC\TRADIT~1\PROC\p18f8722.asm
                    PRODL   0x000ff3       data     extern C:\MCC18\SRC\TRADIT~1\PROC\p18f8722.asm
                    PRODH   0x000ff4       data     extern C:\MCC18\SRC\TRADIT~1\PROC\p18f8722.asm
                   TABLAT   0x000ff5       data     extern C:\MCC18\SRC\TRADIT~1\PROC\p18f8722.asm
                  TBLPTRL   0x000ff6       data     extern C:\MCC18\SRC\TRADIT~1\PROC\p18f8722.asm
                   TBLPTR   0x000ff6       data     extern C:\MCC18\SRC\TRADIT~1\PROC\p18f8722.asm
                  TBLPTRH   0x000ff7       data     extern C:\MCC18\SRC\TRADIT~1\PROC\p18f8722.asm
                  TBLPTRU   0x000ff8       data     extern C:\MCC18\SRC\TRADIT~1\PROC\p18f8722.asm
                      PCL   0x000ff9       data     extern C:\MCC18\SRC\TRADIT~1\PROC\p18f8722.asm
                       PC   0x000ff9       data     extern C:\MCC18\SRC\TRADIT~1\PROC\p18f8722.asm
                   PCLATH   0x000ffa       data     extern C:\MCC18\SRC\TRADIT~1\PROC\p18f8722.asm
                   PCLATU   0x000ffb       data     extern C:\MCC18\SRC\TRADIT~1\PROC\p18f8722.asm
                   STKPTR   0x000ffc       data     extern C:\MCC18\SRC\TRADIT~1\PROC\p18f8722.asm
               STKPTRbits   0x000ffc       data     extern C:\MCC18\SRC\TRADIT~1\PROC\p18f8722.asm
                     TOSL   0x000ffd       data     extern C:\MCC18\SRC\TRADIT~1\PROC\p18f8722.asm
                      TOS   0x000ffd       data     extern C:\MCC18\SRC\TRADIT~1\PROC\p18f8722.asm
                     TOSH   0x000ffe       data     extern C:\MCC18\SRC\TRADIT~1\PROC\p18f8722.asm
                     TOSU   0x000fff       data     extern C:\MCC18\SRC\TRADIT~1\PROC\p18f8722.asm


