MPLINK 4.03, Linker
Linker Map File - Created Wed Jul 12 11:38:37 2006

                                 Section Info
                  Section       Type    Address   Location Size(Bytes)
                ---------  ---------  ---------  ---------  ---------
               _entry_scn       code   0x000000    program   0x000006
               highVector       code   0x000008    program   0x000006
                   .cinit    romdata   0x00002a    program   0x00003e
       .romdata_MPFSImg.o    romdata   0x000068    program   0x0063cf
            .romdata_IP.o    romdata   0x006437    program   0x000000
       .romdata_Helpers.o    romdata   0x006437    program   0x000000
       .idata_Helpers.o_i    romdata   0x006437    program   0x000000
          .romdata_MPFS.o    romdata   0x006437    program   0x000000
       .idata_MPFSImg.o_i    romdata   0x006437    program   0x000000
         .romdata_Delay.o    romdata   0x006437    program   0x000000
         .idata_Delay.o_i    romdata   0x006437    program   0x000000
           .idata_TCP.o_i    romdata   0x006437    program   0x000000
           .romdata_TCP.o    romdata   0x006437    program   0x000000
        .idata_ARPTsk.o_i    romdata   0x006437    program   0x000000
           .romdata_ARP.o    romdata   0x006437    program   0x000000
           .idata_UDP.o_i    romdata   0x006437    program   0x000000
          .romdata_UART.o    romdata   0x006437    program   0x000000
      .romdata_Announce.o    romdata   0x006437    program   0x000000
   .idata_LCDBlocking.o_i    romdata   0x006437    program   0x000000
         .romdata_c018i.o    romdata   0x006437    program   0x000000
              .code_TCP.o       code   0x006438    program   0x001b48
      .code_LCDBlocking.o       code   0x006438    program   0x000000
            .code_c018i.o       code   0x006438    program   0x000000
         .code_ENC28J60.o       code   0x007f80    program   0x0011c6
             .code_HTTP.o       code   0x009146    program   0x000a1c
             .code_DHCP.o       code   0x009b62    program   0x0008fa
         .code_MainDemo.o       code   0x00a45c    program   0x000876
              .code_UDP.o       code   0x00acd2    program   0x000846
              .code_ARP.o       code   0x00b518    program   0x0002f6
               .code_IP.o       code   0x00b80e    program   0x0002b6
         .code_Announce.o       code   0x00bac4    program   0x00029e
          .code_Helpers.o       code   0x00bd62    program   0x00026e
             .code_ICMP.o       code   0x00bfd0    program   0x00025e
                   STDLIB       code   0x00c22e    program   0x00021e
         .code_StackTsk.o       code   0x00c44c    program   0x00021c
      .romdata_MainDemo.o    romdata   0x00c668    program   0x0001d0
                   STRING       code   0x00c838    program   0x0001a4
             .code_MPFS.o       code   0x00c9dc    program   0x0001a4
          .romdata_HTTP.o    romdata   0x00cb80    program   0x000178
             .stringtable    romdata   0x00ccf8    program   0x000155
          .idata_UART.o_i    romdata   0x00ce4d    program   0x000000
          .romdata_ICMP.o    romdata   0x00ce4d    program   0x000000
           .romdata_UDP.o    romdata   0x00ce4d    program   0x000000
           .idata_ARP.o_i    romdata   0x00ce4d    program   0x000000
          .romdata_Tick.o    romdata   0x00ce4d    program   0x000000
      .idata_Announce.o_i    romdata   0x00ce4d    program   0x000000
   .romdata_LCDBlocking.o    romdata   0x00ce4d    program   0x000000
        .romdata_ARPTsk.o    romdata   0x00ce4d    program   0x000000
      .romdata_StackTsk.o    romdata   0x00ce4d    program   0x000000
      .idata_StackTsk.o_i    romdata   0x00ce4d    program   0x000000
      .idata_ENC28J60.o_i    romdata   0x00ce4d    program   0x000000
      .romdata_ENC28J60.o    romdata   0x00ce4d    program   0x000000
          .romdata_DHCP.o    romdata   0x00ce4d    program   0x000000
          .idata_MPFS.o_i    romdata   0x00ce4d    program   0x000000
          .idata_ICMP.o_i    romdata   0x00ce4d    program   0x000000
         .idata_c018i.o_i    romdata   0x00ce4d    program   0x000000
          .code_MPFSImg.o       code   0x00ce4e    program   0x000000
            .code_Delay.o       code   0x00ce4e    program   0x000000
             .code_UART.o       code   0x00ce4e    program   0x0000b8
               _cinit_scn       code   0x00cf06    program   0x00009e
           .code_ARPTsk.o       code   0x00cfa4    program   0x000056
             .code_Tick.o       code   0x00cffa    program   0x000042
              D1KTCYXCODE       code   0x00d03c    program   0x000020
             _startup_scn       code   0x00d05c    program   0x000018
          .idata_Tick.o_i    romdata   0x00d074    program   0x000004
      .idata_MainDemo.o_i    romdata   0x00d078    program   0x000032
            .idata_IP.o_i    romdata   0x00d0aa    program   0x000002
          .idata_HTTP.o_i    romdata   0x00d0ac    program   0x000004
          .idata_DHCP.o_i    romdata   0x00d0b0    program   0x000004
.config_300001_MainDemo.o    romdata   0x300001    program   0x000001
.config_300002_MainDemo.o    romdata   0x300002    program   0x000001
.config_300003_MainDemo.o    romdata   0x300003    program   0x000001
.config_300006_MainDemo.o    romdata   0x300006    program   0x000001
                 .tmpdata      udata   0x000000       data   0x000010
                MATH_DATA      udata   0x000010       data   0x00000b
                DELAYDAT1      udata   0x00001b       data   0x000001
             .udata_UDP.o      udata   0x000060       data   0x000044
                      bla      udata   0x0000a4       data   0x000039
            .udata_DHCP.o      udata   0x0000dd       data   0x000019
           .udata_c018i.o      udata   0x0000f6       data   0x00000a
        .udata_StackTsk.o      udata   0x000100       data   0x000032
        .idata_MainDemo.o      idata   0x000132       data   0x000032
        .udata_MainDemo.o      udata   0x000164       data   0x00002b
            .udata_HTTP.o      udata   0x00018f       data   0x000029
            .udata_ICMP.o      udata   0x0001b8       data   0x000016
              .udata_IP.o      udata   0x0001ce       data   0x000012
         .udata_Helpers.o      udata   0x0001e0       data   0x000011
            .udata_MPFS.o      udata   0x0001f1       data   0x00000c
              .idata_IP.o      idata   0x0001fd       data   0x000002
          .udata_ARPTsk.o      udata   0x0001ff       data   0x000001
             .udata_ARP.o      udata   0x000200       data   0x000009
            .udata_UART.o      udata   0x000209       data   0x000008
            .idata_HTTP.o      idata   0x000211       data   0x000004
            .idata_DHCP.o      idata   0x000215       data   0x000004
         IP.o:IPGetHeader     actrec   0x000c00       data   0x000016
 MainDemo.o:GetMenuChoice     actrec   0x000c00       data   0x000001
MainDemo.o:ExecuteMenuChoice     actrec   0x000c00       data   0x00001a
           ICMP.o:ICMPPut     actrec   0x000c00       data   0x00002b
          MPFS.o:MPFSSeek     actrec   0x000c00       data   0x000002
ENC28J60.o:SendSystemReset     actrec   0x000c00       data   0x000001
            TCP.o:TCPInit     actrec   0x000c00       data   0x000003
          TCP.o:TCPListen     actrec   0x000c00       data   0x000003
        TCP.o:TCPGetArray     actrec   0x000c00       data   0x000002
            TCP.o:TCPTick     actrec   0x000c00       data   0x000010
         TCP.o:TCPProcess     actrec   0x000c00       data   0x000026
            UDP.o:UDPInit     actrec   0x000c00       data   0x000001
         UDP.o:UDPProcess     actrec   0x000c00       data   0x000017
         UART.o:getsUSART     actrec   0x000c00       data   0x000002
  ENC28J60.o:MACGetHeader     actrec   0x000c00       data   0x000014
             ARP.o:ARPPut     actrec   0x000c00       data   0x00001d
          DHCP.o:DHCPTask     actrec   0x000c00       data   0x00000f
             ARP.o:ARPGet     actrec   0x000c00       data   0x00001c
  ENC28J60.o:MACSetDuplex     actrec   0x000c00       data   0x000003
    Announce.o:AnnounceIP     actrec   0x000c00       data   0x00000c
       HTTP.o:HTTPProcess     actrec   0x000c00       data   0x000085
           ICMP.o:ICMPGet     actrec   0x000c00       data   0x00002c
    ENC28J60.o:ReadPHYReg     actrec   0x000c03       data   0x000002
          HTTP.o:HTTPInit     actrec   0x000c03       data   0x000001
    ENC28J60.o:ReadMACReg     actrec   0x000c05       data   0x000001
       ENC28J60.o:MACInit     actrec   0x000c06       data   0x000001
            UDP.o:UDPOpen     actrec   0x000c0f       data   0x000003
      DHCP.o:_DHCPReceive     actrec   0x000c0f       data   0x000009
           UDP.o:UDPFlush     actrec   0x000c0f       data   0x00000a
 UDP.o:FindMatchingSocket     actrec   0x000c17       data   0x000004
             UDP.o:UDPPut     actrec   0x000c19       data   0x000004
MainDemo.o:StringToIPAddress     actrec   0x000c1a       data   0x000004
MainDemo.o:DisplayIPValue     actrec   0x000c1a       data   0x000005
 Helpers.o:ReadStringUART     actrec   0x000c1a       data   0x000002
      ARPTsk.o:ARPProcess     actrec   0x000c1d       data   0x00000b
         DHCP.o:_DHCPSend     actrec   0x000c1d       data   0x000001
     MainDemo.o:SetConfig     actrec   0x000c1f       data   0x000001
       TCP.o:HandleTCPSeg     actrec   0x000c26       data   0x000013
 TCP.o:FindMatchingSocket     actrec   0x000c26       data   0x000004
ENC28J60.o:MACCalcRxChecksum     actrec   0x000c2c       data   0x000002
     StackTsk.o:StackTask     actrec   0x000c39       data   0x000006
         HTTP.o:HTTPParse     actrec   0x000c85       data   0x000008
           MPFS.o:MPFSGet     actrec   0x000c85       data   0x000001
          MPFS.o:MPFSOpen     actrec   0x000c85       data   0x000012
         TCP.o:TCPDiscard     actrec   0x000c85       data   0x000002
             TCP.o:TCPGet     actrec   0x000c85       data   0x000002
   MainDemo.o:HTTPExecCmd     actrec   0x000c85       data   0x000002
        TCP.o:TransmitTCP     actrec   0x000c85       data   0x000026
ENC28J60.o:MACSetRxBuffer     actrec   0x000c87       data   0x000002
  ENC28J60.o:MACDiscardRx     actrec   0x000c87       data   0x000002
  ENC28J60.o:MACIsTxReady     actrec   0x000cab       data   0x000001
      ENC28J60.o:MACFlush     actrec   0x000cab       data   0x00000c
ENC28J60.o:MACGetFreeRxSize     actrec   0x000cab       data   0x000004
ENC28J60.o:MACGetTxBuffer     actrec   0x000cab       data   0x000001
         IP.o:IPPutHeader     actrec   0x000cab       data   0x000014
 Helpers.o:CalcIPChecksum     actrec   0x000cab       data   0x00000c
          Helpers.o:swapl     actrec   0x000cab       data   0x000007
ENC28J60.o:CalcIPBufferChecksum     actrec   0x000cab       data   0x000002
        ENC28J60.o:MACGet     actrec   0x000cad       data   0x000001
   ENC28J60.o:MACGetArray     actrec   0x000cb7       data   0x000003
          HTTP.o:SendFile     actrec   0x000cbf       data   0x000004
      TCP.o:TCPDisconnect     actrec   0x000cbf       data   0x000002
          Helpers.o:swaps     actrec   0x000cc3       data   0x000003
   ENC28J60.o:MACPutArray     actrec   0x000cc3       data   0x000001
        ENC28J60.o:MACPut     actrec   0x000cc3       data   0x000001
ENC28J60.o:MACCalcTxChecksum     actrec   0x000cc3       data   0x000002
    ENC28J60.o:ReadETHReg     actrec   0x000cc5       data   0x000001
        ENC28J60.o:BFSReg     actrec   0x000cc5       data   0x000001
      ENC28J60.o:WriteReg     actrec   0x000cc5       data   0x000001
        ENC28J60.o:BFCReg     actrec   0x000cc5       data   0x000001
             TCP.o:TCPPut     actrec   0x000cc6       data   0x000002
           TCP.o:TCPFlush     actrec   0x000cc8       data   0x000002
        HTTP.o:HTTPServer     actrec   0x000cca       data   0x000001
                   .stack      udata   0x000d00       data   0x000100
                  TCB_MEM      udata   0x000e00       data   0x0000f0
            .idata_Tick.o      idata   0x000ef0       data   0x000004
        .udata_ENC28J60.o      udata   0x000f00       data   0x00005f
           .idata_c018i.o      idata   0x000f5f       data   0x000000
        .udata_Announce.o      udata   0x000f5f       data   0x000000
        .idata_Announce.o      idata   0x000f5f       data   0x000000
             .idata_ARP.o      idata   0x000f5f       data   0x000000
          .idata_ARPTsk.o      idata   0x000f5f       data   0x000000
           .udata_Delay.o      udata   0x000f5f       data   0x000000
           .idata_Delay.o      idata   0x000f5f       data   0x000000
         .idata_Helpers.o      idata   0x000f5f       data   0x000000
            .idata_ICMP.o      idata   0x000f5f       data   0x000000
            .idata_MPFS.o      idata   0x000f5f       data   0x000000
         .udata_MPFSImg.o      udata   0x000f5f       data   0x000000
         .idata_MPFSImg.o      idata   0x000f5f       data   0x000000
        .idata_StackTsk.o      idata   0x000f5f       data   0x000000
             .udata_TCP.o      udata   0x000f5f       data   0x000000
             .idata_TCP.o      idata   0x000f5f       data   0x000000
            .udata_Tick.o      udata   0x000f5f       data   0x000000
             .idata_UDP.o      idata   0x000f5f       data   0x000000
            .idata_UART.o      idata   0x000f5f       data   0x000000
     .udata_LCDBlocking.o      udata   0x000f5f       data   0x000000
     .idata_LCDBlocking.o      idata   0x000f5f       data   0x000000
        .idata_ENC28J60.o      idata   0x000f5f       data   0x000000
            SFR_UNBANKED0      udata   0x000f62       data   0x00009e



                              Program Memory Usage 
                               Start         End      
                           ---------   ---------      
                            0x000000    0x000005      
                            0x000008    0x00000d      
                            0x00002a    0x006436      
                            0x006438    0x00ce4c      
                            0x00ce4e    0x00d0b3      
                            0x300001    0x300003      
                            0x300006    0x300006      
            53400 out of 132120 program addresses used, program memory utilization is 40%



                              Symbols - Sorted by Name
                     Name    Address   Location    Storage File                     
                ---------  ---------  ---------  --------- ---------                
                   ARPGet   0x00b518    program     extern C:\Work\MCHPTCPStack\MCHPTCPStack 3.60\Source\ARP.c
                  ARPInit   0x00cfa4    program     extern C:\Work\MCHPTCPStack\MCHPTCPStack 3.60\Source\ARPTsk.c
               ARPProcess   0x00cfaa    program     extern C:\Work\MCHPTCPStack\MCHPTCPStack 3.60\Source\ARPTsk.c
                   ARPPut   0x00b610    program     extern C:\Work\MCHPTCPStack\MCHPTCPStack 3.60\Source\ARP.c
               AnnounceIP   0x00bac4    program     extern C:\Work\MCHPTCPStack\MCHPTCPStack 3.60\Source\Announce.c
                   BFCReg   0x008f60    program     static C:\Work\MCHPTCPStack\MCHPTCPStack 3.60\Source\ENC28J60.c
                   BFSReg   0x008f80    program     static C:\Work\MCHPTCPStack\MCHPTCPStack 3.60\Source\ENC28J60.c
                  BankSel   0x008fee    program     static C:\Work\MCHPTCPStack\MCHPTCPStack 3.60\Source\ENC28J60.c
                BusyUSART   0x00ce4e    program     extern C:\Work\MCHPTCPStack\MCHPTCPStack 3.60\Source\UART.c
         CMD_UNKNOWN_PAGE   0x00c691    program     extern C:\Work\MCHPTCPStack\MCHPTCPStack 3.60\Source\MainDemo.c
         COMMANDS_OK_PAGE   0x00c67c    program     extern C:\Work\MCHPTCPStack\MCHPTCPStack 3.60\Source\MainDemo.c
       CONFIG_UPDATE_PAGE   0x00c686    program     extern C:\Work\MCHPTCPStack\MCHPTCPStack 3.60\Source\MainDemo.c
                     CRLF   0x00c679    program     extern C:\Work\MCHPTCPStack\MCHPTCPStack 3.60\Source\MainDemo.c
     CalcIPBufferChecksum   0x008c60    program     extern C:\Work\MCHPTCPStack\MCHPTCPStack 3.60\Source\ENC28J60.c
           CalcIPChecksum   0x00bee4    program     extern C:\Work\MCHPTCPStack\MCHPTCPStack 3.60\Source\Helpers.c
              CloseSocket   0x00766c    program     static C:\Work\MCHPTCPStack\MCHPTCPStack 3.60\Source\TCP.c
               CloseUSART   0x00ce5a    program     extern C:\Work\MCHPTCPStack\MCHPTCPStack 3.60\Source\UART.c
                    D1K_1   0x00d048    program     static C:\MCC18\SRC\TRADIT~1\DELAYS\d1ktcyx.asm
                     D1Kx   0x00d046    program     static C:\MCC18\SRC\TRADIT~1\DELAYS\d1ktcyx.asm
                DHCPReset   0x009b62    program     extern C:\Work\MCHPTCPStack\MCHPTCPStack 3.60\Source\DHCP.c
                 DHCPTask   0x009b86    program     extern C:\Work\MCHPTCPStack\MCHPTCPStack 3.60\Source\DHCP.c
             DataRdyUSART   0x00ce66    program     extern C:\Work\MCHPTCPStack\MCHPTCPStack 3.60\Source\UART.c
              Delay1KTCYx   0x00d03c    program     extern C:\MCC18\SRC\TRADIT~1\DELAYS\d1ktcyx.asm
           DisplayIPValue   0x00a5ca    program     static C:\Work\MCHPTCPStack\MCHPTCPStack 3.60\Source\MainDemo.c
        ExecuteMenuChoice   0x00aaba    program     extern C:\Work\MCHPTCPStack\MCHPTCPStack 3.60\Source\MainDemo.c
       FindMatchingSocket   0x00b374    program     static C:\Work\MCHPTCPStack\MCHPTCPStack 3.60\Source\UDP.c
       FindMatchingSocket   0x0072b6    program     static C:\Work\MCHPTCPStack\MCHPTCPStack 3.60\Source\TCP.c
                GetCLKOUT   0x00912e    program     extern C:\Work\MCHPTCPStack\MCHPTCPStack 3.60\Source\ENC28J60.c
            GetMenuChoice   0x00aa98    program     extern C:\Work\MCHPTCPStack\MCHPTCPStack 3.60\Source\MainDemo.c
              HTTPExecCmd   0x00a712    program     extern C:\Work\MCHPTCPStack\MCHPTCPStack 3.60\Source\MainDemo.c
               HTTPGetVar   0x00a794    program     extern C:\Work\MCHPTCPStack\MCHPTCPStack 3.60\Source\MainDemo.c
                 HTTPInit   0x009146    program     extern C:\Work\MCHPTCPStack\MCHPTCPStack 3.60\Source\HTTP.c
                HTTPParse   0x0098a6    program     static C:\Work\MCHPTCPStack\MCHPTCPStack 3.60\Source\HTTP.c
              HTTPProcess   0x0091b6    program     static C:\Work\MCHPTCPStack\MCHPTCPStack 3.60\Source\HTTP.c
               HTTPServer   0x00919e    program     extern C:\Work\MCHPTCPStack\MCHPTCPStack 3.60\Source\HTTP.c
 HTTP_DEFAULT_FILE_STRING   0x00ccee    program     extern C:\Work\MCHPTCPStack\MCHPTCPStack 3.60\Source\HTTP.c
          HTTP_GET_STRING   0x00ccea    program     extern C:\Work\MCHPTCPStack\MCHPTCPStack 3.60\Source\HTTP.c
   HTTP_HEADER_END_STRING   0x00cce5    program     extern C:\Work\MCHPTCPStack\MCHPTCPStack 3.60\Source\HTTP.c
  HTTP_OK_NO_CACHE_STRING   0x00cc60    program     extern C:\Work\MCHPTCPStack\MCHPTCPStack 3.60\Source\HTTP.c
           HTTP_OK_STRING   0x00cc40    program     extern C:\Work\MCHPTCPStack\MCHPTCPStack 3.60\Source\HTTP.c
             HandleTCPSeg   0x007778    program     static C:\Work\MCHPTCPStack\MCHPTCPStack 3.60\Source\TCP.c
                  HighISR   0x00a45c    program     extern C:\Work\MCHPTCPStack\MCHPTCPStack 3.60\Source\MainDemo.c
               HighVector   0x000008    program     extern C:\Work\MCHPTCPStack\MCHPTCPStack 3.60\Source\MainDemo.c
                  ICMPGet   0x00bfd0    program     extern C:\Work\MCHPTCPStack\MCHPTCPStack 3.60\Source\ICMP.c
                  ICMPPut   0x00c086    program     extern C:\Work\MCHPTCPStack\MCHPTCPStack 3.60\Source\ICMP.c
              IPGetHeader   0x00b80e    program     extern C:\Work\MCHPTCPStack\MCHPTCPStack 3.60\Source\IP.c
              IPPutHeader   0x00b8ea    program     extern C:\Work\MCHPTCPStack\MCHPTCPStack 3.60\Source\IP.c
            IPSetRxBuffer   0x00ba02    program     extern C:\Work\MCHPTCPStack\MCHPTCPStack 3.60\Source\IP.c
            InitAppConfig   0x00a9c8    program     static C:\Work\MCHPTCPStack\MCHPTCPStack 3.60\Source\MainDemo.c
          InitializeBoard   0x00a97e    program     static C:\Work\MCHPTCPStack\MCHPTCPStack 3.60\Source\MainDemo.c
          InvalidInputMsg   0x00c7ee    program     extern C:\Work\MCHPTCPStack\MCHPTCPStack 3.60\Source\MainDemo.c
        MACCalcRxChecksum   0x008a8a    program     extern C:\Work\MCHPTCPStack\MCHPTCPStack 3.60\Source\ENC28J60.c
        MACCalcTxChecksum   0x008b8c    program     extern C:\Work\MCHPTCPStack\MCHPTCPStack 3.60\Source\ENC28J60.c
             MACDiscardRx   0x008338    program     extern C:\Work\MCHPTCPStack\MCHPTCPStack 3.60\Source\ENC28J60.c
             MACDiscardTx   0x00830c    program     extern C:\Work\MCHPTCPStack\MCHPTCPStack 3.60\Source\ENC28J60.c
                 MACFlush   0x008706    program     extern C:\Work\MCHPTCPStack\MCHPTCPStack 3.60\Source\ENC28J60.c
                   MACGet   0x008d94    program     extern C:\Work\MCHPTCPStack\MCHPTCPStack 3.60\Source\ENC28J60.c
              MACGetArray   0x008db6    program     extern C:\Work\MCHPTCPStack\MCHPTCPStack 3.60\Source\ENC28J60.c
         MACGetFreeRxSize   0x0083b4    program     extern C:\Work\MCHPTCPStack\MCHPTCPStack 3.60\Source\ENC28J60.c
             MACGetHeader   0x0084c2    program     extern C:\Work\MCHPTCPStack\MCHPTCPStack 3.60\Source\ENC28J60.c
           MACGetTxBuffer   0x00827e    program     extern C:\Work\MCHPTCPStack\MCHPTCPStack 3.60\Source\ENC28J60.c
                  MACInit   0x007f80    program     extern C:\Work\MCHPTCPStack\MCHPTCPStack 3.60\Source\ENC28J60.c
              MACIsLinked   0x0081fc    program     extern C:\Work\MCHPTCPStack\MCHPTCPStack 3.60\Source\ENC28J60.c
             MACIsTxReady   0x008210    program     extern C:\Work\MCHPTCPStack\MCHPTCPStack 3.60\Source\ENC28J60.c
             MACPowerDown   0x0090a8    program     extern C:\Work\MCHPTCPStack\MCHPTCPStack 3.60\Source\ENC28J60.c
               MACPowerUp   0x0090e6    program     extern C:\Work\MCHPTCPStack\MCHPTCPStack 3.60\Source\ENC28J60.c
                   MACPut   0x008e10    program     extern C:\Work\MCHPTCPStack\MCHPTCPStack 3.60\Source\ENC28J60.c
              MACPutArray   0x008e2c    program     extern C:\Work\MCHPTCPStack\MCHPTCPStack 3.60\Source\ENC28J60.c
             MACPutHeader   0x008610    program     extern C:\Work\MCHPTCPStack\MCHPTCPStack 3.60\Source\ENC28J60.c
             MACSetDuplex   0x00900a    program     extern C:\Work\MCHPTCPStack\MCHPTCPStack 3.60\Source\ENC28J60.c
           MACSetRxBuffer   0x008998    program     extern C:\Work\MCHPTCPStack\MCHPTCPStack 3.60\Source\ENC28J60.c
           MACSetTxBuffer   0x008a16    program     extern C:\Work\MCHPTCPStack\MCHPTCPStack 3.60\Source\ENC28J60.c
                MPFSClose   0x00cad8    program     extern C:\Work\MCHPTCPStack\MCHPTCPStack 3.60\Source\MPFS.c
               MPFSFormat   0x00cb2e    program     extern C:\Work\MCHPTCPStack\MCHPTCPStack 3.60\Source\MPFS.c
                  MPFSGet   0x00cae6    program     extern C:\Work\MCHPTCPStack\MCHPTCPStack 3.60\Source\MPFS.c
                 MPFSInit   0x00c9dc    program     extern C:\Work\MCHPTCPStack\MCHPTCPStack 3.60\Source\MPFS.c
                 MPFSOpen   0x00c9e4    program     extern C:\Work\MCHPTCPStack\MCHPTCPStack 3.60\Source\MPFS.c
                  MPFSPut   0x00cb3a    program     extern C:\Work\MCHPTCPStack\MCHPTCPStack 3.60\Source\MPFS.c
               MPFSPutEnd   0x00cb3c    program     extern C:\Work\MCHPTCPStack\MCHPTCPStack 3.60\Source\MPFS.c
                 MPFSSeek   0x00cb46    program     extern C:\Work\MCHPTCPStack\MCHPTCPStack 3.60\Source\MPFS.c
                MPFS_0000   0x000068    program     static C:\Work\MCHPTCPStack\MCHPTCPStack 3.60\Source\MPFSImg.c
                MPFS_0001   0x00061a    program     static C:\Work\MCHPTCPStack\MCHPTCPStack 3.60\Source\MPFSImg.c
                MPFS_0002   0x000621    program     static C:\Work\MCHPTCPStack\MCHPTCPStack 3.60\Source\MPFSImg.c
                MPFS_0003   0x000628    program     static C:\Work\MCHPTCPStack\MCHPTCPStack 3.60\Source\MPFSImg.c
                MPFS_0004   0x00062f    program     static C:\Work\MCHPTCPStack\MCHPTCPStack 3.60\Source\MPFSImg.c
                MPFS_0005   0x000636    program     static C:\Work\MCHPTCPStack\MCHPTCPStack 3.60\Source\MPFSImg.c
                MPFS_0006   0x00063d    program     static C:\Work\MCHPTCPStack\MCHPTCPStack 3.60\Source\MPFSImg.c
                MPFS_0007   0x001ce7    program     static C:\Work\MCHPTCPStack\MCHPTCPStack 3.60\Source\MPFSImg.c
                MPFS_0008   0x002b6e    program     static C:\Work\MCHPTCPStack\MCHPTCPStack 3.60\Source\MPFSImg.c
                MPFS_0009   0x003fd9    program     static C:\Work\MCHPTCPStack\MCHPTCPStack 3.60\Source\MPFSImg.c
                MPFS_0010   0x004213    program     static C:\Work\MCHPTCPStack\MCHPTCPStack 3.60\Source\MPFSImg.c
                MPFS_0011   0x005744    program     static C:\Work\MCHPTCPStack\MCHPTCPStack 3.60\Source\MPFSImg.c
                MPFS_0012   0x00574b    program     static C:\Work\MCHPTCPStack\MCHPTCPStack 3.60\Source\MPFSImg.c
                MPFS_0013   0x005752    program     static C:\Work\MCHPTCPStack\MCHPTCPStack 3.60\Source\MPFSImg.c
                MPFS_0014   0x0060d1    program     static C:\Work\MCHPTCPStack\MCHPTCPStack 3.60\Source\MPFSImg.c
                MPFS_0015   0x0060d8    program     static C:\Work\MCHPTCPStack\MCHPTCPStack 3.60\Source\MPFSImg.c
                MPFS_0016   0x006222    program     static C:\Work\MCHPTCPStack\MCHPTCPStack 3.60\Source\MPFSImg.c
                MPFS_0017   0x006313    program     static C:\Work\MCHPTCPStack\MCHPTCPStack 3.60\Source\MPFSImg.c
               MPFS_Start   0x00631a    program     extern C:\Work\MCHPTCPStack\MCHPTCPStack 3.60\Source\MPFSImg.c
                    NewIP   0x00c668    program     extern C:\Work\MCHPTCPStack\MCHPTCPStack 3.60\Source\MainDemo.c
                  OneByte   0x00c43a    program     static C:\MCC18\SRC\TRADIT~1\STDCLIB\itobcd.asm
                ProcLower   0x00c3ee    program     static C:\MCC18\SRC\TRADIT~1\STDCLIB\itoa.asm
                ProcUpper   0x00c3e4    program     static C:\MCC18\SRC\TRADIT~1\STDCLIB\itoa.asm
                ProcessIO   0x00a6e2    program     static C:\Work\MCHPTCPStack\MCHPTCPStack 3.60\Source\MainDemo.c
               ReadETHReg   0x008e76    program     static C:\Work\MCHPTCPStack\MCHPTCPStack 3.60\Source\ENC28J60.c
               ReadMACReg   0x008e98    program     static C:\Work\MCHPTCPStack\MCHPTCPStack 3.60\Source\ENC28J60.c
               ReadPHYReg   0x008ec2    program     extern C:\Work\MCHPTCPStack\MCHPTCPStack 3.60\Source\ENC28J60.c
           ReadStringUART   0x00bd62    program     extern C:\Work\MCHPTCPStack\MCHPTCPStack 3.60\Source\Helpers.c
                ReadUSART   0x00ce70    program     extern C:\Work\MCHPTCPStack\MCHPTCPStack 3.60\Source\UART.c
                 SendFile   0x00967c    program     static C:\Work\MCHPTCPStack\MCHPTCPStack 3.60\Source\HTTP.c
          SendSystemReset   0x008e66    program     static C:\Work\MCHPTCPStack\MCHPTCPStack 3.60\Source\ENC28J60.c
                SetCLKOUT   0x009114    program     extern C:\Work\MCHPTCPStack\MCHPTCPStack 3.60\Source\ENC28J60.c
                SetConfig   0x00aca0    program     static C:\Work\MCHPTCPStack\MCHPTCPStack 3.60\Source\MainDemo.c
                StackInit   0x00c44c    program     extern C:\Work\MCHPTCPStack\MCHPTCPStack 3.60\Source\StackTsk.c
                StackTask   0x00c462    program     extern C:\Work\MCHPTCPStack\MCHPTCPStack 3.60\Source\StackTsk.c
        StringToIPAddress   0x00a9ce    program     extern C:\Work\MCHPTCPStack\MCHPTCPStack 3.60\Source\MainDemo.c
            SwapARPPacket   0x00b770    program     static C:\Work\MCHPTCPStack\MCHPTCPStack 3.60\Source\ARP.c
           SwapICMPPacket   0x00c184    program     static C:\Work\MCHPTCPStack\MCHPTCPStack 3.60\Source\ICMP.c
             SwapIPHeader   0x00ba1a    program     static C:\Work\MCHPTCPStack\MCHPTCPStack 3.60\Source\IP.c
            SwapTCPHeader   0x0074b6    program     static C:\Work\MCHPTCPStack\MCHPTCPStack 3.60\Source\TCP.c
               TCPDiscard   0x0069a8    program     extern C:\Work\MCHPTCPStack\MCHPTCPStack 3.60\Source\TCP.c
            TCPDisconnect   0x0065e6    program     extern C:\Work\MCHPTCPStack\MCHPTCPStack 3.60\Source\TCP.c
                 TCPFlush   0x0066e8    program     extern C:\Work\MCHPTCPStack\MCHPTCPStack 3.60\Source\TCP.c
                   TCPGet   0x006a7e    program     extern C:\Work\MCHPTCPStack\MCHPTCPStack 3.60\Source\TCP.c
              TCPGetArray   0x0069f0    program     extern C:\Work\MCHPTCPStack\MCHPTCPStack 3.60\Source\TCP.c
                  TCPInit   0x006438    program     extern C:\Work\MCHPTCPStack\MCHPTCPStack 3.60\Source\TCP.c
           TCPIsConnected   0x0065c6    program     extern C:\Work\MCHPTCPStack\MCHPTCPStack 3.60\Source\TCP.c
            TCPIsGetReady   0x006b34    program     extern C:\Work\MCHPTCPStack\MCHPTCPStack 3.60\Source\TCP.c
            TCPIsPutReady   0x006838    program     extern C:\Work\MCHPTCPStack\MCHPTCPStack 3.60\Source\TCP.c
                TCPListen   0x006500    program     extern C:\Work\MCHPTCPStack\MCHPTCPStack 3.60\Source\TCP.c
               TCPProcess   0x006eec    program     extern C:\Work\MCHPTCPStack\MCHPTCPStack 3.60\Source\TCP.c
                   TCPPut   0x0068ae    program     extern C:\Work\MCHPTCPStack\MCHPTCPStack 3.60\Source\TCP.c
                  TCPTick   0x006b5c    program     extern C:\Work\MCHPTCPStack\MCHPTCPStack 3.60\Source\TCP.c
                  TickGet   0x00d00e    program     extern C:\Work\MCHPTCPStack\MCHPTCPStack 3.60\Source\Tick.c
                 TickInit   0x00cffa    program     extern C:\Work\MCHPTCPStack\MCHPTCPStack 3.60\Source\Tick.c
               TickUpdate   0x00d020    program     extern C:\Work\MCHPTCPStack\MCHPTCPStack 3.60\Source\Tick.c
              TransmitTCP   0x007082    program     static C:\Work\MCHPTCPStack\MCHPTCPStack 3.60\Source\TCP.c
                 TstLower   0x00c3d8    program     static C:\MCC18\SRC\TRADIT~1\STDCLIB\itoa.asm
                 TstUpper   0x00c3d2    program     static C:\MCC18\SRC\TRADIT~1\STDCLIB\itoa.asm
                 UDPClose   0x00adf2    program     extern C:\Work\MCHPTCPStack\MCHPTCPStack 3.60\Source\UDP.c
               UDPDiscard   0x00b144    program     extern C:\Work\MCHPTCPStack\MCHPTCPStack 3.60\Source\UDP.c
                 UDPFlush   0x00af26    program     extern C:\Work\MCHPTCPStack\MCHPTCPStack 3.60\Source\UDP.c
                   UDPGet   0x00b07a    program     extern C:\Work\MCHPTCPStack\MCHPTCPStack 3.60\Source\UDP.c
                  UDPInit   0x00acd2    program     extern C:\Work\MCHPTCPStack\MCHPTCPStack 3.60\Source\UDP.c
            UDPIsGetReady   0x00b04a    program     extern C:\Work\MCHPTCPStack\MCHPTCPStack 3.60\Source\UDP.c
                  UDPOpen   0x00ad20    program     extern C:\Work\MCHPTCPStack\MCHPTCPStack 3.60\Source\UDP.c
               UDPProcess   0x00b190    program     extern C:\Work\MCHPTCPStack\MCHPTCPStack 3.60\Source\UDP.c
                   UDPPut   0x00ae16    program     extern C:\Work\MCHPTCPStack\MCHPTCPStack 3.60\Source\UDP.c
              WritePHYReg   0x008fa0    program     extern C:\Work\MCHPTCPStack\MCHPTCPStack 3.60\Source\ENC28J60.c
                 WriteReg   0x008f40    program     static C:\Work\MCHPTCPStack\MCHPTCPStack 3.60\Source\ENC28J60.c
               WriteUSART   0x00ce74    program     extern C:\Work\MCHPTCPStack\MCHPTCPStack 3.60\Source\UART.c
              _3jContinue   0x00c8b4    program     static C:\MCC18\SRC\TRADIT~1\STDCLIB\mcmpp2r.asm
              _3jContinue   0x00c950    program     static C:\MCC18\SRC\TRADIT~1\STDCLIB\mcpyp2r.asm
              _4jContinue   0x00c8fc    program     static C:\MCC18\SRC\TRADIT~1\STDCLIB\memcpy.asm
              _4jContinue   0x00c864    program     static C:\MCC18\SRC\TRADIT~1\STDCLIB\memcmp.asm
                   _4jEnd   0x00c95a    program     static C:\MCC18\SRC\TRADIT~1\STDCLIB\mcpyp2r.asm
                   _4jEnd   0x00c8be    program     static C:\MCC18\SRC\TRADIT~1\STDCLIB\mcmpp2r.asm
                   _5jEnd   0x00c906    program     static C:\MCC18\SRC\TRADIT~1\STDCLIB\memcpy.asm
                   _5jEnd   0x00c86e    program     static C:\MCC18\SRC\TRADIT~1\STDCLIB\memcmp.asm
        _D1KTCYXCODE_0010   0x00d04c    program     static C:\MCC18\SRC\TRADIT~1\DELAYS\d1ktcyx.asm
        _D1KTCYXCODE_0016   0x00d052    program     static C:\MCC18\SRC\TRADIT~1\DELAYS\d1ktcyx.asm
             _DHCPReceive   0x009e80    program     static C:\Work\MCHPTCPStack\MCHPTCPStack 3.60\Source\DHCP.c
                _DHCPSend   0x00a26a    program     static C:\Work\MCHPTCPStack\MCHPTCPStack 3.60\Source\DHCP.c
           ___if_lbl00038   0x0084e6    program     static                          
           ___if_lbl00039   0x0084f2    program     static                          
           ___if_lbl00045   0x0085a0    program     static                          
           ___if_lbl00048   0x008606    program     static                          
       ___return_lbl00000   0x000004    program     static                          
       ___return_lbl00001   0x00000c    program     static                          
       ___return_lbl00001   0x00d072    program     static                          
       ___return_lbl00002   0x00cfa2    program     static                          
       ___return_lbl00037   0x00860e    program     static                          
               __config_0   0x300001    program     static C:\Work\MCHPTCPStack\MCHPTCPStack 3.60\Source\MainDemo.c
               __config_1   0x300002    program     static C:\Work\MCHPTCPStack\MCHPTCPStack 3.60\Source\MainDemo.c
               __config_2   0x300003    program     static C:\Work\MCHPTCPStack\MCHPTCPStack 3.60\Source\MainDemo.c
               __config_3   0x300006    program     static C:\Work\MCHPTCPStack\MCHPTCPStack 3.60\Source\MainDemo.c
              __string_10   0x00cdde    program     static C:\Work\MCHPTCPStack\MCHPTCPStack 3.60\Source\MainDemo.c
              __string_11   0x00cdbe    program     static C:\Work\MCHPTCPStack\MCHPTCPStack 3.60\Source\MainDemo.c
              __string_12   0x00cd9d    program     static C:\Work\MCHPTCPStack\MCHPTCPStack 3.60\Source\MainDemo.c
              __string_13   0x00cd65    program     static C:\Work\MCHPTCPStack\MCHPTCPStack 3.60\Source\MainDemo.c
              __string_14   0x00cd1f    program     static C:\Work\MCHPTCPStack\MCHPTCPStack 3.60\Source\HTTP.c
              __string_14   0x00cd46    program     static C:\Work\MCHPTCPStack\MCHPTCPStack 3.60\Source\MainDemo.c
              __string_15   0x00ccf8    program     static C:\Work\MCHPTCPStack\MCHPTCPStack 3.60\Source\HTTP.c
               __string_4   0x00ce47    program     static C:\Work\MCHPTCPStack\MCHPTCPStack 3.60\Source\MainDemo.c
               __string_5   0x00ce3b    program     static C:\Work\MCHPTCPStack\MCHPTCPStack 3.60\Source\MainDemo.c
               __string_7   0x00ce29    program     static C:\Work\MCHPTCPStack\MCHPTCPStack 3.60\Source\MainDemo.c
               __string_8   0x00ce12    program     static C:\Work\MCHPTCPStack\MCHPTCPStack 3.60\Source\MainDemo.c
               __string_9   0x00cdf6    program     static C:\Work\MCHPTCPStack\MCHPTCPStack 3.60\Source\MainDemo.c
              __tmplbl_10   0x0085fa    program     static                          
              __tmplbl_11   0x0085ec    program     static                          
              __tmplbl_12   0x0085f2    program     static                          
               __tmplbl_3   0x00859e    program     static                          
               __tmplbl_4   0x008594    program     static                          
               __tmplbl_5   0x008586    program     static                          
               __tmplbl_6   0x00857c    program     static                          
               __tmplbl_7   0x008572    program     static                          
               __tmplbl_8   0x008568    program     static                          
               __tmplbl_9   0x008566    program     static                          
                _do_cinit   0x00cf06    program     extern C:\MCC18\src\traditional\startup\c018i.c
                   _entry   0x000000    program     extern C:\MCC18\src\traditional\startup\c018i.c
                 _startup   0x00d05c    program     extern C:\MCC18\src\traditional\startup\c018i.c
                     atoi   0x00c22e    program     extern C:\MCC18\SRC\TRADIT~1\STDCLIB\atoi.asm
             btohexa_high   0x00bdee    program     extern C:\Work\MCHPTCPStack\MCHPTCPStack 3.60\Source\Helpers.c
              btohexa_low   0x00be0a    program     extern C:\Work\MCHPTCPStack\MCHPTCPStack 3.60\Source\Helpers.c
                copy_loop   0x00cf78    program     static                          
            copy_one_byte   0x00cf7e    program     static                          
                     done   0x00cfa2    program     static                          
             done_copying   0x00cf8c    program     static                          
                getsUSART   0x00ce7a    program     extern C:\Work\MCHPTCPStack\MCHPTCPStack 3.60\Source\UART.c
                  hexatob   0x00bdb4    program     extern C:\Work\MCHPTCPStack\MCHPTCPStack 3.60\Source\Helpers.c
             httpContents   0x00cba0    program     static C:\Work\MCHPTCPStack\MCHPTCPStack 3.60\Source\HTTP.c
                httpFiles   0x00cb80    program     static C:\Work\MCHPTCPStack\MCHPTCPStack 3.60\Source\HTTP.c
                   itoBCD   0x00c3f8    program     extern C:\MCC18\SRC\TRADIT~1\STDCLIB\itobcd.asm
                     itoa   0x00c318    program     extern C:\MCC18\SRC\TRADIT~1\STDCLIB\itoa.asm
                     jDo1   0x00c39e    program     static C:\MCC18\SRC\TRADIT~1\STDCLIB\itoa.asm
                     jDo2   0x00c39a    program     static C:\MCC18\SRC\TRADIT~1\STDCLIB\itoa.asm
                     jDo3   0x00c396    program     static C:\MCC18\SRC\TRADIT~1\STDCLIB\itoa.asm
                     jDo4   0x00c392    program     static C:\MCC18\SRC\TRADIT~1\STDCLIB\itoa.asm
                     jDo5   0x00c38e    program     static C:\MCC18\SRC\TRADIT~1\STDCLIB\itoa.asm
                     jEnd   0x00c436    program     static C:\MCC18\SRC\TRADIT~1\STDCLIB\itobcd.asm
                     jEnd   0x00c874    program     static C:\MCC18\SRC\TRADIT~1\STDCLIB\memcmp.asm
                     jEnd   0x00c8c6    program     static C:\MCC18\SRC\TRADIT~1\STDCLIB\mcmpp2r.asm
                     jEnd   0x00c90c    program     static C:\MCC18\SRC\TRADIT~1\STDCLIB\memcpy.asm
                     jEnd   0x00c962    program     static C:\MCC18\SRC\TRADIT~1\STDCLIB\mcpyp2r.asm
                     jEnd   0x00c994    program     static C:\MCC18\SRC\TRADIT~1\STDCLIB\scpyp2r.asm
                     jEnd   0x00c9b0    program     static C:\MCC18\SRC\TRADIT~1\STDCLIB\strlen.asm
                     jEnd   0x00c9da    program     static C:\MCC18\SRC\TRADIT~1\STDCLIB\strupr.asm
                     jEnd   0x00c2ec    program     static C:\MCC18\SRC\TRADIT~1\STDCLIB\atoi.asm
                 jEndLoop   0x00c2d4    program     static C:\MCC18\SRC\TRADIT~1\STDCLIB\atoi.asm
                    jLoop   0x00c98a    program     static C:\MCC18\SRC\TRADIT~1\STDCLIB\scpyp2r.asm
                    jLoop   0x00c410    program     static C:\MCC18\SRC\TRADIT~1\STDCLIB\itobcd.asm
                    jLoop   0x00c9a6    program     static C:\MCC18\SRC\TRADIT~1\STDCLIB\strlen.asm
                    jLoop   0x00c858    program     static C:\MCC18\SRC\TRADIT~1\STDCLIB\memcmp.asm
                    jLoop   0x00c286    program     static C:\MCC18\SRC\TRADIT~1\STDCLIB\atoi.asm
                    jLoop   0x00c8a8    program     static C:\MCC18\SRC\TRADIT~1\STDCLIB\mcmpp2r.asm
                    jLoop   0x00c944    program     static C:\MCC18\SRC\TRADIT~1\STDCLIB\mcpyp2r.asm
                    jLoop   0x00c9c6    program     static C:\MCC18\SRC\TRADIT~1\STDCLIB\strupr.asm
                    jLoop   0x00c8f0    program     static C:\MCC18\SRC\TRADIT~1\STDCLIB\memcpy.asm
                    jSkip   0x00c9d6    program     static C:\MCC18\SRC\TRADIT~1\STDCLIB\strupr.asm
                  jSkipWS   0x00c25c    program     static C:\MCC18\SRC\TRADIT~1\STDCLIB\atoi.asm
                 jSkipWS1   0x00c26e    program     static C:\MCC18\SRC\TRADIT~1\STDCLIB\atoi.asm
                jTstLowZ1   0x00c3e2    program     static C:\MCC18\SRC\TRADIT~1\STDCLIB\itoa.asm
                 jTstSign   0x00c272    program     static C:\MCC18\SRC\TRADIT~1\STDCLIB\atoi.asm
                jTstSign1   0x00c27e    program     static C:\MCC18\SRC\TRADIT~1\STDCLIB\atoi.asm
                jTstSign1   0x00c344    program     static C:\MCC18\SRC\TRADIT~1\STDCLIB\itoa.asm
                jTstSign2   0x00c284    program     static C:\MCC18\SRC\TRADIT~1\STDCLIB\atoi.asm
                jTstSign3   0x00c286    program     static C:\MCC18\SRC\TRADIT~1\STDCLIB\atoi.asm
                     loop   0x00d06c    program     static                          
                     main   0x00a506    program     extern C:\Work\MCHPTCPStack\MCHPTCPStack 3.60\Source\MainDemo.c
                   memcmp   0x00c838    program     extern C:\MCC18\SRC\TRADIT~1\STDCLIB\memcmp.asm
            memcmppgm2ram   0x00c88a    program     extern C:\MCC18\SRC\TRADIT~1\STDCLIB\mcmpp2r.asm
                   memcpy   0x00c8c8    program     extern C:\MCC18\SRC\TRADIT~1\STDCLIB\memcpy.asm
            memcpypgm2ram   0x00c91e    program     extern C:\MCC18\SRC\TRADIT~1\STDCLIB\mcpyp2r.asm
                     menu   0x00c69b    program     extern C:\Work\MCHPTCPStack\MCHPTCPStack 3.60\Source\MainDemo.c
               putrsUSART   0x00ced8    program     extern C:\Work\MCHPTCPStack\MCHPTCPStack 3.60\Source\UART.c
                putsUSART   0x00ceae    program     extern C:\Work\MCHPTCPStack\MCHPTCPStack 3.60\Source\UART.c
            strcpypgm2ram   0x00c964    program     extern C:\MCC18\SRC\TRADIT~1\STDCLIB\scpyp2r.asm
                   strlen   0x00c996    program     extern C:\MCC18\SRC\TRADIT~1\STDCLIB\strlen.asm
                   strupr   0x00c9b2    program     extern C:\MCC18\SRC\TRADIT~1\STDCLIB\strupr.asm
                    swapl   0x00be2e    program     extern C:\Work\MCHPTCPStack\MCHPTCPStack 3.60\Source\Helpers.c
                    swaps   0x00be24    program     extern C:\Work\MCHPTCPStack\MCHPTCPStack 3.60\Source\Helpers.c
                     test   0x00cf20    program     static                          
                   ADCON0   0x000fc2       data     extern C:\MCC18\SRC\TRADIT~1\PROC\p18f8722.asm
               ADCON0bits   0x000fc2       data     extern C:\MCC18\SRC\TRADIT~1\PROC\p18f8722.asm
                   ADCON1   0x000fc1       data     extern C:\MCC18\SRC\TRADIT~1\PROC\p18f8722.asm
               ADCON1bits   0x000fc1       data     extern C:\MCC18\SRC\TRADIT~1\PROC\p18f8722.asm
                   ADCON2   0x000fc0       data     extern C:\MCC18\SRC\TRADIT~1\PROC\p18f8722.asm
               ADCON2bits   0x000fc0       data     extern C:\MCC18\SRC\TRADIT~1\PROC\p18f8722.asm
                    ADRES   0x000fc3       data     extern C:\MCC18\SRC\TRADIT~1\PROC\p18f8722.asm
                   ADRESH   0x000fc4       data     extern C:\MCC18\SRC\TRADIT~1\PROC\p18f8722.asm
                   ADRESL   0x000fc3       data     extern C:\MCC18\SRC\TRADIT~1\PROC\p18f8722.asm
                AN0String   0x000166       data     static C:\Work\MCHPTCPStack\MCHPTCPStack 3.60\Source\MainDemo.c
                  Address   0x000f52       data     static C:\Work\MCHPTCPStack\MCHPTCPStack 3.60\Source\ENC28J60.c
                  Address   0x000f50       data     static C:\Work\MCHPTCPStack\MCHPTCPStack 3.60\Source\ENC28J60.c
                  Address   0x000f54       data     static C:\Work\MCHPTCPStack\MCHPTCPStack 3.60\Source\ENC28J60.c
                  Address   0x000f56       data     static C:\Work\MCHPTCPStack\MCHPTCPStack 3.60\Source\ENC28J60.c
                  Address   0x000f4f       data     static C:\Work\MCHPTCPStack\MCHPTCPStack 3.60\Source\ENC28J60.c
                AppConfig   0x000132       data     extern C:\Work\MCHPTCPStack\MCHPTCPStack 3.60\Source\MainDemo.c
               AsciiChars   0x0001e3       data     static C:\Work\MCHPTCPStack\MCHPTCPStack 3.60\Source\Helpers.c
                  BAUDCON   0x000f7e       data     extern C:\MCC18\SRC\TRADIT~1\PROC\p18f8722.asm
                 BAUDCON1   0x000f7e       data     extern C:\MCC18\SRC\TRADIT~1\PROC\p18f8722.asm
             BAUDCON1bits   0x000f7e       data     extern C:\MCC18\SRC\TRADIT~1\PROC\p18f8722.asm
                 BAUDCON2   0x000f7c       data     extern C:\MCC18\SRC\TRADIT~1\PROC\p18f8722.asm
             BAUDCON2bits   0x000f7c       data     extern C:\MCC18\SRC\TRADIT~1\PROC\p18f8722.asm
              BAUDCONbits   0x000f7e       data     extern C:\MCC18\SRC\TRADIT~1\PROC\p18f8722.asm
                      BSR   0x000fe0       data     extern C:\MCC18\SRC\TRADIT~1\PROC\p18f8722.asm
                BufferLen   0x0001e2       data     static C:\Work\MCHPTCPStack\MCHPTCPStack 3.60\Source\Helpers.c
                  CCP1CON   0x000fbd       data     extern C:\MCC18\SRC\TRADIT~1\PROC\p18f8722.asm
              CCP1CONbits   0x000fbd       data     extern C:\MCC18\SRC\TRADIT~1\PROC\p18f8722.asm
                  CCP2CON   0x000fba       data     extern C:\MCC18\SRC\TRADIT~1\PROC\p18f8722.asm
              CCP2CONbits   0x000fba       data     extern C:\MCC18\SRC\TRADIT~1\PROC\p18f8722.asm
                  CCP3CON   0x000fb7       data     extern C:\MCC18\SRC\TRADIT~1\PROC\p18f8722.asm
              CCP3CONbits   0x000fb7       data     extern C:\MCC18\SRC\TRADIT~1\PROC\p18f8722.asm
                  CCP4CON   0x000f73       data     extern C:\MCC18\SRC\TRADIT~1\PROC\p18f8722.asm
              CCP4CONbits   0x000f73       data     extern C:\MCC18\SRC\TRADIT~1\PROC\p18f8722.asm
                  CCP5CON   0x000f70       data     extern C:\MCC18\SRC\TRADIT~1\PROC\p18f8722.asm
              CCP5CONbits   0x000f70       data     extern C:\MCC18\SRC\TRADIT~1\PROC\p18f8722.asm
                    CCPR1   0x000fbe       data     extern C:\MCC18\SRC\TRADIT~1\PROC\p18f8722.asm
                   CCPR1H   0x000fbf       data     extern C:\MCC18\SRC\TRADIT~1\PROC\p18f8722.asm
                   CCPR1L   0x000fbe       data     extern C:\MCC18\SRC\TRADIT~1\PROC\p18f8722.asm
                    CCPR2   0x000fbb       data     extern C:\MCC18\SRC\TRADIT~1\PROC\p18f8722.asm
                   CCPR2H   0x000fbc       data     extern C:\MCC18\SRC\TRADIT~1\PROC\p18f8722.asm
                   CCPR2L   0x000fbb       data     extern C:\MCC18\SRC\TRADIT~1\PROC\p18f8722.asm
                    CCPR3   0x000fb8       data     extern C:\MCC18\SRC\TRADIT~1\PROC\p18f8722.asm
                   CCPR3H   0x000fb9       data     extern C:\MCC18\SRC\TRADIT~1\PROC\p18f8722.asm
                   CCPR3L   0x000fb8       data     extern C:\MCC18\SRC\TRADIT~1\PROC\p18f8722.asm
                    CCPR4   0x000f74       data     extern C:\MCC18\SRC\TRADIT~1\PROC\p18f8722.asm
                   CCPR4H   0x000f75       data     extern C:\MCC18\SRC\TRADIT~1\PROC\p18f8722.asm
                   CCPR4L   0x000f74       data     extern C:\MCC18\SRC\TRADIT~1\PROC\p18f8722.asm
                    CCPR5   0x000f71       data     extern C:\MCC18\SRC\TRADIT~1\PROC\p18f8722.asm
                   CCPR5H   0x000f72       data     extern C:\MCC18\SRC\TRADIT~1\PROC\p18f8722.asm
                   CCPR5L   0x000f71       data     extern C:\MCC18\SRC\TRADIT~1\PROC\p18f8722.asm
                    CMCON   0x000fb4       data     extern C:\MCC18\SRC\TRADIT~1\PROC\p18f8722.asm
                CMCONbits   0x000fb4       data     extern C:\MCC18\SRC\TRADIT~1\PROC\p18f8722.asm
                   CVRCON   0x000fb5       data     extern C:\MCC18\SRC\TRADIT~1\PROC\p18f8722.asm
               CVRCONbits   0x000fb5       data     extern C:\MCC18\SRC\TRADIT~1\PROC\p18f8722.asm
             CalcChecksum   0x000c28       data     static C:\Work\MCHPTCPStack\MCHPTCPStack 3.60\Source\ICMP.c
             CalcChecksum   0x000c00       data     static C:\Work\MCHPTCPStack\MCHPTCPStack 3.60\Source\IP.c
    CurrentPacketLocation   0x000f27       data     extern C:\Work\MCHPTCPStack\MCHPTCPStack 3.60\Source\ENC28J60.c
          CurrentTxBuffer   0x000f23       data     extern C:\Work\MCHPTCPStack\MCHPTCPStack 3.60\Source\ENC28J60.c
                     DDRA   0x000f92       data     extern C:\MCC18\SRC\TRADIT~1\PROC\p18f8722.asm
                 DDRAbits   0x000f92       data     extern C:\MCC18\SRC\TRADIT~1\PROC\p18f8722.asm
                     DDRB   0x000f93       data     extern C:\MCC18\SRC\TRADIT~1\PROC\p18f8722.asm
                 DDRBbits   0x000f93       data     extern C:\MCC18\SRC\TRADIT~1\PROC\p18f8722.asm
                     DDRC   0x000f94       data     extern C:\MCC18\SRC\TRADIT~1\PROC\p18f8722.asm
                 DDRCbits   0x000f94       data     extern C:\MCC18\SRC\TRADIT~1\PROC\p18f8722.asm
                     DDRD   0x000f95       data     extern C:\MCC18\SRC\TRADIT~1\PROC\p18f8722.asm
                 DDRDbits   0x000f95       data     extern C:\MCC18\SRC\TRADIT~1\PROC\p18f8722.asm
                     DDRE   0x000f96       data     extern C:\MCC18\SRC\TRADIT~1\PROC\p18f8722.asm
                 DDREbits   0x000f96       data     extern C:\MCC18\SRC\TRADIT~1\PROC\p18f8722.asm
                     DDRF   0x000f97       data     extern C:\MCC18\SRC\TRADIT~1\PROC\p18f8722.asm
                 DDRFbits   0x000f97       data     extern C:\MCC18\SRC\TRADIT~1\PROC\p18f8722.asm
                     DDRG   0x000f98       data     extern C:\MCC18\SRC\TRADIT~1\PROC\p18f8722.asm
                 DDRGbits   0x000f98       data     extern C:\MCC18\SRC\TRADIT~1\PROC\p18f8722.asm
                     DDRH   0x000f99       data     extern C:\MCC18\SRC\TRADIT~1\PROC\p18f8722.asm
                 DDRHbits   0x000f99       data     extern C:\MCC18\SRC\TRADIT~1\PROC\p18f8722.asm
                     DDRJ   0x000f9a       data     extern C:\MCC18\SRC\TRADIT~1\PROC\p18f8722.asm
                 DDRJbits   0x000f9a       data     extern C:\MCC18\SRC\TRADIT~1\PROC\p18f8722.asm
            DHCPBindCount   0x000218       data     extern C:\Work\MCHPTCPStack\MCHPTCPStack 3.60\Source\DHCP.c
            DHCPLeaseTime   0x0000e1       data     static C:\Work\MCHPTCPStack\MCHPTCPStack 3.60\Source\DHCP.c
      DHCPRecvReturnValue   0x000c0a       data     static C:\Work\MCHPTCPStack\MCHPTCPStack 3.60\Source\DHCP.c
             DHCPServerID   0x0000dd       data     static C:\Work\MCHPTCPStack\MCHPTCPStack 3.60\Source\DHCP.c
           DHCPServerNode   0x000c00       data     static C:\Work\MCHPTCPStack\MCHPTCPStack 3.60\Source\DHCP.c
               DHCPSocket   0x000216       data     static C:\Work\MCHPTCPStack\MCHPTCPStack 3.60\Source\DHCP.c
                DHCPState   0x000217       data     extern C:\Work\MCHPTCPStack\MCHPTCPStack 3.60\Source\DHCP.c
                     Data   0x000f53       data     static C:\Work\MCHPTCPStack\MCHPTCPStack 3.60\Source\ENC28J60.c
                     Data   0x000f59       data     static C:\Work\MCHPTCPStack\MCHPTCPStack 3.60\Source\ENC28J60.c
                     Data   0x000f55       data     static C:\Work\MCHPTCPStack\MCHPTCPStack 3.60\Source\ENC28J60.c
                     Data   0x000f57       data     static C:\Work\MCHPTCPStack\MCHPTCPStack 3.60\Source\ENC28J60.c
            DelayCounter1   0x00001b       data     extern C:\MCC18\SRC\TRADIT~1\DELAYS\delayd1.asm
                     Dest   0x0001e0       data     static C:\Work\MCHPTCPStack\MCHPTCPStack 3.60\Source\Helpers.c
                    Dummy   0x000cc5       data     static C:\Work\MCHPTCPStack\MCHPTCPStack 3.60\Source\ENC28J60.c
                    Dummy   0x000cc3       data     static C:\Work\MCHPTCPStack\MCHPTCPStack 3.60\Source\ENC28J60.c
                    Dummy   0x000cc5       data     static C:\Work\MCHPTCPStack\MCHPTCPStack 3.60\Source\ENC28J60.c
                    Dummy   0x000cc5       data     static C:\Work\MCHPTCPStack\MCHPTCPStack 3.60\Source\ENC28J60.c
                    Dummy   0x000cc3       data     static C:\Work\MCHPTCPStack\MCHPTCPStack 3.60\Source\ENC28J60.c
                    Dummy   0x000cb9       data     static C:\Work\MCHPTCPStack\MCHPTCPStack 3.60\Source\ENC28J60.c
                    Dummy   0x000c00       data     static C:\Work\MCHPTCPStack\MCHPTCPStack 3.60\Source\ENC28J60.c
              DuplexState   0x000f5d       data     static C:\Work\MCHPTCPStack\MCHPTCPStack 3.60\Source\ENC28J60.c
                  ECCP1AS   0x000fb6       data     extern C:\MCC18\SRC\TRADIT~1\PROC\p18f8722.asm
              ECCP1ASbits   0x000fb6       data     extern C:\MCC18\SRC\TRADIT~1\PROC\p18f8722.asm
                 ECCP1CON   0x000fbd       data     extern C:\MCC18\SRC\TRADIT~1\PROC\p18f8722.asm
             ECCP1CONbits   0x000fbd       data     extern C:\MCC18\SRC\TRADIT~1\PROC\p18f8722.asm
                 ECCP1DEL   0x000f79       data     extern C:\MCC18\SRC\TRADIT~1\PROC\p18f8722.asm
             ECCP1DELbits   0x000f79       data     extern C:\MCC18\SRC\TRADIT~1\PROC\p18f8722.asm
                  ECCP2AS   0x000f68       data     extern C:\MCC18\SRC\TRADIT~1\PROC\p18f8722.asm
              ECCP2ASbits   0x000f68       data     extern C:\MCC18\SRC\TRADIT~1\PROC\p18f8722.asm
                 ECCP2CON   0x000fba       data     extern C:\MCC18\SRC\TRADIT~1\PROC\p18f8722.asm
             ECCP2CONbits   0x000fba       data     extern C:\MCC18\SRC\TRADIT~1\PROC\p18f8722.asm
                 ECCP2DEL   0x000f67       data     extern C:\MCC18\SRC\TRADIT~1\PROC\p18f8722.asm
             ECCP2DELbits   0x000f67       data     extern C:\MCC18\SRC\TRADIT~1\PROC\p18f8722.asm
                  ECCP3AS   0x000f6a       data     extern C:\MCC18\SRC\TRADIT~1\PROC\p18f8722.asm
              ECCP3ASbits   0x000f6a       data     extern C:\MCC18\SRC\TRADIT~1\PROC\p18f8722.asm
                 ECCP3CON   0x000fb7       data     extern C:\MCC18\SRC\TRADIT~1\PROC\p18f8722.asm
             ECCP3CONbits   0x000fb7       data     extern C:\MCC18\SRC\TRADIT~1\PROC\p18f8722.asm
                 ECCP3DEL   0x000f69       data     extern C:\MCC18\SRC\TRADIT~1\PROC\p18f8722.asm
             ECCP3DELbits   0x000f69       data     extern C:\MCC18\SRC\TRADIT~1\PROC\p18f8722.asm
                    EEADR   0x000fa9       data     extern C:\MCC18\SRC\TRADIT~1\PROC\p18f8722.asm
                   EEADRH   0x000faa       data     extern C:\MCC18\SRC\TRADIT~1\PROC\p18f8722.asm
                   EECON1   0x000fa6       data     extern C:\MCC18\SRC\TRADIT~1\PROC\p18f8722.asm
               EECON1bits   0x000fa6       data     extern C:\MCC18\SRC\TRADIT~1\PROC\p18f8722.asm
                   EECON2   0x000fa7       data     extern C:\MCC18\SRC\TRADIT~1\PROC\p18f8722.asm
                   EEDATA   0x000fa8       data     extern C:\MCC18\SRC\TRADIT~1\PROC\p18f8722.asm
                 ENCRevID   0x000f2a       data     extern C:\Work\MCHPTCPStack\MCHPTCPStack 3.60\Source\ENC28J60.c
                      FAT   0x000c94       data     static C:\Work\MCHPTCPStack\MCHPTCPStack 3.60\Source\MPFS.c
                     FSR0   0x000fe9       data     extern C:\MCC18\SRC\TRADIT~1\PROC\p18f8722.asm
                    FSR0H   0x000fea       data     extern C:\MCC18\SRC\TRADIT~1\PROC\p18f8722.asm
                    FSR0L   0x000fe9       data     extern C:\MCC18\SRC\TRADIT~1\PROC\p18f8722.asm
                     FSR1   0x000fe1       data     extern C:\MCC18\SRC\TRADIT~1\PROC\p18f8722.asm
                    FSR1H   0x000fe2       data     extern C:\MCC18\SRC\TRADIT~1\PROC\p18f8722.asm
                    FSR1L   0x000fe1       data     extern C:\MCC18\SRC\TRADIT~1\PROC\p18f8722.asm
                     FSR2   0x000fd9       data     extern C:\MCC18\SRC\TRADIT~1\PROC\p18f8722.asm
                    FSR2H   0x000fda       data     extern C:\MCC18\SRC\TRADIT~1\PROC\p18f8722.asm
                    FSR2L   0x000fd9       data     extern C:\MCC18\SRC\TRADIT~1\PROC\p18f8722.asm
                      HCB   0x00018f       data     static C:\Work\MCHPTCPStack\MCHPTCPStack 3.60\Source\HTTP.c
                  HLVDCON   0x000fd2       data     extern C:\MCC18\SRC\TRADIT~1\PROC\p18f8722.asm
              HLVDCONbits   0x000fd2       data     extern C:\MCC18\SRC\TRADIT~1\PROC\p18f8722.asm
             HTTPMessages   0x000211       data     static C:\Work\MCHPTCPStack\MCHPTCPStack 3.60\Source\HTTP.c
                HexNumber   0x000cc1       data     static C:\Work\MCHPTCPStack\MCHPTCPStack 3.60\Source\HTTP.c
             HighPriority   0x000f2b       data     static C:\Work\MCHPTCPStack\MCHPTCPStack 3.60\Source\ENC28J60.c
             HighPriority   0x000f2c       data     static C:\Work\MCHPTCPStack\MCHPTCPStack 3.60\Source\ENC28J60.c
                   ICMPId   0x00012e       data     static C:\Work\MCHPTCPStack\MCHPTCPStack 3.60\Source\StackTsk.c
                  ICMPLen   0x000c28       data     static C:\Work\MCHPTCPStack\MCHPTCPStack 3.60\Source\ICMP.c
                  ICMPSeq   0x000130       data     static C:\Work\MCHPTCPStack\MCHPTCPStack 3.60\Source\StackTsk.c
                    INDF0   0x000fef       data     extern C:\MCC18\SRC\TRADIT~1\PROC\p18f8722.asm
                    INDF1   0x000fe7       data     extern C:\MCC18\SRC\TRADIT~1\PROC\p18f8722.asm
                    INDF2   0x000fdf       data     extern C:\MCC18\SRC\TRADIT~1\PROC\p18f8722.asm
                   INTCON   0x000ff2       data     extern C:\MCC18\SRC\TRADIT~1\PROC\p18f8722.asm
                  INTCON2   0x000ff1       data     extern C:\MCC18\SRC\TRADIT~1\PROC\p18f8722.asm
              INTCON2bits   0x000ff1       data     extern C:\MCC18\SRC\TRADIT~1\PROC\p18f8722.asm
                  INTCON3   0x000ff0       data     extern C:\MCC18\SRC\TRADIT~1\PROC\p18f8722.asm
              INTCON3bits   0x000ff0       data     extern C:\MCC18\SRC\TRADIT~1\PROC\p18f8722.asm
               INTCONbits   0x000ff2       data     extern C:\MCC18\SRC\TRADIT~1\PROC\p18f8722.asm
                  IPDigit   0x000c1a       data     static C:\Work\MCHPTCPStack\MCHPTCPStack 3.60\Source\MainDemo.c
              IPHeaderLen   0x0001ce       data     static C:\Work\MCHPTCPStack\MCHPTCPStack 3.60\Source\IP.c
                     IPR1   0x000f9f       data     extern C:\MCC18\SRC\TRADIT~1\PROC\p18f8722.asm
                 IPR1bits   0x000f9f       data     extern C:\MCC18\SRC\TRADIT~1\PROC\p18f8722.asm
                     IPR2   0x000fa2       data     extern C:\MCC18\SRC\TRADIT~1\PROC\p18f8722.asm
                 IPR2bits   0x000fa2       data     extern C:\MCC18\SRC\TRADIT~1\PROC\p18f8722.asm
                     IPR3   0x000fa5       data     extern C:\MCC18\SRC\TRADIT~1\PROC\p18f8722.asm
                 IPR3bits   0x000fa5       data     extern C:\MCC18\SRC\TRADIT~1\PROC\p18f8722.asm
                    IPVal   0x000164       data     static C:\Work\MCHPTCPStack\MCHPTCPStack 3.60\Source\MainDemo.c
                     LATA   0x000f89       data     extern C:\MCC18\SRC\TRADIT~1\PROC\p18f8722.asm
                 LATAbits   0x000f89       data     extern C:\MCC18\SRC\TRADIT~1\PROC\p18f8722.asm
                     LATB   0x000f8a       data     extern C:\MCC18\SRC\TRADIT~1\PROC\p18f8722.asm
                 LATBbits   0x000f8a       data     extern C:\MCC18\SRC\TRADIT~1\PROC\p18f8722.asm
                     LATC   0x000f8b       data     extern C:\MCC18\SRC\TRADIT~1\PROC\p18f8722.asm
                 LATCbits   0x000f8b       data     extern C:\MCC18\SRC\TRADIT~1\PROC\p18f8722.asm
                     LATD   0x000f8c       data     extern C:\MCC18\SRC\TRADIT~1\PROC\p18f8722.asm
                 LATDbits   0x000f8c       data     extern C:\MCC18\SRC\TRADIT~1\PROC\p18f8722.asm
                     LATE   0x000f8d       data     extern C:\MCC18\SRC\TRADIT~1\PROC\p18f8722.asm
                 LATEbits   0x000f8d       data     extern C:\MCC18\SRC\TRADIT~1\PROC\p18f8722.asm
                     LATF   0x000f8e       data     extern C:\MCC18\SRC\TRADIT~1\PROC\p18f8722.asm
                 LATFbits   0x000f8e       data     extern C:\MCC18\SRC\TRADIT~1\PROC\p18f8722.asm
                     LATG   0x000f8f       data     extern C:\MCC18\SRC\TRADIT~1\PROC\p18f8722.asm
                 LATGbits   0x000f8f       data     extern C:\MCC18\SRC\TRADIT~1\PROC\p18f8722.asm
                     LATH   0x000f90       data     extern C:\MCC18\SRC\TRADIT~1\PROC\p18f8722.asm
                 LATHbits   0x000f90       data     extern C:\MCC18\SRC\TRADIT~1\PROC\p18f8722.asm
                     LATJ   0x000f91       data     extern C:\MCC18\SRC\TRADIT~1\PROC\p18f8722.asm
                 LATJbits   0x000f91       data     extern C:\MCC18\SRC\TRADIT~1\PROC\p18f8722.asm
                   LVDCON   0x000fd2       data     extern C:\MCC18\SRC\TRADIT~1\PROC\p18f8722.asm
               LVDCONbits   0x000fd2       data     extern C:\MCC18\SRC\TRADIT~1\PROC\p18f8722.asm
           LastTXedBuffer   0x000f24       data     extern C:\Work\MCHPTCPStack\MCHPTCPStack 3.60\Source\ENC28J60.c
                   MEMCON   0x000f9c       data     extern C:\MCC18\SRC\TRADIT~1\PROC\p18f8722.asm
               MEMCONbits   0x000f9c       data     extern C:\MCC18\SRC\TRADIT~1\PROC\p18f8722.asm
                 MySocket   0x000c00       data     static C:\Work\MCHPTCPStack\MCHPTCPStack 3.60\Source\Announce.c
               MyTxBuffer   0x000c1c       data     static C:\Work\MCHPTCPStack\MCHPTCPStack 3.60\Source\ARP.c
               MyTxBuffer   0x000c2a       data     static C:\Work\MCHPTCPStack\MCHPTCPStack 3.60\Source\ICMP.c
                NewConfig   0x000f5e       data     static C:\Work\MCHPTCPStack\MCHPTCPStack 3.60\Source\ENC28J60.c
          NewRXRDLocation   0x000c87       data     static C:\Work\MCHPTCPStack\MCHPTCPStack 3.60\Source\ENC28J60.c
       NextPacketLocation   0x000f25       data     extern C:\Work\MCHPTCPStack\MCHPTCPStack 3.60\Source\ENC28J60.c
                   OSCCON   0x000fd3       data     extern C:\MCC18\SRC\TRADIT~1\PROC\p18f8722.asm
               OSCCONbits   0x000fd3       data     extern C:\MCC18\SRC\TRADIT~1\PROC\p18f8722.asm
                  OSCTUNE   0x000f9b       data     extern C:\MCC18\SRC\TRADIT~1\PROC\p18f8722.asm
              OSCTUNEbits   0x000f9b       data     extern C:\MCC18\SRC\TRADIT~1\PROC\p18f8722.asm
                   Offset   0x0001dc       data     static C:\Work\MCHPTCPStack\MCHPTCPStack 3.60\Source\IP.c
                       PC   0x000ff9       data     extern C:\MCC18\SRC\TRADIT~1\PROC\p18f8722.asm
                      PCL   0x000ff9       data     extern C:\MCC18\SRC\TRADIT~1\PROC\p18f8722.asm
                   PCLATH   0x000ffa       data     extern C:\MCC18\SRC\TRADIT~1\PROC\p18f8722.asm
                   PCLATU   0x000ffb       data     extern C:\MCC18\SRC\TRADIT~1\PROC\p18f8722.asm
                     PIE1   0x000f9d       data     extern C:\MCC18\SRC\TRADIT~1\PROC\p18f8722.asm
                 PIE1bits   0x000f9d       data     extern C:\MCC18\SRC\TRADIT~1\PROC\p18f8722.asm
                     PIE2   0x000fa0       data     extern C:\MCC18\SRC\TRADIT~1\PROC\p18f8722.asm
                 PIE2bits   0x000fa0       data     extern C:\MCC18\SRC\TRADIT~1\PROC\p18f8722.asm
                     PIE3   0x000fa3       data     extern C:\MCC18\SRC\TRADIT~1\PROC\p18f8722.asm
                 PIE3bits   0x000fa3       data     extern C:\MCC18\SRC\TRADIT~1\PROC\p18f8722.asm
                     PIR1   0x000f9e       data     extern C:\MCC18\SRC\TRADIT~1\PROC\p18f8722.asm
                 PIR1bits   0x000f9e       data     extern C:\MCC18\SRC\TRADIT~1\PROC\p18f8722.asm
                     PIR2   0x000fa1       data     extern C:\MCC18\SRC\TRADIT~1\PROC\p18f8722.asm
                 PIR2bits   0x000fa1       data     extern C:\MCC18\SRC\TRADIT~1\PROC\p18f8722.asm
                     PIR3   0x000fa4       data     extern C:\MCC18\SRC\TRADIT~1\PROC\p18f8722.asm
                 PIR3bits   0x000fa4       data     extern C:\MCC18\SRC\TRADIT~1\PROC\p18f8722.asm
                   PLUSW0   0x000feb       data     extern C:\MCC18\SRC\TRADIT~1\PROC\p18f8722.asm
                   PLUSW1   0x000fe3       data     extern C:\MCC18\SRC\TRADIT~1\PROC\p18f8722.asm
                   PLUSW2   0x000fdb       data     extern C:\MCC18\SRC\TRADIT~1\PROC\p18f8722.asm
                    PORTA   0x000f80       data     extern C:\MCC18\SRC\TRADIT~1\PROC\p18f8722.asm
                PORTAbits   0x000f80       data     extern C:\MCC18\SRC\TRADIT~1\PROC\p18f8722.asm
                    PORTB   0x000f81       data     extern C:\MCC18\SRC\TRADIT~1\PROC\p18f8722.asm
                PORTBbits   0x000f81       data     extern C:\MCC18\SRC\TRADIT~1\PROC\p18f8722.asm
                    PORTC   0x000f82       data     extern C:\MCC18\SRC\TRADIT~1\PROC\p18f8722.asm
                PORTCbits   0x000f82       data     extern C:\MCC18\SRC\TRADIT~1\PROC\p18f8722.asm
                    PORTD   0x000f83       data     extern C:\MCC18\SRC\TRADIT~1\PROC\p18f8722.asm
                PORTDbits   0x000f83       data     extern C:\MCC18\SRC\TRADIT~1\PROC\p18f8722.asm
                    PORTE   0x000f84       data     extern C:\MCC18\SRC\TRADIT~1\PROC\p18f8722.asm
                PORTEbits   0x000f84       data     extern C:\MCC18\SRC\TRADIT~1\PROC\p18f8722.asm
                    PORTF   0x000f85       data     extern C:\MCC18\SRC\TRADIT~1\PROC\p18f8722.asm
                PORTFbits   0x000f85       data     extern C:\MCC18\SRC\TRADIT~1\PROC\p18f8722.asm
                    PORTG   0x000f86       data     extern C:\MCC18\SRC\TRADIT~1\PROC\p18f8722.asm
                PORTGbits   0x000f86       data     extern C:\MCC18\SRC\TRADIT~1\PROC\p18f8722.asm
                    PORTH   0x000f87       data     extern C:\MCC18\SRC\TRADIT~1\PROC\p18f8722.asm
                PORTHbits   0x000f87       data     extern C:\MCC18\SRC\TRADIT~1\PROC\p18f8722.asm
                    PORTJ   0x000f88       data     extern C:\MCC18\SRC\TRADIT~1\PROC\p18f8722.asm
                PORTJbits   0x000f88       data     extern C:\MCC18\SRC\TRADIT~1\PROC\p18f8722.asm
                 POSTDEC0   0x000fed       data     extern C:\MCC18\SRC\TRADIT~1\PROC\p18f8722.asm
                 POSTDEC1   0x000fe5       data     extern C:\MCC18\SRC\TRADIT~1\PROC\p18f8722.asm
                 POSTDEC2   0x000fdd       data     extern C:\MCC18\SRC\TRADIT~1\PROC\p18f8722.asm
                 POSTINC0   0x000fee       data     extern C:\MCC18\SRC\TRADIT~1\PROC\p18f8722.asm
                 POSTINC1   0x000fe6       data     extern C:\MCC18\SRC\TRADIT~1\PROC\p18f8722.asm
                 POSTINC2   0x000fde       data     extern C:\MCC18\SRC\TRADIT~1\PROC\p18f8722.asm
                      PR2   0x000fcb       data     extern C:\MCC18\SRC\TRADIT~1\PROC\p18f8722.asm
                      PR4   0x000f77       data     extern C:\MCC18\SRC\TRADIT~1\PROC\p18f8722.asm
                  PREINC0   0x000fec       data     extern C:\MCC18\SRC\TRADIT~1\PROC\p18f8722.asm
                  PREINC1   0x000fe4       data     extern C:\MCC18\SRC\TRADIT~1\PROC\p18f8722.asm
                  PREINC2   0x000fdc       data     extern C:\MCC18\SRC\TRADIT~1\PROC\p18f8722.asm
                     PROD   0x000ff3       data     extern C:\MCC18\SRC\TRADIT~1\PROC\p18f8722.asm
                    PRODH   0x000ff4       data     extern C:\MCC18\SRC\TRADIT~1\PROC\p18f8722.asm
                    PRODL   0x000ff3       data     extern C:\MCC18\SRC\TRADIT~1\PROC\p18f8722.asm
                   PSPCON   0x000fb0       data     extern C:\MCC18\SRC\TRADIT~1\PROC\p18f8722.asm
               PSPCONbits   0x000fb0       data     extern C:\MCC18\SRC\TRADIT~1\PROC\p18f8722.asm
                   PhyReg   0x000c01       data     static C:\Work\MCHPTCPStack\MCHPTCPStack 3.60\Source\ENC28J60.c
                     RCON   0x000fd0       data     extern C:\MCC18\SRC\TRADIT~1\PROC\p18f8722.asm
                 RCONbits   0x000fd0       data     extern C:\MCC18\SRC\TRADIT~1\PROC\p18f8722.asm
                    RCREG   0x000fae       data     extern C:\MCC18\SRC\TRADIT~1\PROC\p18f8722.asm
                   RCREG1   0x000fae       data     extern C:\MCC18\SRC\TRADIT~1\PROC\p18f8722.asm
                   RCREG2   0x000f6e       data     extern C:\MCC18\SRC\TRADIT~1\PROC\p18f8722.asm
                    RCSTA   0x000fab       data     extern C:\MCC18\SRC\TRADIT~1\PROC\p18f8722.asm
                   RCSTA1   0x000fab       data     extern C:\MCC18\SRC\TRADIT~1\PROC\p18f8722.asm
               RCSTA1bits   0x000fab       data     extern C:\MCC18\SRC\TRADIT~1\PROC\p18f8722.asm
                   RCSTA2   0x000f6b       data     extern C:\MCC18\SRC\TRADIT~1\PROC\p18f8722.asm
               RCSTA2bits   0x000f6b       data     extern C:\MCC18\SRC\TRADIT~1\PROC\p18f8722.asm
                RCSTAbits   0x000fab       data     extern C:\MCC18\SRC\TRADIT~1\PROC\p18f8722.asm
                   ReadPT   0x000cab       data     static C:\Work\MCHPTCPStack\MCHPTCPStack 3.60\Source\ENC28J60.c
                   ReadPT   0x000c87       data     static C:\Work\MCHPTCPStack\MCHPTCPStack 3.60\Source\ENC28J60.c
              ReadPtrSave   0x000cab       data     static C:\Work\MCHPTCPStack\MCHPTCPStack 3.60\Source\ENC28J60.c
         ReceivedChecksum   0x000c2a       data     static C:\Work\MCHPTCPStack\MCHPTCPStack 3.60\Source\ICMP.c
                 Register   0x000f5b       data     static C:\Work\MCHPTCPStack\MCHPTCPStack 3.60\Source\ENC28J60.c
                 Register   0x000f58       data     static C:\Work\MCHPTCPStack\MCHPTCPStack 3.60\Source\ENC28J60.c
                 Register   0x000c00       data     static C:\Work\MCHPTCPStack\MCHPTCPStack 3.60\Source\ENC28J60.c
                 Register   0x000f51       data     static C:\Work\MCHPTCPStack\MCHPTCPStack 3.60\Source\ENC28J60.c
                   Remote   0x000c01       data     static C:\Work\MCHPTCPStack\MCHPTCPStack 3.60\Source\Announce.c
                   Result   0x000c03       data     static C:\Work\MCHPTCPStack\MCHPTCPStack 3.60\Source\ENC28J60.c
                   Result   0x000cad       data     static C:\Work\MCHPTCPStack\MCHPTCPStack 3.60\Source\ENC28J60.c
                     SIGN   0x000019       data     extern C:\MCC18\SRC\TRADIT~1\MATH\cmath18.asm
                    SPBRG   0x000faf       data     extern C:\MCC18\SRC\TRADIT~1\PROC\p18f8722.asm
                   SPBRG1   0x000faf       data     extern C:\MCC18\SRC\TRADIT~1\PROC\p18f8722.asm
                   SPBRG2   0x000f6f       data     extern C:\MCC18\SRC\TRADIT~1\PROC\p18f8722.asm
                   SPBRGH   0x000f7f       data     extern C:\MCC18\SRC\TRADIT~1\PROC\p18f8722.asm
                  SPBRGH1   0x000f7f       data     extern C:\MCC18\SRC\TRADIT~1\PROC\p18f8722.asm
                  SPBRGH2   0x000f7d       data     extern C:\MCC18\SRC\TRADIT~1\PROC\p18f8722.asm
                  SSP1ADD   0x000fc8       data     extern C:\MCC18\SRC\TRADIT~1\PROC\p18f8722.asm
                  SSP1BUF   0x000fc9       data     extern C:\MCC18\SRC\TRADIT~1\PROC\p18f8722.asm
                 SSP1CON1   0x000fc6       data     extern C:\MCC18\SRC\TRADIT~1\PROC\p18f8722.asm
             SSP1CON1bits   0x000fc6       data     extern C:\MCC18\SRC\TRADIT~1\PROC\p18f8722.asm
                 SSP1CON2   0x000fc5       data     extern C:\MCC18\SRC\TRADIT~1\PROC\p18f8722.asm
             SSP1CON2bits   0x000fc5       data     extern C:\MCC18\SRC\TRADIT~1\PROC\p18f8722.asm
                 SSP1STAT   0x000fc7       data     extern C:\MCC18\SRC\TRADIT~1\PROC\p18f8722.asm
             SSP1STATbits   0x000fc7       data     extern C:\MCC18\SRC\TRADIT~1\PROC\p18f8722.asm
                  SSP2ADD   0x000f65       data     extern C:\MCC18\SRC\TRADIT~1\PROC\p18f8722.asm
                  SSP2BUF   0x000f66       data     extern C:\MCC18\SRC\TRADIT~1\PROC\p18f8722.asm
                 SSP2CON1   0x000f63       data     extern C:\MCC18\SRC\TRADIT~1\PROC\p18f8722.asm
             SSP2CON1bits   0x000f63       data     extern C:\MCC18\SRC\TRADIT~1\PROC\p18f8722.asm
                 SSP2CON2   0x000f62       data     extern C:\MCC18\SRC\TRADIT~1\PROC\p18f8722.asm
             SSP2CON2bits   0x000f62       data     extern C:\MCC18\SRC\TRADIT~1\PROC\p18f8722.asm
                 SSP2STAT   0x000f64       data     extern C:\MCC18\SRC\TRADIT~1\PROC\p18f8722.asm
             SSP2STATbits   0x000f64       data     extern C:\MCC18\SRC\TRADIT~1\PROC\p18f8722.asm
                   SSPADD   0x000fc8       data     extern C:\MCC18\SRC\TRADIT~1\PROC\p18f8722.asm
                   SSPBUF   0x000fc9       data     extern C:\MCC18\SRC\TRADIT~1\PROC\p18f8722.asm
                  SSPCON1   0x000fc6       data     extern C:\MCC18\SRC\TRADIT~1\PROC\p18f8722.asm
              SSPCON1bits   0x000fc6       data     extern C:\MCC18\SRC\TRADIT~1\PROC\p18f8722.asm
                  SSPCON2   0x000fc5       data     extern C:\MCC18\SRC\TRADIT~1\PROC\p18f8722.asm
              SSPCON2bits   0x000fc5       data     extern C:\MCC18\SRC\TRADIT~1\PROC\p18f8722.asm
                  SSPSTAT   0x000fc7       data     extern C:\MCC18\SRC\TRADIT~1\PROC\p18f8722.asm
              SSPSTATbits   0x000fc7       data     extern C:\MCC18\SRC\TRADIT~1\PROC\p18f8722.asm
                   STATUS   0x000fd8       data     extern C:\MCC18\SRC\TRADIT~1\PROC\p18f8722.asm
               STATUSbits   0x000fd8       data     extern C:\MCC18\SRC\TRADIT~1\PROC\p18f8722.asm
                   STKPTR   0x000ffc       data     extern C:\MCC18\SRC\TRADIT~1\PROC\p18f8722.asm
               STKPTRbits   0x000ffc       data     extern C:\MCC18\SRC\TRADIT~1\PROC\p18f8722.asm
                    T0CON   0x000fd5       data     extern C:\MCC18\SRC\TRADIT~1\PROC\p18f8722.asm
                T0CONbits   0x000fd5       data     extern C:\MCC18\SRC\TRADIT~1\PROC\p18f8722.asm
                    T1CON   0x000fcd       data     extern C:\MCC18\SRC\TRADIT~1\PROC\p18f8722.asm
                T1CONbits   0x000fcd       data     extern C:\MCC18\SRC\TRADIT~1\PROC\p18f8722.asm
                    T2CON   0x000fca       data     extern C:\MCC18\SRC\TRADIT~1\PROC\p18f8722.asm
                T2CONbits   0x000fca       data     extern C:\MCC18\SRC\TRADIT~1\PROC\p18f8722.asm
                    T3CON   0x000fb1       data     extern C:\MCC18\SRC\TRADIT~1\PROC\p18f8722.asm
                T3CONbits   0x000fb1       data     extern C:\MCC18\SRC\TRADIT~1\PROC\p18f8722.asm
                    T4CON   0x000f76       data     extern C:\MCC18\SRC\TRADIT~1\PROC\p18f8722.asm
                T4CONbits   0x000f76       data     extern C:\MCC18\SRC\TRADIT~1\PROC\p18f8722.asm
                   TABLAT   0x000ff5       data     extern C:\MCC18\SRC\TRADIT~1\PROC\p18f8722.asm
                   TBLPTR   0x000ff6       data     extern C:\MCC18\SRC\TRADIT~1\PROC\p18f8722.asm
                  TBLPTRH   0x000ff7       data     extern C:\MCC18\SRC\TRADIT~1\PROC\p18f8722.asm
                  TBLPTRL   0x000ff6       data     extern C:\MCC18\SRC\TRADIT~1\PROC\p18f8722.asm
                  TBLPTRU   0x000ff8       data     extern C:\MCC18\SRC\TRADIT~1\PROC\p18f8722.asm
                      TCB   0x000e00       data     extern C:\Work\MCHPTCPStack\MCHPTCPStack 3.60\Source\TCP.c
                TCPHeader   0x000c00       data     static C:\Work\MCHPTCPStack\MCHPTCPStack 3.60\Source\TCP.c
                    TMR0H   0x000fd7       data     extern C:\MCC18\SRC\TRADIT~1\PROC\p18f8722.asm
                    TMR0L   0x000fd6       data     extern C:\MCC18\SRC\TRADIT~1\PROC\p18f8722.asm
                    TMR1H   0x000fcf       data     extern C:\MCC18\SRC\TRADIT~1\PROC\p18f8722.asm
                    TMR1L   0x000fce       data     extern C:\MCC18\SRC\TRADIT~1\PROC\p18f8722.asm
                     TMR2   0x000fcc       data     extern C:\MCC18\SRC\TRADIT~1\PROC\p18f8722.asm
                    TMR3H   0x000fb3       data     extern C:\MCC18\SRC\TRADIT~1\PROC\p18f8722.asm
                    TMR3L   0x000fb2       data     extern C:\MCC18\SRC\TRADIT~1\PROC\p18f8722.asm
                     TMR4   0x000f78       data     extern C:\MCC18\SRC\TRADIT~1\PROC\p18f8722.asm
                      TOS   0x000ffd       data     extern C:\MCC18\SRC\TRADIT~1\PROC\p18f8722.asm
                     TOSH   0x000ffe       data     extern C:\MCC18\SRC\TRADIT~1\PROC\p18f8722.asm
                     TOSL   0x000ffd       data     extern C:\MCC18\SRC\TRADIT~1\PROC\p18f8722.asm
                     TOSU   0x000fff       data     extern C:\MCC18\SRC\TRADIT~1\PROC\p18f8722.asm
                    TRISA   0x000f92       data     extern C:\MCC18\SRC\TRADIT~1\PROC\p18f8722.asm
                TRISAbits   0x000f92       data     extern C:\MCC18\SRC\TRADIT~1\PROC\p18f8722.asm
                    TRISB   0x000f93       data     extern C:\MCC18\SRC\TRADIT~1\PROC\p18f8722.asm
                TRISBbits   0x000f93       data     extern C:\MCC18\SRC\TRADIT~1\PROC\p18f8722.asm
                    TRISC   0x000f94       data     extern C:\MCC18\SRC\TRADIT~1\PROC\p18f8722.asm
                TRISCbits   0x000f94       data     extern C:\MCC18\SRC\TRADIT~1\PROC\p18f8722.asm
                    TRISD   0x000f95       data     extern C:\MCC18\SRC\TRADIT~1\PROC\p18f8722.asm
                TRISDbits   0x000f95       data     extern C:\MCC18\SRC\TRADIT~1\PROC\p18f8722.asm
                    TRISE   0x000f96       data     extern C:\MCC18\SRC\TRADIT~1\PROC\p18f8722.asm
                TRISEbits   0x000f96       data     extern C:\MCC18\SRC\TRADIT~1\PROC\p18f8722.asm
                    TRISF   0x000f97       data     extern C:\MCC18\SRC\TRADIT~1\PROC\p18f8722.asm
                TRISFbits   0x000f97       data     extern C:\MCC18\SRC\TRADIT~1\PROC\p18f8722.asm
                    TRISG   0x000f98       data     extern C:\MCC18\SRC\TRADIT~1\PROC\p18f8722.asm
                TRISGbits   0x000f98       data     extern C:\MCC18\SRC\TRADIT~1\PROC\p18f8722.asm
                    TRISH   0x000f99       data     extern C:\MCC18\SRC\TRADIT~1\PROC\p18f8722.asm
                TRISHbits   0x000f99       data     extern C:\MCC18\SRC\TRADIT~1\PROC\p18f8722.asm
                    TRISJ   0x000f9a       data     extern C:\MCC18\SRC\TRADIT~1\PROC\p18f8722.asm
                TRISJbits   0x000f9a       data     extern C:\MCC18\SRC\TRADIT~1\PROC\p18f8722.asm
                    TXEnd   0x000cad       data     static C:\Work\MCHPTCPStack\MCHPTCPStack 3.60\Source\ENC28J60.c
                    TXREG   0x000fad       data     extern C:\MCC18\SRC\TRADIT~1\PROC\p18f8722.asm
                   TXREG1   0x000fad       data     extern C:\MCC18\SRC\TRADIT~1\PROC\p18f8722.asm
                   TXREG2   0x000f6d       data     extern C:\MCC18\SRC\TRADIT~1\PROC\p18f8722.asm
                    TXSTA   0x000fac       data     extern C:\MCC18\SRC\TRADIT~1\PROC\p18f8722.asm
                   TXSTA1   0x000fac       data     extern C:\MCC18\SRC\TRADIT~1\PROC\p18f8722.asm
               TXSTA1bits   0x000fac       data     extern C:\MCC18\SRC\TRADIT~1\PROC\p18f8722.asm
                   TXSTA2   0x000f6c       data     extern C:\MCC18\SRC\TRADIT~1\PROC\p18f8722.asm
               TXSTA2bits   0x000f6c       data     extern C:\MCC18\SRC\TRADIT~1\PROC\p18f8722.asm
                TXSTAbits   0x000fac       data     extern C:\MCC18\SRC\TRADIT~1\PROC\p18f8722.asm
                 TXStatus   0x000caf       data     static C:\Work\MCHPTCPStack\MCHPTCPStack 3.60\Source\ENC28J60.c
                TickCount   0x000ef0       data     extern C:\Work\MCHPTCPStack\MCHPTCPStack 3.60\Source\Tick.c
[...]
                    TRISC   0x000f94       data     extern C:\MCC18\SRC\TRADIT~1\PROC\p18f8722.asm
                 DDRCbits   0x000f94       data     extern C:\MCC18\SRC\TRADIT~1\PROC\p18f8722.asm
                     DDRC   0x000f94       data     extern C:\MCC18\SRC\TRADIT~1\PROC\p18f8722.asm
                TRISDbits   0x000f95       data     extern C:\MCC18\SRC\TRADIT~1\PROC\p18f8722.asm
                     DDRD   0x000f95       data     extern C:\MCC18\SRC\TRADIT~1\PROC\p18f8722.asm
                    TRISD   0x000f95       data     extern C:\MCC18\SRC\TRADIT~1\PROC\p18f8722.asm
                 DDRDbits   0x000f95       data     extern C:\MCC18\SRC\TRADIT~1\PROC\p18f8722.asm
                    TRISE   0x000f96       data     extern C:\MCC18\SRC\TRADIT~1\PROC\p18f8722.asm
                 DDREbits   0x000f96       data     extern C:\MCC18\SRC\TRADIT~1\PROC\p18f8722.asm
                     DDRE   0x000f96       data     extern C:\MCC18\SRC\TRADIT~1\PROC\p18f8722.asm
                TRISEbits   0x000f96       data     extern C:\MCC18\SRC\TRADIT~1\PROC\p18f8722.asm
                TRISFbits   0x000f97       data     extern C:\MCC18\SRC\TRADIT~1\PROC\p18f8722.asm
                 DDRFbits   0x000f97       data     extern C:\MCC18\SRC\TRADIT~1\PROC\p18f8722.asm
                     DDRF   0x000f97       data     extern C:\MCC18\SRC\TRADIT~1\PROC\p18f8722.asm
                    TRISF   0x000f97       data     extern C:\MCC18\SRC\TRADIT~1\PROC\p18f8722.asm
                    TRISG   0x000f98       data     extern C:\MCC18\SRC\TRADIT~1\PROC\p18f8722.asm
                TRISGbits   0x000f98       data     extern C:\MCC18\SRC\TRADIT~1\PROC\p18f8722.asm
                     DDRG   0x000f98       data     extern C:\MCC18\SRC\TRADIT~1\PROC\p18f8722.asm
                 DDRGbits   0x000f98       data     extern C:\MCC18\SRC\TRADIT~1\PROC\p18f8722.asm
                    TRISH   0x000f99       data     extern C:\MCC18\SRC\TRADIT~1\PROC\p18f8722.asm
                     DDRH   0x000f99       data     extern C:\MCC18\SRC\TRADIT~1\PROC\p18f8722.asm
                 DDRHbits   0x000f99       data     extern C:\MCC18\SRC\TRADIT~1\PROC\p18f8722.asm
                TRISHbits   0x000f99       data     extern C:\MCC18\SRC\TRADIT~1\PROC\p18f8722.asm
                TRISJbits   0x000f9a       data     extern C:\MCC18\SRC\TRADIT~1\PROC\p18f8722.asm
                    TRISJ   0x000f9a       data     extern C:\MCC18\SRC\TRADIT~1\PROC\p18f8722.asm
                     DDRJ   0x000f9a       data     extern C:\MCC18\SRC\TRADIT~1\PROC\p18f8722.asm
                 DDRJbits   0x000f9a       data     extern C:\MCC18\SRC\TRADIT~1\PROC\p18f8722.asm
              OSCTUNEbits   0x000f9b       data     extern C:\MCC18\SRC\TRADIT~1\PROC\p18f8722.asm
                  OSCTUNE   0x000f9b       data     extern C:\MCC18\SRC\TRADIT~1\PROC\p18f8722.asm
               MEMCONbits   0x000f9c       data     extern C:\MCC18\SRC\TRADIT~1\PROC\p18f8722.asm
                   MEMCON   0x000f9c       data     extern C:\MCC18\SRC\TRADIT~1\PROC\p18f8722.asm
                     PIE1   0x000f9d       data     extern C:\MCC18\SRC\TRADIT~1\PROC\p18f8722.asm
                 PIE1bits   0x000f9d       data     extern C:\MCC18\SRC\TRADIT~1\PROC\p18f8722.asm
                 PIR1bits   0x000f9e       data     extern C:\MCC18\SRC\TRADIT~1\PROC\p18f8722.asm
                     PIR1   0x000f9e       data     extern C:\MCC18\SRC\TRADIT~1\PROC\p18f8722.asm
                     IPR1   0x000f9f       data     extern C:\MCC18\SRC\TRADIT~1\PROC\p18f8722.asm
                 IPR1bits   0x000f9f       data     extern C:\MCC18\SRC\TRADIT~1\PROC\p18f8722.asm
                     PIE2   0x000fa0       data     extern C:\MCC18\SRC\TRADIT~1\PROC\p18f8722.asm
                 PIE2bits   0x000fa0       data     extern C:\MCC18\SRC\TRADIT~1\PROC\p18f8722.asm
                 PIR2bits   0x000fa1       data     extern C:\MCC18\SRC\TRADIT~1\PROC\p18f8722.asm
                     PIR2   0x000fa1       data     extern C:\MCC18\SRC\TRADIT~1\PROC\p18f8722.asm
                     IPR2   0x000fa2       data     extern C:\MCC18\SRC\TRADIT~1\PROC\p18f8722.asm
                 IPR2bits   0x000fa2       data     extern C:\MCC18\SRC\TRADIT~1\PROC\p18f8722.asm
                     PIE3   0x000fa3       data     extern C:\MCC18\SRC\TRADIT~1\PROC\p18f8722.asm
                 PIE3bits   0x000fa3       data     extern C:\MCC18\SRC\TRADIT~1\PROC\p18f8722.asm
                     PIR3   0x000fa4       data     extern C:\MCC18\SRC\TRADIT~1\PROC\p18f8722.asm
                 PIR3bits   0x000fa4       data     extern C:\MCC18\SRC\TRADIT~1\PROC\p18f8722.asm
                     IPR3   0x000fa5       data     extern C:\MCC18\SRC\TRADIT~1\PROC\p18f8722.asm
                 IPR3bits   0x000fa5       data     extern C:\MCC18\SRC\TRADIT~1\PROC\p18f8722.asm
               EECON1bits   0x000fa6       data     extern C:\MCC18\SRC\TRADIT~1\PROC\p18f8722.asm
                   EECON1   0x000fa6       data     extern C:\MCC18\SRC\TRADIT~1\PROC\p18f8722.asm
                   EECON2   0x000fa7       data     extern C:\MCC18\SRC\TRADIT~1\PROC\p18f8722.asm
                   EEDATA   0x000fa8       data     extern C:\MCC18\SRC\TRADIT~1\PROC\p18f8722.asm
                    EEADR   0x000fa9       data     extern C:\MCC18\SRC\TRADIT~1\PROC\p18f8722.asm
                   EEADRH   0x000faa       data     extern C:\MCC18\SRC\TRADIT~1\PROC\p18f8722.asm
                RCSTAbits   0x000fab       data     extern C:\MCC18\SRC\TRADIT~1\PROC\p18f8722.asm
               RCSTA1bits   0x000fab       data     extern C:\MCC18\SRC\TRADIT~1\PROC\p18f8722.asm
                   RCSTA1   0x000fab       data     extern C:\MCC18\SRC\TRADIT~1\PROC\p18f8722.asm
                    RCSTA   0x000fab       data     extern C:\MCC18\SRC\TRADIT~1\PROC\p18f8722.asm
                TXSTAbits   0x000fac       data     extern C:\MCC18\SRC\TRADIT~1\PROC\p18f8722.asm
               TXSTA1bits   0x000fac       data     extern C:\MCC18\SRC\TRADIT~1\PROC\p18f8722.asm
                   TXSTA1   0x000fac       data     extern C:\MCC18\SRC\TRADIT~1\PROC\p18f8722.asm
                    TXSTA   0x000fac       data     extern C:\MCC18\SRC\TRADIT~1\PROC\p18f8722.asm
                   TXREG1   0x000fad       data     extern C:\MCC18\SRC\TRADIT~1\PROC\p18f8722.asm
                    TXREG   0x000fad       data     extern C:\MCC18\SRC\TRADIT~1\PROC\p18f8722.asm
                    RCREG   0x000fae       data     extern C:\MCC18\SRC\TRADIT~1\PROC\p18f8722.asm
                   RCREG1   0x000fae       data     extern C:\MCC18\SRC\TRADIT~1\PROC\p18f8722.asm
                   SPBRG1   0x000faf       data     extern C:\MCC18\SRC\TRADIT~1\PROC\p18f8722.asm
                    SPBRG   0x000faf       data     extern C:\MCC18\SRC\TRADIT~1\PROC\p18f8722.asm
                   PSPCON   0x000fb0       data     extern C:\MCC18\SRC\TRADIT~1\PROC\p18f8722.asm
               PSPCONbits   0x000fb0       data     extern C:\MCC18\SRC\TRADIT~1\PROC\p18f8722.asm
                T3CONbits   0x000fb1       data     extern C:\MCC18\SRC\TRADIT~1\PROC\p18f8722.asm
                    T3CON   0x000fb1       data     extern C:\MCC18\SRC\TRADIT~1\PROC\p18f8722.asm
                    TMR3L   0x000fb2       data     extern C:\MCC18\SRC\TRADIT~1\PROC\p18f8722.asm
                    TMR3H   0x000fb3       data     extern C:\MCC18\SRC\TRADIT~1\PROC\p18f8722.asm
                CMCONbits   0x000fb4       data     extern C:\MCC18\SRC\TRADIT~1\PROC\p18f8722.asm
                    CMCON   0x000fb4       data     extern C:\MCC18\SRC\TRADIT~1\PROC\p18f8722.asm
                   CVRCON   0x000fb5       data     extern C:\MCC18\SRC\TRADIT~1\PROC\p18f8722.asm
               CVRCONbits   0x000fb5       data     extern C:\MCC18\SRC\TRADIT~1\PROC\p18f8722.asm
                  ECCP1AS   0x000fb6       data     extern C:\MCC18\SRC\TRADIT~1\PROC\p18f8722.asm
              ECCP1ASbits   0x000fb6       data     extern C:\MCC18\SRC\TRADIT~1\PROC\p18f8722.asm
             ECCP3CONbits   0x000fb7       data     extern C:\MCC18\SRC\TRADIT~1\PROC\p18f8722.asm
                 ECCP3CON   0x000fb7       data     extern C:\MCC18\SRC\TRADIT~1\PROC\p18f8722.asm
                  CCP3CON   0x000fb7       data     extern C:\MCC18\SRC\TRADIT~1\PROC\p18f8722.asm
              CCP3CONbits   0x000fb7       data     extern C:\MCC18\SRC\TRADIT~1\PROC\p18f8722.asm
                   CCPR3L   0x000fb8       data     extern C:\MCC18\SRC\TRADIT~1\PROC\p18f8722.asm
                    CCPR3   0x000fb8       data     extern C:\MCC18\SRC\TRADIT~1\PROC\p18f8722.asm
                   CCPR3H   0x000fb9       data     extern C:\MCC18\SRC\TRADIT~1\PROC\p18f8722.asm
             ECCP2CONbits   0x000fba       data     extern C:\MCC18\SRC\TRADIT~1\PROC\p18f8722.asm
                 ECCP2CON   0x000fba       data     extern C:\MCC18\SRC\TRADIT~1\PROC\p18f8722.asm
              CCP2CONbits   0x000fba       data     extern C:\MCC18\SRC\TRADIT~1\PROC\p18f8722.asm
                  CCP2CON   0x000fba       data     extern C:\MCC18\SRC\TRADIT~1\PROC\p18f8722.asm
                   CCPR2L   0x000fbb       data     extern C:\MCC18\SRC\TRADIT~1\PROC\p18f8722.asm
                    CCPR2   0x000fbb       data     extern C:\MCC18\SRC\TRADIT~1\PROC\p18f8722.asm
                   CCPR2H   0x000fbc       data     extern C:\MCC18\SRC\TRADIT~1\PROC\p18f8722.asm
              CCP1CONbits   0x000fbd       data     extern C:\MCC18\SRC\TRADIT~1\PROC\p18f8722.asm
                  CCP1CON   0x000fbd       data     extern C:\MCC18\SRC\TRADIT~1\PROC\p18f8722.asm
             ECCP1CONbits   0x000fbd       data     extern C:\MCC18\SRC\TRADIT~1\PROC\p18f8722.asm
                 ECCP1CON   0x000fbd       data     extern C:\MCC18\SRC\TRADIT~1\PROC\p18f8722.asm
                   CCPR1L   0x000fbe       data     extern C:\MCC18\SRC\TRADIT~1\PROC\p18f8722.asm
                    CCPR1   0x000fbe       data     extern C:\MCC18\SRC\TRADIT~1\PROC\p18f8722.asm
                   CCPR1H   0x000fbf       data     extern C:\MCC18\SRC\TRADIT~1\PROC\p18f8722.asm
                   ADCON2   0x000fc0       data     extern C:\MCC18\SRC\TRADIT~1\PROC\p18f8722.asm
               ADCON2bits   0x000fc0       data     extern C:\MCC18\SRC\TRADIT~1\PROC\p18f8722.asm
                   ADCON1   0x000fc1       data     extern C:\MCC18\SRC\TRADIT~1\PROC\p18f8722.asm
               ADCON1bits   0x000fc1       data     extern C:\MCC18\SRC\TRADIT~1\PROC\p18f8722.asm
                   ADCON0   0x000fc2       data     extern C:\MCC18\SRC\TRADIT~1\PROC\p18f8722.asm
               ADCON0bits   0x000fc2       data     extern C:\MCC18\SRC\TRADIT~1\PROC\p18f8722.asm
                   ADRESL   0x000fc3       data     extern C:\MCC18\SRC\TRADIT~1\PROC\p18f8722.asm
                    ADRES   0x000fc3       data     extern C:\MCC18\SRC\TRADIT~1\PROC\p18f8722.asm
                   ADRESH   0x000fc4       data     extern C:\MCC18\SRC\TRADIT~1\PROC\p18f8722.asm
                 SSP1CON2   0x000fc5       data     extern C:\MCC18\SRC\TRADIT~1\PROC\p18f8722.asm
             SSP1CON2bits   0x000fc5       data     extern C:\MCC18\SRC\TRADIT~1\PROC\p18f8722.asm
                  SSPCON2   0x000fc5       data     extern C:\MCC18\SRC\TRADIT~1\PROC\p18f8722.asm
              SSPCON2bits   0x000fc5       data     extern C:\MCC18\SRC\TRADIT~1\PROC\p18f8722.asm
                 SSP1CON1   0x000fc6       data     extern C:\MCC18\SRC\TRADIT~1\PROC\p18f8722.asm
             SSP1CON1bits   0x000fc6       data     extern C:\MCC18\SRC\TRADIT~1\PROC\p18f8722.asm
                  SSPCON1   0x000fc6       data     extern C:\MCC18\SRC\TRADIT~1\PROC\p18f8722.asm
              SSPCON1bits   0x000fc6       data     extern C:\MCC18\SRC\TRADIT~1\PROC\p18f8722.asm
                 SSP1STAT   0x000fc7       data     extern C:\MCC18\SRC\TRADIT~1\PROC\p18f8722.asm
             SSP1STATbits   0x000fc7       data     extern C:\MCC18\SRC\TRADIT~1\PROC\p18f8722.asm
                  SSPSTAT   0x000fc7       data     extern C:\MCC18\SRC\TRADIT~1\PROC\p18f8722.asm
              SSPSTATbits   0x000fc7       data     extern C:\MCC18\SRC\TRADIT~1\PROC\p18f8722.asm
                   SSPADD   0x000fc8       data     extern C:\MCC18\SRC\TRADIT~1\PROC\p18f8722.asm
                  SSP1ADD   0x000fc8       data     extern C:\MCC18\SRC\TRADIT~1\PROC\p18f8722.asm
                   SSPBUF   0x000fc9       data     extern C:\MCC18\SRC\TRADIT~1\PROC\p18f8722.asm
                  SSP1BUF   0x000fc9       data     extern C:\MCC18\SRC\TRADIT~1\PROC\p18f8722.asm
                T2CONbits   0x000fca       data     extern C:\MCC18\SRC\TRADIT~1\PROC\p18f8722.asm
                    T2CON   0x000fca       data     extern C:\MCC18\SRC\TRADIT~1\PROC\p18f8722.asm
                      PR2   0x000fcb       data     extern C:\MCC18\SRC\TRADIT~1\PROC\p18f8722.asm
                     TMR2   0x000fcc       data     extern C:\MCC18\SRC\TRADIT~1\PROC\p18f8722.asm
                T1CONbits   0x000fcd       data     extern C:\MCC18\SRC\TRADIT~1\PROC\p18f8722.asm
                    T1CON   0x000fcd       data     extern C:\MCC18\SRC\TRADIT~1\PROC\p18f8722.asm
                    TMR1L   0x000fce       data     extern C:\MCC18\SRC\TRADIT~1\PROC\p18f8722.asm
                    TMR1H   0x000fcf       data     extern C:\MCC18\SRC\TRADIT~1\PROC\p18f8722.asm
                     RCON   0x000fd0       data     extern C:\MCC18\SRC\TRADIT~1\PROC\p18f8722.asm
                 RCONbits   0x000fd0       data     extern C:\MCC18\SRC\TRADIT~1\PROC\p18f8722.asm
                   WDTCON   0x000fd1       data     extern C:\MCC18\SRC\TRADIT~1\PROC\p18f8722.asm
               WDTCONbits   0x000fd1       data     extern C:\MCC18\SRC\TRADIT~1\PROC\p18f8722.asm
                  HLVDCON   0x000fd2       data     extern C:\MCC18\SRC\TRADIT~1\PROC\p18f8722.asm
              HLVDCONbits   0x000fd2       data     extern C:\MCC18\SRC\TRADIT~1\PROC\p18f8722.asm
               LVDCONbits   0x000fd2       data     extern C:\MCC18\SRC\TRADIT~1\PROC\p18f8722.asm
                   LVDCON   0x000fd2       data     extern C:\MCC18\SRC\TRADIT~1\PROC\p18f8722.asm
               OSCCONbits   0x000fd3       data     extern C:\MCC18\SRC\TRADIT~1\PROC\p18f8722.asm
                   OSCCON   0x000fd3       data     extern C:\MCC18\SRC\TRADIT~1\PROC\p18f8722.asm
                    T0CON   0x000fd5       data     extern C:\MCC18\SRC\TRADIT~1\PROC\p18f8722.asm
                T0CONbits   0x000fd5       data     extern C:\MCC18\SRC\TRADIT~1\PROC\p18f8722.asm
                    TMR0L   0x000fd6       data     extern C:\MCC18\SRC\TRADIT~1\PROC\p18f8722.asm
                    TMR0H   0x000fd7       data     extern C:\MCC18\SRC\TRADIT~1\PROC\p18f8722.asm
               STATUSbits   0x000fd8       data     extern C:\MCC18\SRC\TRADIT~1\PROC\p18f8722.asm
                   STATUS   0x000fd8       data     extern C:\MCC18\SRC\TRADIT~1\PROC\p18f8722.asm
                     FSR2   0x000fd9       data     extern C:\MCC18\SRC\TRADIT~1\PROC\p18f8722.asm
                    FSR2L   0x000fd9       data     extern C:\MCC18\SRC\TRADIT~1\PROC\p18f8722.asm
                    FSR2H   0x000fda       data     extern C:\MCC18\SRC\TRADIT~1\PROC\p18f8722.asm
                   PLUSW2   0x000fdb       data     extern C:\MCC18\SRC\TRADIT~1\PROC\p18f8722.asm
                  PREINC2   0x000fdc       data     extern C:\MCC18\SRC\TRADIT~1\PROC\p18f8722.asm
                 POSTDEC2   0x000fdd       data     extern C:\MCC18\SRC\TRADIT~1\PROC\p18f8722.asm
                 POSTINC2   0x000fde       data     extern C:\MCC18\SRC\TRADIT~1\PROC\p18f8722.asm
                    INDF2   0x000fdf       data     extern C:\MCC18\SRC\TRADIT~1\PROC\p18f8722.asm
                      BSR   0x000fe0       data     extern C:\MCC18\SRC\TRADIT~1\PROC\p18f8722.asm
                    FSR1L   0x000fe1       data     extern C:\MCC18\SRC\TRADIT~1\PROC\p18f8722.asm
                     FSR1   0x000fe1       data     extern C:\MCC18\SRC\TRADIT~1\PROC\p18f8722.asm
                    FSR1H   0x000fe2       data     extern C:\MCC18\SRC\TRADIT~1\PROC\p18f8722.asm
                   PLUSW1   0x000fe3       data     extern C:\MCC18\SRC\TRADIT~1\PROC\p18f8722.asm
                  PREINC1   0x000fe4       data     extern C:\MCC18\SRC\TRADIT~1\PROC\p18f8722.asm
                 POSTDEC1   0x000fe5       data     extern C:\MCC18\SRC\TRADIT~1\PROC\p18f8722.asm
                 POSTINC1   0x000fe6       data     extern C:\MCC18\SRC\TRADIT~1\PROC\p18f8722.asm
                    INDF1   0x000fe7       data     extern C:\MCC18\SRC\TRADIT~1\PROC\p18f8722.asm
                     WREG   0x000fe8       data     extern C:\MCC18\SRC\TRADIT~1\PROC\p18f8722.asm
                    FSR0L   0x000fe9       data     extern C:\MCC18\SRC\TRADIT~1\PROC\p18f8722.asm
                     FSR0   0x000fe9       data     extern C:\MCC18\SRC\TRADIT~1\PROC\p18f8722.asm
                    FSR0H   0x000fea       data     extern C:\MCC18\SRC\TRADIT~1\PROC\p18f8722.asm
                   PLUSW0   0x000feb       data     extern C:\MCC18\SRC\TRADIT~1\PROC\p18f8722.asm
                  PREINC0   0x000fec       data     extern C:\MCC18\SRC\TRADIT~1\PROC\p18f8722.asm
                 POSTDEC0   0x000fed       data     extern C:\MCC18\SRC\TRADIT~1\PROC\p18f8722.asm
                 POSTINC0   0x000fee       data     extern C:\MCC18\SRC\TRADIT~1\PROC\p18f8722.asm
                    INDF0   0x000fef       data     extern C:\MCC18\SRC\TRADIT~1\PROC\p18f8722.asm
                  INTCON3   0x000ff0       data     extern C:\MCC18\SRC\TRADIT~1\PROC\p18f8722.asm
              INTCON3bits   0x000ff0       data     extern C:\MCC18\SRC\TRADIT~1\PROC\p18f8722.asm
              INTCON2bits   0x000ff1       data     extern C:\MCC18\SRC\TRADIT~1\PROC\p18f8722.asm
                  INTCON2   0x000ff1       data     extern C:\MCC18\SRC\TRADIT~1\PROC\p18f8722.asm
               INTCONbits   0x000ff2       data     extern C:\MCC18\SRC\TRADIT~1\PROC\p18f8722.asm
                   INTCON   0x000ff2       data     extern C:\MCC18\SRC\TRADIT~1\PROC\p18f8722.asm
                     PROD   0x000ff3       data     extern C:\MCC18\SRC\TRADIT~1\PROC\p18f8722.asm
                    PRODL   0x000ff3       data     extern C:\MCC18\SRC\TRADIT~1\PROC\p18f8722.asm
                    PRODH   0x000ff4       data     extern C:\MCC18\SRC\TRADIT~1\PROC\p18f8722.asm
                   TABLAT   0x000ff5       data     extern C:\MCC18\SRC\TRADIT~1\PROC\p18f8722.asm
                   TBLPTR   0x000ff6       data     extern C:\MCC18\SRC\TRADIT~1\PROC\p18f8722.asm
                  TBLPTRL   0x000ff6       data     extern C:\MCC18\SRC\TRADIT~1\PROC\p18f8722.asm
                  TBLPTRH   0x000ff7       data     extern C:\MCC18\SRC\TRADIT~1\PROC\p18f8722.asm
                  TBLPTRU   0x000ff8       data     extern C:\MCC18\SRC\TRADIT~1\PROC\p18f8722.asm
                      PCL   0x000ff9       data     extern C:\MCC18\SRC\TRADIT~1\PROC\p18f8722.asm
                       PC   0x000ff9       data     extern C:\MCC18\SRC\TRADIT~1\PROC\p18f8722.asm
                   PCLATH   0x000ffa       data     extern C:\MCC18\SRC\TRADIT~1\PROC\p18f8722.asm
                   PCLATU   0x000ffb       data     extern C:\MCC18\SRC\TRADIT~1\PROC\p18f8722.asm
                   STKPTR   0x000ffc       data     extern C:\MCC18\SRC\TRADIT~1\PROC\p18f8722.asm
               STKPTRbits   0x000ffc       data     extern C:\MCC18\SRC\TRADIT~1\PROC\p18f8722.asm
                      TOS   0x000ffd       data     extern C:\MCC18\SRC\TRADIT~1\PROC\p18f8722.asm
                     TOSL   0x000ffd       data     extern C:\MCC18\SRC\TRADIT~1\PROC\p18f8722.asm
                     TOSH   0x000ffe       data     extern C:\MCC18\SRC\TRADIT~1\PROC\p18f8722.asm
                     TOSU   0x000fff       data     extern C:\MCC18\SRC\TRADIT~1\PROC\p18f8722.asm


