Archive member included because of file (symbol)

C:\Program Files\Microchip\MPLAB C30\bin\..\lib\libpic30-coff.a(crt1.o)
                              (_resetALT)
C:\Program Files\Microchip\MPLAB C30\bin\..\lib\libpic30-coff.a(crt0.o)
                              (_resetPRI)
C:\Program Files\Microchip\MPLAB C30\bin\..\lib\libc-coff.a(memcpy.o)
                              C:\Work\MCHPTCPStack\MCHPTCPStack 3.60\Source\ENC28J60.o (memcpy)
C:\Program Files\Microchip\MPLAB C30\bin\..\lib\libc-coff.a(strncpy.o)
                              C:\Work\MCHPTCPStack\MCHPTCPStack 3.60\Source\FTP.o (strncpy)
C:\Program Files\Microchip\MPLAB C30\bin\..\lib\libc-coff.a(xstoul.o)
                              C:\Work\MCHPTCPStack\MCHPTCPStack 3.60\Source\FTP.o (_Stoul)
C:\Program Files\Microchip\MPLAB C30\bin\..\lib\libc-coff.a(memcmp.o)
                              C:\Work\MCHPTCPStack\MCHPTCPStack 3.60\Source\FTP.o (memcmp)
C:\Program Files\Microchip\MPLAB C30\bin\..\lib\libc-coff.a(strcpy.o)
                              C:\Work\MCHPTCPStack\MCHPTCPStack 3.60\Source\MainDemo.o (strcpy)
C:\Program Files\Microchip\MPLAB C30\bin\..\lib\libc-coff.a(strlen.o)
                              C:\Work\MCHPTCPStack\MCHPTCPStack 3.60\Source\MainDemo.o (strlen)
C:\Program Files\Microchip\MPLAB C30\bin\..\lib\libc-coff.a(memset.o)
                              C:\Work\MCHPTCPStack\MCHPTCPStack 3.60\Source\MainDemo.o (memset)
C:\Program Files\Microchip\MPLAB C30\bin\..\lib\libc-coff.a(isspace.os)
                              C:\Program Files\Microchip\MPLAB C30\bin\..\lib\libc-coff.a(xstoul.o) (isspace)
C:\Program Files\Microchip\MPLAB C30\bin\..\lib\libc-coff.a(tolower.os)
                              C:\Program Files\Microchip\MPLAB C30\bin\..\lib\libc-coff.a(xstoul.o) (tolower)
C:\Program Files\Microchip\MPLAB C30\bin\..\lib\libc-coff.a(memchr.o)
                              C:\Program Files\Microchip\MPLAB C30\bin\..\lib\libc-coff.a(xstoul.o) (memchr)
C:\Program Files\Microchip\MPLAB C30\bin\..\lib\libc-coff.a(errno.o)
                              C:\Program Files\Microchip\MPLAB C30\bin\..\lib\libc-coff.a(xstoul.o) (errno)
C:\Program Files\Microchip\MPLAB C30\bin\..\lib\libm-coff.a(mulsi3.o)
                              C:\Program Files\Microchip\MPLAB C30\bin\..\lib\libc-coff.a(xstoul.o) (__mulsi3)
C:\Program Files\Microchip\MPLAB C30\bin\..\lib\libm-coff.a(udivsi3.o)
                              C:\Program Files\Microchip\MPLAB C30\bin\..\lib\libc-coff.a(xstoul.o) (__udivsi3)


Program Memory Usage

section        address   length (PC units)   length (bytes) (dec)
-------        -------   -----------------   --------------------
.reset               0                 0x4             0x6  (6)
.ivt               0x4                0xfc           0x17a  (378)
.aivt            0x104                0xfc           0x17a  (378)
.text            0x200               0x280           0x3c0  (960)
.const           0x480               0x5b4           0x88e  (2190)
.text            0xa34               0xec2          0x1623  (5667)
.text           0x18f6               0xb78          0x1134  (4404)
.text           0x246e               0xa06           0xf09  (3849)
.text           0x2e74               0x5ac           0x882  (2178)
.text           0x3420               0x58a           0x84f  (2127)
.text           0x39aa               0x430           0x648  (1608)
.text           0x3dda               0x3e4           0x5d6  (1494)
.text           0x41be               0x282           0x3c3  (963)
.text           0x4440               0x25a           0x387  (903)
.text           0x469a               0x242           0x363  (867)
.text           0x48dc               0x1f4           0x2ee  (750)
.text           0x4ad0               0x1aa           0x27f  (639)
.dinit          0x4c7a               0x1a2           0x273  (627)
.text           0x4e1c               0x16e           0x225  (549)
.text           0x4f8a               0x154           0x1fe  (510)
.text           0x50de               0x140           0x1e0  (480)
.text           0x521e               0x13a           0x1d7  (471)
.text           0x5358               0x116           0x1a1  (417)
.text           0x546e                0xd0           0x138  (312)
.text           0x553e                0x40            0x60  (96)
.text           0x557e                0x40            0x60  (96)
.isr            0x55be                 0x2             0x3  (3)
__CONFIG2      0x157fc                 0x2             0x3  (3)
__CONFIG1      0x157fe                 0x2             0x3  (3)

         Total program memory used (bytes):         0x80a0  (32928) 25%


Data Memory Usage

section        address      alignment gaps    total length  (dec)
-------        -------      --------------    -------------------
.icd             0x800                0x50            0x50  (80)
TCB_MEM          0x850                   0           0x108  (264)
[...]
Memory Configuration

Name             Origin             Length             Attributes
data             0x000800           0x002000           a !xr
reset            0x000000           0x000004  
ivt              0x000004           0x0000fc  
aivt             0x000104           0x0000fc  
program          0x000200           0x0155fc           xr
config2          0x0157fc           0x000002  
config1          0x0157fe           0x000002  
*default*        0x000000           0xffffffff  

Linker script and memory map

LOAD C:\Work\MCHPTCPStack\MCHPTCPStack 3.60\Source\Announce.o
LOAD C:\Work\MCHPTCPStack\MCHPTCPStack 3.60\Source\ARP.o
LOAD C:\Work\MCHPTCPStack\MCHPTCPStack 3.60\Source\ARPTsk.o
LOAD C:\Work\MCHPTCPStack\MCHPTCPStack 3.60\Source\Delay.o
LOAD C:\Work\MCHPTCPStack\MCHPTCPStack 3.60\Source\DHCP.o
LOAD C:\Work\MCHPTCPStack\MCHPTCPStack 3.60\Source\ENC28J60.o
LOAD C:\Work\MCHPTCPStack\MCHPTCPStack 3.60\Source\FTP.o
LOAD C:\Work\MCHPTCPStack\MCHPTCPStack 3.60\Source\Helpers.o
LOAD C:\Work\MCHPTCPStack\MCHPTCPStack 3.60\Source\HTTP.o
LOAD C:\Work\MCHPTCPStack\MCHPTCPStack 3.60\Source\ICMP.o
LOAD C:\Work\MCHPTCPStack\MCHPTCPStack 3.60\Source\IP.o
LOAD C:\Work\MCHPTCPStack\MCHPTCPStack 3.60\Source\MainDemo.o
LOAD C:\Work\MCHPTCPStack\MCHPTCPStack 3.60\Source\MPFS.o
LOAD C:\Work\MCHPTCPStack\MCHPTCPStack 3.60\Source\SPIEEPROM.o
LOAD C:\Work\MCHPTCPStack\MCHPTCPStack 3.60\Source\StackTsk.o
LOAD C:\Work\MCHPTCPStack\MCHPTCPStack 3.60\Source\TCP.o
LOAD C:\Work\MCHPTCPStack\MCHPTCPStack 3.60\Source\Tick.o
LOAD C:\Work\MCHPTCPStack\MCHPTCPStack 3.60\Source\UDP.o
LOAD C:\Work\MCHPTCPStack\MCHPTCPStack 3.60\Source\UART.o
LOAD C:\Work\MCHPTCPStack\MCHPTCPStack 3.60\Source\LCDBlocking.o
                    0x0004                  __IVT_BASE = 0x4
                    0x0104                  __AIVT_BASE = 0x104
                    0x0800                  __DATA_BASE = 0x800
                    0x0200                  __CODE_BASE = 0x200

.reset            0x000000          0x4
                  0x000000          0x2 SHORT 0x200 <code 336> (__reset)
                  0x000001          0x2 SHORT 0x4
                  0x000002          0x2 SHORT 0x0 ((<code 336> (__reset) >> 0x10) & 0x7f)
                  0x000003          0x2 SHORT 0x0

.text             0x000200        0x280
 *(.handle)
 *(.libc)
 .libc            0x000200         0x80 C:\Program Files\Microchip\MPLAB C30\bin\..\lib\libpic30-coff.a(crt0.o)
                  0x000200                  _resetPRI
                  0x000200                  _reset
                  0x000214                  _psv_init
                  0x000224                  _data_init
 .libc            0x000280          0xe C:\Program Files\Microchip\MPLAB C30\bin\..\lib\libc-coff.a(memcpy.o)
                  0x000280                  memcpy
 .libc            0x00028e         0x20 C:\Program Files\Microchip\MPLAB C30\bin\..\lib\libc-coff.a(strncpy.o)
                  0x00028e                  strncpy
 .libc            0x0002ae        0x126 C:\Program Files\Microchip\MPLAB C30\bin\..\lib\libc-coff.a(xstoul.o)
                  0x0002ae                  _Stoul
 .libc            0x0003d4         0x1e C:\Program Files\Microchip\MPLAB C30\bin\..\lib\libc-coff.a(memcmp.o)
                  0x0003d4                  memcmp
 .libc            0x0003f2          0xa C:\Program Files\Microchip\MPLAB C30\bin\..\lib\libc-coff.a(strcpy.o)
                  0x0003f2                  strcpy
 .libc            0x0003fc          0xe C:\Program Files\Microchip\MPLAB C30\bin\..\lib\libc-coff.a(strlen.o)
                  0x0003fc                  strlen
 .libc            0x00040a          0xe C:\Program Files\Microchip\MPLAB C30\bin\..\lib\libc-coff.a(memset.o)
                  0x00040a                  memset
 .libc            0x000418         0x10 C:\Program Files\Microchip\MPLAB C30\bin\..\lib\libc-coff.a(isspace.os)
                  0x000418                  isspace
 .libc            0x000428          0xe C:\Program Files\Microchip\MPLAB C30\bin\..\lib\libc-coff.a(tolower.os)
                  0x000428                  tolower
 .libc            0x000436         0x12 C:\Program Files\Microchip\MPLAB C30\bin\..\lib\libc-coff.a(memchr.o)
                  0x000436                  memchr
 .libc            0x000448          0xc C:\Program Files\Microchip\MPLAB C30\bin\..\lib\libc-coff.a(errno.o)
                  0x000448                  _Geterrno
 *(.libm)
 .libm            0x000454          0xc C:\Program Files\Microchip\MPLAB C30\bin\..\lib\libm-coff.a(mulsi3.o)
                  0x000454                  __mulsi3
 .libm            0x000460         0x20 C:\Program Files\Microchip\MPLAB C30\bin\..\lib\libm-coff.a(udivsi3.o)
                  0x000460                  __udivsi3
 *(.libdsp)
 *(.lib*)

__CONFIG2         0x0157fc          0x2
 *(__CONFIG2.sec)
 __CONFIG2.sec    0x0157fc          0x2 C:\Work\MCHPTCPStack\MCHPTCPStack 3.60\Source\MainDemo.o
                  0x0157fc                  _CONFIG2

__CONFIG1         0x0157fe          0x2
 *(__CONFIG1.sec)
 __CONFIG1.sec    0x0157fe          0x2 C:\Work\MCHPTCPStack\MCHPTCPStack 3.60\Source\MainDemo.o
                  0x0157fe                  _CONFIG1

.icd                0x0800         0x50
                    0x0850                  . = (. + DEFINED (__ICD2RAM)?0x50:0x0)
 *fill*             0x0800         0x5000

.comment
 *(.comment)

.debug_info
 *(.debug_info)
 *(.gnu.linkonce.wi.*)

.debug_abbrev
 *(.debug_abbrev)

.debug_line
 *(.debug_line)

.debug_frame
 *(.debug_frame)

.debug_str
 *(.debug_str)

.debug_loc
 *(.debug_loc)

.debug_macinfo
 *(.debug_macinfo)

.debug_pubnames
 *(.debug_pubnames)

.debug_ranges
 *(.debug_ranges)

.debug_aranges
 *(.debug_aranges)

.ivt              0x000004         0xfc
                  0x000004          0x4 LONG 0x55be DEFINED (__ReservedTrap0)?<code 336> (__ReservedTrap0):<code 336> (__DefaultInterrupt)
                  0x000006          0x4 LONG 0x55be DEFINED (__OscillatorFail)?<code 336> (__OscillatorFail):<code 336> (__DefaultInterrupt)
                  0x000008          0x4 LONG 0x55be DEFINED (__AddressError)?<code 336> (__AddressError):<code 336> (__DefaultInterrupt)
                  0x00000a          0x4 LONG 0x55be DEFINED (__StackError)?<code 336> (__StackError):<code 336> (__DefaultInterrupt)
                  0x00000c          0x4 LONG 0x55be DEFINED (__MathError)?<code 336> (__MathError):<code 336> (__DefaultInterrupt)
                  0x00000e          0x4 LONG 0x55be DEFINED (__ReservedTrap5)?<code 336> (__ReservedTrap5):<code 336> (__DefaultInterrupt)
                  0x000010          0x4 LONG 0x55be DEFINED (__ReservedTrap6)?<code 336> (__ReservedTrap6):<code 336> (__DefaultInterrupt)
                  0x000012          0x4 LONG 0x55be DEFINED (__ReservedTrap7)?<code 336> (__ReservedTrap7):<code 336> (__DefaultInterrupt)
                  0x000014          0x4 LONG 0x55be DEFINED (__INT0Interrupt)?<code 336> (__INT0Interrupt):<code 336> (__DefaultInterrupt)
                  0x000016          0x4 LONG 0x55be DEFINED (__IC1Interrupt)?<code 336> (__IC1Interrupt):<code 336> (__DefaultInterrupt)
                  0x000018          0x4 LONG 0x55be DEFINED (__OC1Interrupt)?<code 336> (__OC1Interrupt):<code 336> (__DefaultInterrupt)
                  0x00001a          0x4 LONG 0x55a6 DEFINED (__T1Interrupt)?<code 336> (__T1Interrupt):<code 336> (__DefaultInterrupt)
                  0x00001c          0x4 LONG 0x55be DEFINED (__Interrupt4)?<code 336> (__Interrupt4):<code 336> (__DefaultInterrupt)
                  0x00001e          0x4 LONG 0x55be DEFINED (__IC2Interrupt)?<code 336> (__IC2Interrupt):<code 336> (__DefaultInterrupt)
                  0x000020          0x4 LONG 0x55be DEFINED (__OC2Interrupt)?<code 336> (__OC2Interrupt):<code 336> (__DefaultInterrupt)
                  0x000022          0x4 LONG 0x55be DEFINED (__T2Interrupt)?<code 336> (__T2Interrupt):<code 336> (__DefaultInterrupt)
                  0x000024          0x4 LONG 0x55be DEFINED (__T3Interrupt)?<code 336> (__T3Interrupt):<code 336> (__DefaultInterrupt)
                  0x000026          0x4 LONG 0x55be DEFINED (__SPI1ErrInterrupt)?<code 336> (__SPI1ErrInterrupt):<code 336> (__DefaultInterrupt)
                  0x000028          0x4 LONG 0x55be DEFINED (__SPI1TInterrupt)?<code 336> (__SPI1TInterrupt):<code 336> (__DefaultInterrupt)
                  0x00002a          0x4 LONG 0x55be DEFINED (__U1RXInterrupt)?<code 336> (__U1RXInterrupt):<code 336> (__DefaultInterrupt)
                  0x00002c          0x4 LONG 0x55be DEFINED (__U1TXInterrupt)?<code 336> (__U1TXInterrupt):<code 336> (__DefaultInterrupt)
                  0x00002e          0x4 LONG 0x55be DEFINED (__ADC1Interrupt)?<code 336> (__ADC1Interrupt):<code 336> (__DefaultInterrupt)
                  0x000030          0x4 LONG 0x55be DEFINED (__Interrupt14)?<code 336> (__Interrupt14):<code 336> (__DefaultInterrupt)
                  0x000032          0x4 LONG 0x55be DEFINED (__Interrupt15)?<code 336> (__Interrupt15):<code 336> (__DefaultInterrupt)
                  0x000034          0x4 LONG 0x55be DEFINED (__SI2C1Interrupt)?<code 336> (__SI2C1Interrupt):<code 336> (__DefaultInterrupt)
                  0x000036          0x4 LONG 0x55be DEFINED (__MI2C1Interrupt)?<code 336> (__MI2C1Interrupt):<code 336> (__DefaultInterrupt)
                  0x000038          0x4 LONG 0x55be DEFINED (__CompInterrupt)?<code 336> (__CompInterrupt):<code 336> (__DefaultInterrupt)
                  0x00003a          0x4 LONG 0x55be DEFINED (__CNInterrupt)?<code 336> (__CNInterrupt):<code 336> (__DefaultInterrupt)
                  0x00003c          0x4 LONG 0x55be DEFINED (__INT1Interrupt)?<code 336> (__INT1Interrupt):<code 336> (__DefaultInterrupt)
                  0x00003e          0x4 LONG 0x55be DEFINED (__Interrupt21)?<code 336> (__Interrupt21):<code 336> (__DefaultInterrupt)
                  0x000040          0x4 LONG 0x55be DEFINED (__Interrupt22)?<code 336> (__Interrupt22):<code 336> (__DefaultInterrupt)
                  0x000042          0x4 LONG 0x55be DEFINED (__Interrupt23)?<code 336> (__Interrupt23):<code 336> (__DefaultInterrupt)
                  0x000044          0x4 LONG 0x55be DEFINED (__Interrupt24)?<code 336> (__Interrupt24):<code 336> (__DefaultInterrupt)
                  0x000046          0x4 LONG 0x55be DEFINED (__OC3Interrupt)?<code 336> (__OC3Interrupt):<code 336> (__DefaultInterrupt)
                  0x000048          0x4 LONG 0x55be DEFINED (__OC4Interrupt)?<code 336> (__OC4Interrupt):<code 336> (__DefaultInterrupt)
                  0x00004a          0x4 LONG 0x55be DEFINED (__T4Interrupt)?<code 336> (__T4Interrupt):<code 336> (__DefaultInterrupt)
                  0x00004c          0x4 LONG 0x55be DEFINED (__T5Interrupt)?<code 336> (__T5Interrupt):<code 336> (__DefaultInterrupt)
                  0x00004e          0x4 LONG 0x55be DEFINED (__INT2Interrupt)?<code 336> (__INT2Interrupt):<code 336> (__DefaultInterrupt)
                  0x000050          0x4 LONG 0x55be DEFINED (__U2RXInterrupt)?<code 336> (__U2RXInterrupt):<code 336> (__DefaultInterrupt)
                  0x000052          0x4 LONG 0x55be DEFINED (__U2TXInterrupt)?<code 336> (__U2TXInterrupt):<code 336> (__DefaultInterrupt)
                  0x000054          0x4 LONG 0x55be DEFINED (__SPI2ErrInterrupt)?<code 336> (__SPI2ErrInterrupt):<code 336> (__DefaultInterrupt)
                  0x000056          0x4 LONG 0x55be DEFINED (__SPI2Interrupt)?<code 336> (__SPI2Interrupt):<code 336> (__DefaultInterrupt)
                  0x000058          0x4 LONG 0x55be DEFINED (__Interrupt34)?<code 336> (__Interrupt34):<code 336> (__DefaultInterrupt)
                  0x00005a          0x4 LONG 0x55be DEFINED (__Interrupt35)?<code 336> (__Interrupt35):<code 336> (__DefaultInterrupt)
                  0x00005c          0x4 LONG 0x55be DEFINED (__Interrupt36)?<code 336> (__Interrupt36):<code 336> (__DefaultInterrupt)
                  0x00005e          0x4 LONG 0x55be DEFINED (__IC3Interrupt)?<code 336> (__IC3Interrupt):<code 336> (__DefaultInterrupt)
                  0x000060          0x4 LONG 0x55be DEFINED (__IC4Interrupt)?<code 336> (__IC4Interrupt):<code 336> (__DefaultInterrupt)
                  0x000062          0x4 LONG 0x55be DEFINED (__IC5Interrupt)?<code 336> (__IC5Interrupt):<code 336> (__DefaultInterrupt)
                  0x000064          0x4 LONG 0x55be DEFINED (__Interrupt40)?<code 336> (__Interrupt40):<code 336> (__DefaultInterrupt)
                  0x000066          0x4 LONG 0x55be DEFINED (__OC5Interrupt)?<code 336> (__OC5Interrupt):<code 336> (__DefaultInterrupt)
                  0x000068          0x4 LONG 0x55be DEFINED (__Interrupt42)?<code 336> (__Interrupt42):<code 336> (__DefaultInterrupt)
                  0x00006a          0x4 LONG 0x55be DEFINED (__Interrupt43)?<code 336> (__Interrupt43):<code 336> (__DefaultInterrupt)
                  0x00006c          0x4 LONG 0x55be DEFINED (__Interrupt44)?<code 336> (__Interrupt44):<code 336> (__DefaultInterrupt)
                  0x00006e          0x4 LONG 0x55be DEFINED (__PMPInterrupt)?<code 336> (__PMPInterrupt):<code 336> (__DefaultInterrupt)
                  0x000070          0x4 LONG 0x55be DEFINED (__Interrupt46)?<code 336> (__Interrupt46):<code 336> (__DefaultInterrupt)
                  0x000072          0x4 LONG 0x55be DEFINED (__Interrupt47)?<code 336> (__Interrupt47):<code 336> (__DefaultInterrupt)
                  0x000074          0x4 LONG 0x55be DEFINED (__Interrupt48)?<code 336> (__Interrupt48):<code 336> (__DefaultInterrupt)
                  0x000076          0x4 LONG 0x55be DEFINED (__SI2C2Interrupt)?<code 336> (__SI2C2Interrupt):<code 336> (__DefaultInterrupt)
                  0x000078          0x4 LONG 0x55be DEFINED (__MI2C2Interrupt)?<code 336> (__MI2C2Interrupt):<code 336> (__DefaultInterrupt)
                  0x00007a          0x4 LONG 0x55be DEFINED (__Interrupt51)?<code 336> (__Interrupt51):<code 336> (__DefaultInterrupt)
                  0x00007c          0x4 LONG 0x55be DEFINED (__Interrupt52)?<code 336> (__Interrupt52):<code 336> (__DefaultInterrupt)
                  0x00007e          0x4 LONG 0x55be DEFINED (__INT3Interrupt)?<code 336> (__INT3Interrupt):<code 336> (__DefaultInterrupt)
                  0x000080          0x4 LONG 0x55be DEFINED (__INT4Interrupt)?<code 336> (__INT4Interrupt):<code 336> (__DefaultInterrupt)
                  0x000082          0x4 LONG 0x55be DEFINED (__Interrupt55)?<code 336> (__Interrupt55):<code 336> (__DefaultInterrupt)
                  0x000084          0x4 LONG 0x55be DEFINED (__Interrupt56)?<code 336> (__Interrupt56):<code 336> (__DefaultInterrupt)
                  0x000086          0x4 LONG 0x55be DEFINED (__Interrupt57)?<code 336> (__Interrupt57):<code 336> (__DefaultInterrupt)
                  0x000088          0x4 LONG 0x55be DEFINED (__Interrupt58)?<code 336> (__Interrupt58):<code 336> (__DefaultInterrupt)
                  0x00008a          0x4 LONG 0x55be DEFINED (__Interrupt59)?<code 336> (__Interrupt59):<code 336> (__DefaultInterrupt)
                  0x00008c          0x4 LONG 0x55be DEFINED (__Interrupt60)?<code 336> (__Interrupt60):<code 336> (__DefaultInterrupt)
                  0x00008e          0x4 LONG 0x55be DEFINED (__Interrupt61)?<code 336> (__Interrupt61):<code 336> (__DefaultInterrupt)
                  0x000090          0x4 LONG 0x55be DEFINED (__RTCCInterrupt)?<code 336> (__RTCCInterrupt):<code 336> (__DefaultInterrupt)
                  0x000092          0x4 LONG 0x55be DEFINED (__Interrupt63)?<code 336> (__Interrupt63):<code 336> (__DefaultInterrupt)
                  0x000094          0x4 LONG 0x55be DEFINED (__Interrupt64)?<code 336> (__Interrupt64):<code 336> (__DefaultInterrupt)
                  0x000096          0x4 LONG 0x55be DEFINED (__U1ErrInterrupt)?<code 336> (__U1ErrInterrupt):<code 336> (__DefaultInterrupt)
                  0x000098          0x4 LONG 0x55be DEFINED (__U2ErrInterrupt)?<code 336> (__U2ErrInterrupt):<code 336> (__DefaultInterrupt)
                  0x00009a          0x4 LONG 0x55be DEFINED (__CRCInterrupt)?<code 336> (__CRCInterrupt):<code 336> (__DefaultInterrupt)
                  0x00009c          0x4 LONG 0x55be DEFINED (__Interrupt68)?<code 336> (__Interrupt68):<code 336> (__DefaultInterrupt)
                  0x00009e          0x4 LONG 0x55be DEFINED (__Interrupt69)?<code 336> (__Interrupt69):<code 336> (__DefaultInterrupt)
                  0x0000a0          0x4 LONG 0x55be DEFINED (__Interrupt70)?<code 336> (__Interrupt70):<code 336> (__DefaultInterrupt)
                  0x0000a2          0x4 LONG 0x55be DEFINED (__Interrupt71)?<code 336> (__Interrupt71):<code 336> (__DefaultInterrupt)
                  0x0000a4          0x4 LONG 0x55be DEFINED (__Interrupt72)?<code 336> (__Interrupt72):<code 336> (__DefaultInterrupt)
                  0x0000a6          0x4 LONG 0x55be DEFINED (__Interrupt73)?<code 336> (__Interrupt73):<code 336> (__DefaultInterrupt)
                  0x0000a8          0x4 LONG 0x55be DEFINED (__Interrupt74)?<code 336> (__Interrupt74):<code 336> (__DefaultInterrupt)
                  0x0000aa          0x4 LONG 0x55be DEFINED (__Interrupt75)?<code 336> (__Interrupt75):<code 336> (__DefaultInterrupt)
                  0x0000ac          0x4 LONG 0x55be DEFINED (__Interrupt76)?<code 336> (__Interrupt76):<code 336> (__DefaultInterrupt)
                  0x0000ae          0x4 LONG 0x55be DEFINED (__Interrupt77)?<code 336> (__Interrupt77):<code 336> (__DefaultInterrupt)
                  0x0000b0          0x4 LONG 0x55be DEFINED (__Interrupt78)?<code 336> (__Interrupt78):<code 336> (__DefaultInterrupt)
                  0x0000b2          0x4 LONG 0x55be DEFINED (__Interrupt79)?<code 336> (__Interrupt79):<code 336> (__DefaultInterrupt)
                  0x0000b4          0x4 LONG 0x55be DEFINED (__Interrupt80)?<code 336> (__Interrupt80):<code 336> (__DefaultInterrupt)
                  0x0000b6          0x4 LONG 0x55be DEFINED (__Interrupt81)?<code 336> (__Interrupt81):<code 336> (__DefaultInterrupt)
                  0x0000b8          0x4 LONG 0x55be DEFINED (__Interrupt82)?<code 336> (__Interrupt82):<code 336> (__DefaultInterrupt)
                  0x0000ba          0x4 LONG 0x55be DEFINED (__Interrupt83)?<code 336> (__Interrupt83):<code 336> (__DefaultInterrupt)
                  0x0000bc          0x4 LONG 0x55be DEFINED (__Interrupt84)?<code 336> (__Interrupt84):<code 336> (__DefaultInterrupt)
                  0x0000be          0x4 LONG 0x55be DEFINED (__Interrupt85)?<code 336> (__Interrupt85):<code 336> (__DefaultInterrupt)
                  0x0000c0          0x4 LONG 0x55be DEFINED (__Interrupt86)?<code 336> (__Interrupt86):<code 336> (__DefaultInterrupt)
                  0x0000c2          0x4 LONG 0x55be DEFINED (__Interrupt87)?<code 336> (__Interrupt87):<code 336> (__DefaultInterrupt)
                  0x0000c4          0x4 LONG 0x55be DEFINED (__Interrupt88)?<code 336> (__Interrupt88):<code 336> (__DefaultInterrupt)
                  0x0000c6          0x4 LONG 0x55be DEFINED (__Interrupt89)?<code 336> (__Interrupt89):<code 336> (__DefaultInterrupt)
                  0x0000c8          0x4 LONG 0x55be DEFINED (__Interrupt90)?<code 336> (__Interrupt90):<code 336> (__DefaultInterrupt)
                  0x0000ca          0x4 LONG 0x55be DEFINED (__Interrupt91)?<code 336> (__Interrupt91):<code 336> (__DefaultInterrupt)
                  0x0000cc          0x4 LONG 0x55be DEFINED (__Interrupt92)?<code 336> (__Interrupt92):<code 336> (__DefaultInterrupt)
                  0x0000ce          0x4 LONG 0x55be DEFINED (__Interrupt93)?<code 336> (__Interrupt93):<code 336> (__DefaultInterrupt)
                  0x0000d0          0x4 LONG 0x55be DEFINED (__Interrupt94)?<code 336> (__Interrupt94):<code 336> (__DefaultInterrupt)
                  0x0000d2          0x4 LONG 0x55be DEFINED (__Interrupt95)?<code 336> (__Interrupt95):<code 336> (__DefaultInterrupt)
                  0x0000d4          0x4 LONG 0x55be DEFINED (__Interrupt96)?<code 336> (__Interrupt96):<code 336> (__DefaultInterrupt)
                  0x0000d6          0x4 LONG 0x55be DEFINED (__Interrupt97)?<code 336> (__Interrupt97):<code 336> (__DefaultInterrupt)
                  0x0000d8          0x4 LONG 0x55be DEFINED (__Interrupt98)?<code 336> (__Interrupt98):<code 336> (__DefaultInterrupt)
                  0x0000da          0x4 LONG 0x55be DEFINED (__Interrupt99)?<code 336> (__Interrupt99):<code 336> (__DefaultInterrupt)
                  0x0000dc          0x4 LONG 0x55be DEFINED (__Interrupt100)?<code 336> (__Interrupt100):<code 336> (__DefaultInterrupt)
                  0x0000de          0x4 LONG 0x55be DEFINED (__Interrupt101)?<code 336> (__Interrupt101):<code 336> (__DefaultInterrupt)
                  0x0000e0          0x4 LONG 0x55be DEFINED (__Interrupt102)?<code 336> (__Interrupt102):<code 336> (__DefaultInterrupt)
                  0x0000e2          0x4 LONG 0x55be DEFINED (__Interrupt103)?<code 336> (__Interrupt103):<code 336> (__DefaultInterrupt)
                  0x0000e4          0x4 LONG 0x55be DEFINED (__Interrupt104)?<code 336> (__Interrupt104):<code 336> (__DefaultInterrupt)
                  0x0000e6          0x4 LONG 0x55be DEFINED (__Interrupt105)?<code 336> (__Interrupt105):<code 336> (__DefaultInterrupt)
                  0x0000e8          0x4 LONG 0x55be DEFINED (__Interrupt106)?<code 336> (__Interrupt106):<code 336> (__DefaultInterrupt)
                  0x0000ea          0x4 LONG 0x55be DEFINED (__Interrupt107)?<code 336> (__Interrupt107):<code 336> (__DefaultInterrupt)
                  0x0000ec          0x4 LONG 0x55be DEFINED (__Interrupt108)?<code 336> (__Interrupt108):<code 336> (__DefaultInterrupt)
                  0x0000ee          0x4 LONG 0x55be DEFINED (__Interrupt109)?<code 336> (__Interrupt109):<code 336> (__DefaultInterrupt)
                  0x0000f0          0x4 LONG 0x55be DEFINED (__Interrupt110)?<code 336> (__Interrupt110):<code 336> (__DefaultInterrupt)
                  0x0000f2          0x4 LONG 0x55be DEFINED (__Interrupt111)?<code 336> (__Interrupt111):<code 336> (__DefaultInterrupt)
                  0x0000f4          0x4 LONG 0x55be DEFINED (__Interrupt112)?<code 336> (__Interrupt112):<code 336> (__DefaultInterrupt)
                  0x0000f6          0x4 LONG 0x55be DEFINED (__Interrupt113)?<code 336> (__Interrupt113):<code 336> (__DefaultInterrupt)
                  0x0000f8          0x4 LONG 0x55be DEFINED (__Interrupt114)?<code 336> (__Interrupt114):<code 336> (__DefaultInterrupt)
                  0x0000fa          0x4 LONG 0x55be DEFINED (__Interrupt115)?<code 336> (__Interrupt115):<code 336> (__DefaultInterrupt)
                  0x0000fc          0x4 LONG 0x55be DEFINED (__Interrupt116)?<code 336> (__Interrupt116):<code 336> (__DefaultInterrupt)
                  0x0000fe          0x4 LONG 0x55be DEFINED (__Interrupt117)?<code 336> (__Interrupt117):<code 336> (__DefaultInterrupt)

.aivt             0x000104         0xfc
                  0x000104          0x4 LONG 0x55be DEFINED (__AltReservedTrap0)?<code 336> (__AltReservedTrap0):DEFINED (__ReservedTrap0)?<code 336> (__ReservedTrap0):<code 336> (__DefaultInterrupt)
                  0x000106          0x4 LONG 0x55be DEFINED (__AltOscillatorFail)?<code 336> (__AltOscillatorFail):DEFINED (__OscillatorFail)?<code 336> (__OscillatorFail):<code 336> (__DefaultInterrupt)
                  0x000108          0x4 LONG 0x55be DEFINED (__AltAddressError)?<code 336> (__AltAddressError):DEFINED (__AddressError)?<code 336> (__AddressError):<code 336> (__DefaultInterrupt)
                  0x00010a          0x4 LONG 0x55be DEFINED (__AltStackError)?<code 336> (__AltStackError):DEFINED (__StackError)?<code 336> (__StackError):<code 336> (__DefaultInterrupt)
                  0x00010c          0x4 LONG 0x55be DEFINED (__AltMathError)?<code 336> (__AltMathError):DEFINED (__MathError)?<code 336> (__MathError):<code 336> (__DefaultInterrupt)
                  0x00010e          0x4 LONG 0x55be DEFINED (__AltReservedTrap5)?<code 336> (__AltReservedTrap5):DEFINED (__ReservedTrap5)?<code 336> (__ReservedTrap5):<code 336> (__DefaultInterrupt)
                  0x000110          0x4 LONG 0x55be DEFINED (__AltReservedTrap6)?<code 336> (__AltReservedTrap6):DEFINED (__ReservedTrap6)?<code 336> (__ReservedTrap6):<code 336> (__DefaultInterrupt)
                  0x000112          0x4 LONG 0x55be DEFINED (__AltReservedTrap7)?<code 336> (__AltReservedTrap7):DEFINED (__ReservedTrap7)?<code 336> (__ReservedTrap7):<code 336> (__DefaultInterrupt)
                  0x000114          0x4 LONG 0x55be DEFINED (__AltINT0Interrupt)?<code 336> (__AltINT0Interrupt):DEFINED (__INT0Interrupt)?<code 336> (__INT0Interrupt):<code 336> (__DefaultInterrupt)
                  0x000116          0x4 LONG 0x55be DEFINED (__AltIC1Interrupt)?<code 336> (__AltIC1Interrupt):DEFINED (__IC1Interrupt)?<code 336> (__IC1Interrupt):<code 336> (__DefaultInterrupt)
                  0x000118          0x4 LONG 0x55be DEFINED (__AltOC1Interrupt)?<code 336> (__AltOC1Interrupt):DEFINED (__OC1Interrupt)?<code 336> (__OC1Interrupt):<code 336> (__DefaultInterrupt)
                  0x00011a          0x4 LONG 0x55a6 DEFINED (__AltT1Interrupt)?<code 336> (__AltT1Interrupt):DEFINED (__T1Interrupt)?<code 336> (__T1Interrupt):<code 336> (__DefaultInterrupt)
                  0x00011c          0x4 LONG 0x55be DEFINED (__AltInterrupt4)?<code 336> (__AltInterrupt4):DEFINED (__Interrupt4)?<code 336> (__Interrupt4):<code 336> (__DefaultInterrupt)
                  0x00011e          0x4 LONG 0x55be DEFINED (__AltIC2Interrupt)?<code 336> (__AltIC2Interrupt):DEFINED (__IC2Interrupt)?<code 336> (__IC2Interrupt):<code 336> (__DefaultInterrupt)
                  0x000120          0x4 LONG 0x55be DEFINED (__AltOC2Interrupt)?<code 336> (__AltOC2Interrupt):DEFINED (__OC2Interrupt)?<code 336> (__OC2Interrupt):<code 336> (__DefaultInterrupt)
                  0x000122          0x4 LONG 0x55be DEFINED (__AltT2Interrupt)?<code 336> (__AltT2Interrupt):DEFINED (__T2Interrupt)?<code 336> (__T2Interrupt):<code 336> (__DefaultInterrupt)
                  0x000124          0x4 LONG 0x55be DEFINED (__AltT3Interrupt)?<code 336> (__AltT3Interrupt):DEFINED (__T3Interrupt)?<code 336> (__T3Interrupt):<code 336> (__DefaultInterrupt)
                  0x000126          0x4 LONG 0x55be DEFINED (__AltSPI1ErrInterrupt)?<code 336> (__AltSPI1ErrInterrupt):DEFINED (__SPI1ErrInterrupt)?<code 336> (__SPI1ErrInterrupt):<code 336> (__DefaultInterrupt)
                  0x000128          0x4 LONG 0x55be DEFINED (__AltSPI1TInterrupt)?<code 336> (__AltSPI1TInterrupt):DEFINED (__SPI1TInterrupt)?<code 336> (__SPI1TInterrupt):<code 336> (__DefaultInterrupt)
                  0x00012a          0x4 LONG 0x55be DEFINED (__AltU1RXInterrupt)?<code 336> (__AltU1RXInterrupt):DEFINED (__U1RXInterrupt)?<code 336> (__U1RXInterrupt):<code 336> (__DefaultInterrupt)
                  0x00012c          0x4 LONG 0x55be DEFINED (__AltU1TXInterrupt)?<code 336> (__AltU1TXInterrupt):DEFINED (__U1TXInterrupt)?<code 336> (__U1TXInterrupt):<code 336> (__DefaultInterrupt)
                  0x00012e          0x4 LONG 0x55be DEFINED (__AltADC1Interrupt)?<code 336> (__AltADC1Interrupt):DEFINED (__ADC1Interrupt)?<code 336> (__ADC1Interrupt):<code 336> (__DefaultInterrupt)
                  0x000130          0x4 LONG 0x55be DEFINED (__AltInterrupt14)?<code 336> (__AltInterrupt14):DEFINED (__Interrupt14)?<code 336> (__Interrupt14):<code 336> (__DefaultInterrupt)
                  0x000132          0x4 LONG 0x55be DEFINED (__AltInterrupt15)?<code 336> (__AltInterrupt15):DEFINED (__Interrupt15)?<code 336> (__Interrupt15):<code 336> (__DefaultInterrupt)
                  0x000134          0x4 LONG 0x55be DEFINED (__AltSI2C1Interrupt)?<code 336> (__AltSI2C1Interrupt):DEFINED (__SI2C1Interrupt)?<code 336> (__SI2C1Interrupt):<code 336> (__DefaultInterrupt)
                  0x000136          0x4 LONG 0x55be DEFINED (__AltMI2C1Interrupt)?<code 336> (__AltMI2C1Interrupt):DEFINED (__MI2C1Interrupt)?<code 336> (__MI2C1Interrupt):<code 336> (__DefaultInterrupt)
                  0x000138          0x4 LONG 0x55be DEFINED (__AltCompInterrupt)?<code 336> (__AltCompInterrupt):DEFINED (__CompInterrupt)?<code 336> (__CompInterrupt):<code 336> (__DefaultInterrupt)
                  0x00013a          0x4 LONG 0x55be DEFINED (__AltCNInterrupt)?<code 336> (__AltCNInterrupt):DEFINED (__CNInterrupt)?<code 336> (__CNInterrupt):<code 336> (__DefaultInterrupt)
                  0x00013c          0x4 LONG 0x55be DEFINED (__AltINT1Interrupt)?<code 336> (__AltINT1Interrupt):DEFINED (__INT1Interrupt)?<code 336> (__INT1Interrupt):<code 336> (__DefaultInterrupt)
                  0x00013e          0x4 LONG 0x55be DEFINED (__AltInterrupt21)?<code 336> (__AltInterrupt21):DEFINED (__Interrupt21)?<code 336> (__Interrupt21):<code 336> (__DefaultInterrupt)
                  0x000140          0x4 LONG 0x55be DEFINED (__AltInterrupt22)?<code 336> (__AltInterrupt22):DEFINED (__Interrupt22)?<code 336> (__Interrupt22):<code 336> (__DefaultInterrupt)
                  0x000142          0x4 LONG 0x55be DEFINED (__AltInterrupt23)?<code 336> (__AltInterrupt23):DEFINED (__Interrupt23)?<code 336> (__Interrupt23):<code 336> (__DefaultInterrupt)
                  0x000144          0x4 LONG 0x55be DEFINED (__AltInterrupt24)?<code 336> (__AltInterrupt24):DEFINED (__Interrupt24)?<code 336> (__Interrupt24):<code 336> (__DefaultInterrupt)
                  0x000146          0x4 LONG 0x55be DEFINED (__AltOC3Interrupt)?<code 336> (__AltOC3Interrupt):DEFINED (__OC3Interrupt)?<code 336> (__OC3Interrupt):<code 336> (__DefaultInterrupt)
                  0x000148          0x4 LONG 0x55be DEFINED (__AltOC4Interrupt)?<code 336> (__AltOC4Interrupt):DEFINED (__OC4Interrupt)?<code 336> (__OC4Interrupt):<code 336> (__DefaultInterrupt)
                  0x00014a          0x4 LONG 0x55be DEFINED (__AltT4Interrupt)?<code 336> (__AltT4Interrupt):DEFINED (__T4Interrupt)?<code 336> (__T4Interrupt):<code 336> (__DefaultInterrupt)
                  0x00014c          0x4 LONG 0x55be DEFINED (__AltT5Interrupt)?<code 336> (__AltT5Interrupt):DEFINED (__T5Interrupt)?<code 336> (__T5Interrupt):<code 336> (__DefaultInterrupt)
                  0x00014e          0x4 LONG 0x55be DEFINED (__AltINT2Interrupt)?<code 336> (__AltINT2Interrupt):DEFINED (__INT2Interrupt)?<code 336> (__INT2Interrupt):<code 336> (__DefaultInterrupt)
                  0x000150          0x4 LONG 0x55be DEFINED (__AltU2RXInterrupt)?<code 336> (__AltU2RXInterrupt):DEFINED (__U2RXInterrupt)?<code 336> (__U2RXInterrupt):<code 336> (__DefaultInterrupt)
                  0x000152          0x4 LONG 0x55be DEFINED (__AltU2TXInterrupt)?<code 336> (__AltU2TXInterrupt):DEFINED (__U2TXInterrupt)?<code 336> (__U2TXInterrupt):<code 336> (__DefaultInterrupt)
                  0x000154          0x4 LONG 0x55be DEFINED (__AltSPI2ErrInterrupt)?<code 336> (__AltSPI2ErrInterrupt):DEFINED (__SPI2ErrInterrupt)?<code 336> (__SPI2ErrInterrupt):<code 336> (__DefaultInterrupt)
                  0x000156          0x4 LONG 0x55be DEFINED (__AltSPI2Interrupt)?<code 336> (__AltSPI2Interrupt):DEFINED (__SPI2Interrupt)?<code 336> (__SPI2Interrupt):<code 336> (__DefaultInterrupt)
                  0x000158          0x4 LONG 0x55be DEFINED (__AltInterrupt34)?<code 336> (__AltInterrupt34):DEFINED (__Interrupt34)?<code 336> (__Interrupt34):<code 336> (__DefaultInterrupt)
                  0x00015a          0x4 LONG 0x55be DEFINED (__AltInterrupt35)?<code 336> (__AltInterrupt35):DEFINED (__Interrupt35)?<code 336> (__Interrupt35):<code 336> (__DefaultInterrupt)
                  0x00015c          0x4 LONG 0x55be DEFINED (__AltInterrupt36)?<code 336> (__AltInterrupt36):DEFINED (__Interrupt36)?<code 336> (__Interrupt36):<code 336> (__DefaultInterrupt)
                  0x00015e          0x4 LONG 0x55be DEFINED (__AltIC3Interrupt)?<code 336> (__AltIC3Interrupt):DEFINED (__IC3Interrupt)?<code 336> (__IC3Interrupt):<code 336> (__DefaultInterrupt)
                  0x000160          0x4 LONG 0x55be DEFINED (__AltIC4Interrupt)?<code 336> (__AltIC4Interrupt):DEFINED (__IC4Interrupt)?<code 336> (__IC4Interrupt):<code 336> (__DefaultInterrupt)
                  0x000162          0x4 LONG 0x55be DEFINED (__AltIC5Interrupt)?<code 336> (__AltIC5Interrupt):DEFINED (__IC5Interrupt)?<code 336> (__IC5Interrupt):<code 336> (__DefaultInterrupt)
                  0x000164          0x4 LONG 0x55be DEFINED (__AltInterrupt40)?<code 336> (__AltInterrupt40):DEFINED (__Interrupt40)?<code 336> (__Interrupt40):<code 336> (__DefaultInterrupt)
                  0x000166          0x4 LONG 0x55be DEFINED (__AltOC5Interrupt)?<code 336> (__AltOC5Interrupt):DEFINED (__OC5Interrupt)?<code 336> (__OC5Interrupt):<code 336> (__DefaultInterrupt)
                  0x000168          0x4 LONG 0x55be DEFINED (__AltInterrupt42)?<code 336> (__AltInterrupt42):DEFINED (__Interrupt42)?<code 336> (__Interrupt42):<code 336> (__DefaultInterrupt)
                  0x00016a          0x4 LONG 0x55be DEFINED (__AltInterrupt43)?<code 336> (__AltInterrupt43):DEFINED (__Interrupt43)?<code 336> (__Interrupt43):<code 336> (__DefaultInterrupt)
                  0x00016c          0x4 LONG 0x55be DEFINED (__AltInterrupt44)?<code 336> (__AltInterrupt44):DEFINED (__Interrupt44)?<code 336> (__Interrupt44):<code 336> (__DefaultInterrupt)
                  0x00016e          0x4 LONG 0x55be DEFINED (__AltPMPInterrupt)?<code 336> (__AltPMPInterrupt):DEFINED (__PMPInterrupt)?<code 336> (__PMPInterrupt):<code 336> (__DefaultInterrupt)
                  0x000170          0x4 LONG 0x55be DEFINED (__AltInterrupt46)?<code 336> (__AltInterrupt46):DEFINED (__Interrupt46)?<code 336> (__Interrupt46):<code 336> (__DefaultInterrupt)
                  0x000172          0x4 LONG 0x55be DEFINED (__AltInterrupt47)?<code 336> (__AltInterrupt47):DEFINED (__Interrupt47)?<code 336> (__Interrupt47):<code 336> (__DefaultInterrupt)
                  0x000174          0x4 LONG 0x55be DEFINED (__AltInterrupt48)?<code 336> (__AltInterrupt48):DEFINED (__Interrupt48)?<code 336> (__Interrupt48):<code 336> (__DefaultInterrupt)
                  0x000176          0x4 LONG 0x55be DEFINED (__AltSI2C2Interrupt)?<code 336> (__AltSI2C2Interrupt):DEFINED (__SI2C2Interrupt)?<code 336> (__SI2C2Interrupt):<code 336> (__DefaultInterrupt)
                  0x000178          0x4 LONG 0x55be DEFINED (__AltMI2C2Interrupt)?<code 336> (__AltMI2C2Interrupt):DEFINED (__MI2C2Interrupt)?<code 336> (__MI2C2Interrupt):<code 336> (__DefaultInterrupt)
                  0x00017a          0x4 LONG 0x55be DEFINED (__AltInterrupt51)?<code 336> (__AltInterrupt51):DEFINED (__Interrupt51)?<code 336> (__Interrupt51):<code 336> (__DefaultInterrupt)
                  0x00017c          0x4 LONG 0x55be DEFINED (__AltInterrupt52)?<code 336> (__AltInterrupt52):DEFINED (__Interrupt52)?<code 336> (__Interrupt52):<code 336> (__DefaultInterrupt)
                  0x00017e          0x4 LONG 0x55be DEFINED (__AltINT3Interrupt)?<code 336> (__AltINT3Interrupt):DEFINED (__INT3Interrupt)?<code 336> (__INT3Interrupt):<code 336> (__DefaultInterrupt)
                  0x000180          0x4 LONG 0x55be DEFINED (__AltINT4Interrupt)?<code 336> (__AltINT4Interrupt):DEFINED (__INT4Interrupt)?<code 336> (__INT4Interrupt):<code 336> (__DefaultInterrupt)
                  0x000182          0x4 LONG 0x55be DEFINED (__AltInterrupt55)?<code 336> (__AltInterrupt55):DEFINED (__Interrupt55)?<code 336> (__Interrupt55):<code 336> (__DefaultInterrupt)
                  0x000184          0x4 LONG 0x55be DEFINED (__AltInterrupt56)?<code 336> (__AltInterrupt56):DEFINED (__Interrupt56)?<code 336> (__Interrupt56):<code 336> (__DefaultInterrupt)
                  0x000186          0x4 LONG 0x55be DEFINED (__AltInterrupt57)?<code 336> (__AltInterrupt57):DEFINED (__Interrupt57)?<code 336> (__Interrupt57):<code 336> (__DefaultInterrupt)
                  0x000188          0x4 LONG 0x55be DEFINED (__AltInterrupt58)?<code 336> (__AltInterrupt58):DEFINED (__Interrupt58)?<code 336> (__Interrupt58):<code 336> (__DefaultInterrupt)
                  0x00018a          0x4 LONG 0x55be DEFINED (__AltInterrupt59)?<code 336> (__AltInterrupt59):DEFINED (__Interrupt59)?<code 336> (__Interrupt59):<code 336> (__DefaultInterrupt)
                  0x00018c          0x4 LONG 0x55be DEFINED (__AltInterrupt60)?<code 336> (__AltInterrupt60):DEFINED (__Interrupt60)?<code 336> (__Interrupt60):<code 336> (__DefaultInterrupt)
                  0x00018e          0x4 LONG 0x55be DEFINED (__AltInterrupt61)?<code 336> (__AltInterrupt61):DEFINED (__Interrupt61)?<code 336> (__Interrupt61):<code 336> (__DefaultInterrupt)
                  0x000190          0x4 LONG 0x55be DEFINED (__AltRTCCInterrupt)?<code 336> (__AltRTCCInterrupt):DEFINED (__RTCCInterrupt)?<code 336> (__RTCCInterrupt):<code 336> (__DefaultInterrupt)
                  0x000192          0x4 LONG 0x55be DEFINED (__AltInterrupt63)?<code 336> (__AltInterrupt63):DEFINED (__Interrupt63)?<code 336> (__Interrupt63):<code 336> (__DefaultInterrupt)
                  0x000194          0x4 LONG 0x55be DEFINED (__AltInterrupt64)?<code 336> (__AltInterrupt64):DEFINED (__Interrupt64)?<code 336> (__Interrupt64):<code 336> (__DefaultInterrupt)
                  0x000196          0x4 LONG 0x55be DEFINED (__AltU1ErrInterrupt)?<code 336> (__AltU1ErrInterrupt):DEFINED (__U1ErrInterrupt)?<code 336> (__U1ErrInterrupt):<code 336> (__DefaultInterrupt)
                  0x000198          0x4 LONG 0x55be DEFINED (__AltU2ErrInterrupt)?<code 336> (__AltU2ErrInterrupt):DEFINED (__U2ErrInterrupt)?<code 336> (__U2ErrInterrupt):<code 336> (__DefaultInterrupt)
                  0x00019a          0x4 LONG 0x55be DEFINED (__AltCRCInterrupt)?<code 336> (__AltCRCInterrupt):DEFINED (__CRCInterrupt)?<code 336> (__CRCInterrupt):<code 336> (__DefaultInterrupt)
                  0x00019c          0x4 LONG 0x55be DEFINED (__AltInterrupt68)?<code 336> (__AltInterrupt68):DEFINED (__Interrupt68)?<code 336> (__Interrupt68):<code 336> (__DefaultInterrupt)
                  0x00019e          0x4 LONG 0x55be DEFINED (__AltInterrupt69)?<code 336> (__AltInterrupt69):DEFINED (__Interrupt69)?<code 336> (__Interrupt69):<code 336> (__DefaultInterrupt)
                  0x0001a0          0x4 LONG 0x55be DEFINED (__AltInterrupt70)?<code 336> (__AltInterrupt70):DEFINED (__Interrupt70)?<code 336> (__Interrupt70):<code 336> (__DefaultInterrupt)
                  0x0001a2          0x4 LONG 0x55be DEFINED (__AltInterrupt71)?<code 336> (__AltInterrupt71):DEFINED (__Interrupt71)?<code 336> (__Interrupt71):<code 336> (__DefaultInterrupt)
                  0x0001a4          0x4 LONG 0x55be DEFINED (__AltInterrupt72)?<code 336> (__AltInterrupt72):DEFINED (__Interrupt72)?<code 336> (__Interrupt72):<code 336> (__DefaultInterrupt)
                  0x0001a6          0x4 LONG 0x55be DEFINED (__AltInterrupt73)?<code 336> (__AltInterrupt73):DEFINED (__Interrupt73)?<code 336> (__Interrupt73):<code 336> (__DefaultInterrupt)
                  0x0001a8          0x4 LONG 0x55be DEFINED (__AltInterrupt74)?<code 336> (__AltInterrupt74):DEFINED (__Interrupt74)?<code 336> (__Interrupt74):<code 336> (__DefaultInterrupt)
                  0x0001aa          0x4 LONG 0x55be DEFINED (__AltInterrupt75)?<code 336> (__AltInterrupt75):DEFINED (__Interrupt75)?<code 336> (__Interrupt75):<code 336> (__DefaultInterrupt)
                  0x0001ac          0x4 LONG 0x55be DEFINED (__AltInterrupt76)?<code 336> (__AltInterrupt76):DEFINED (__Interrupt76)?<code 336> (__Interrupt76):<code 336> (__DefaultInterrupt)
                  0x0001ae          0x4 LONG 0x55be DEFINED (__AltInterrupt77)?<code 336> (__AltInterrupt77):DEFINED (__Interrupt77)?<code 336> (__Interrupt77):<code 336> (__DefaultInterrupt)
                  0x0001b0          0x4 LONG 0x55be DEFINED (__AltInterrupt78)?<code 336> (__AltInterrupt78):DEFINED (__Interrupt78)?<code 336> (__Interrupt78):<code 336> (__DefaultInterrupt)
                  0x0001b2          0x4 LONG 0x55be DEFINED (__AltInterrupt79)?<code 336> (__AltInterrupt79):DEFINED (__Interrupt79)?<code 336> (__Interrupt79):<code 336> (__DefaultInterrupt)
                  0x0001b4          0x4 LONG 0x55be DEFINED (__AltInterrupt80)?<code 336> (__AltInterrupt80):DEFINED (__Interrupt80)?<code 336> (__Interrupt80):<code 336> (__DefaultInterrupt)
                  0x0001b6          0x4 LONG 0x55be DEFINED (__AltInterrupt81)?<code 336> (__AltInterrupt81):DEFINED (__Interrupt81)?<code 336> (__Interrupt81):<code 336> (__DefaultInterrupt)
                  0x0001b8          0x4 LONG 0x55be DEFINED (__AltInterrupt82)?<code 336> (__AltInterrupt82):DEFINED (__Interrupt82)?<code 336> (__Interrupt82):<code 336> (__DefaultInterrupt)
                  0x0001ba          0x4 LONG 0x55be DEFINED (__AltInterrupt83)?<code 336> (__AltInterrupt83):DEFINED (__Interrupt83)?<code 336> (__Interrupt83):<code 336> (__DefaultInterrupt)
                  0x0001bc          0x4 LONG 0x55be DEFINED (__AltInterrupt84)?<code 336> (__AltInterrupt84):DEFINED (__Interrupt84)?<code 336> (__Interrupt84):<code 336> (__DefaultInterrupt)
                  0x0001be          0x4 LONG 0x55be DEFINED (__AltInterrupt85)?<code 336> (__AltInterrupt85):DEFINED (__Interrupt85)?<code 336> (__Interrupt85):<code 336> (__DefaultInterrupt)
                  0x0001c0          0x4 LONG 0x55be DEFINED (__AltInterrupt86)?<code 336> (__AltInterrupt86):DEFINED (__Interrupt86)?<code 336> (__Interrupt86):<code 336> (__DefaultInterrupt)
                  0x0001c2          0x4 LONG 0x55be DEFINED (__AltInterrupt87)?<code 336> (__AltInterrupt87):DEFINED (__Interrupt87)?<code 336> (__Interrupt87):<code 336> (__DefaultInterrupt)
                  0x0001c4          0x4 LONG 0x55be DEFINED (__AltInterrupt88)?<code 336> (__AltInterrupt88):DEFINED (__Interrupt88)?<code 336> (__Interrupt88):<code 336> (__DefaultInterrupt)
                  0x0001c6          0x4 LONG 0x55be DEFINED (__AltInterrupt89)?<code 336> (__AltInterrupt89):DEFINED (__Interrupt89)?<code 336> (__Interrupt89):<code 336> (__DefaultInterrupt)
                  0x0001c8          0x4 LONG 0x55be DEFINED (__AltInterrupt90)?<code 336> (__AltInterrupt90):DEFINED (__Interrupt90)?<code 336> (__Interrupt90):<code 336> (__DefaultInterrupt)
                  0x0001ca          0x4 LONG 0x55be DEFINED (__AltInterrupt91)?<code 336> (__AltInterrupt91):DEFINED (__Interrupt91)?<code 336> (__Interrupt91):<code 336> (__DefaultInterrupt)
                  0x0001cc          0x4 LONG 0x55be DEFINED (__AltInterrupt92)?<code 336> (__AltInterrupt92):DEFINED (__Interrupt92)?<code 336> (__Interrupt92):<code 336> (__DefaultInterrupt)
                  0x0001ce          0x4 LONG 0x55be DEFINED (__AltInterrupt93)?<code 336> (__AltInterrupt93):DEFINED (__Interrupt93)?<code 336> (__Interrupt93):<code 336> (__DefaultInterrupt)
                  0x0001d0          0x4 LONG 0x55be DEFINED (__AltInterrupt94)?<code 336> (__AltInterrupt94):DEFINED (__Interrupt94)?<code 336> (__Interrupt94):<code 336> (__DefaultInterrupt)
                  0x0001d2          0x4 LONG 0x55be DEFINED (__AltInterrupt95)?<code 336> (__AltInterrupt95):DEFINED (__Interrupt95)?<code 336> (__Interrupt95):<code 336> (__DefaultInterrupt)
                  0x0001d4          0x4 LONG 0x55be DEFINED (__AltInterrupt96)?<code 336> (__AltInterrupt96):DEFINED (__Interrupt96)?<code 336> (__Interrupt96):<code 336> (__DefaultInterrupt)
                  0x0001d6          0x4 LONG 0x55be DEFINED (__AltInterrupt97)?<code 336> (__AltInterrupt97):DEFINED (__Interrupt97)?<code 336> (__Interrupt97):<code 336> (__DefaultInterrupt)
                  0x0001d8          0x4 LONG 0x55be DEFINED (__AltInterrupt98)?<code 336> (__AltInterrupt98):DEFINED (__Interrupt98)?<code 336> (__Interrupt98):<code 336> (__DefaultInterrupt)
                  0x0001da          0x4 LONG 0x55be DEFINED (__AltInterrupt99)?<code 336> (__AltInterrupt99):DEFINED (__Interrupt99)?<code 336> (__Interrupt99):<code 336> (__DefaultInterrupt)
                  0x0001dc          0x4 LONG 0x55be DEFINED (__AltInterrupt100)?<code 336> (__AltInterrupt100):DEFINED (__Interrupt100)?<code 336> (__Interrupt100):<code 336> (__DefaultInterrupt)
                  0x0001de          0x4 LONG 0x55be DEFINED (__AltInterrupt101)?<code 336> (__AltInterrupt101):DEFINED (__Interrupt101)?<code 336> (__Interrupt101):<code 336> (__DefaultInterrupt)
                  0x0001e0          0x4 LONG 0x55be DEFINED (__AltInterrupt102)?<code 336> (__AltInterrupt102):DEFINED (__Interrupt102)?<code 336> (__Interrupt102):<code 336> (__DefaultInterrupt)
                  0x0001e2          0x4 LONG 0x55be DEFINED (__AltInterrupt103)?<code 336> (__AltInterrupt103):DEFINED (__Interrupt103)?<code 336> (__Interrupt103):<code 336> (__DefaultInterrupt)
                  0x0001e4          0x4 LONG 0x55be DEFINED (__AltInterrupt104)?<code 336> (__AltInterrupt104):DEFINED (__Interrupt104)?<code 336> (__Interrupt104):<code 336> (__DefaultInterrupt)
                  0x0001e6          0x4 LONG 0x55be DEFINED (__AltInterrupt105)?<code 336> (__AltInterrupt105):DEFINED (__Interrupt105)?<code 336> (__Interrupt105):<code 336> (__DefaultInterrupt)
                  0x0001e8          0x4 LONG 0x55be DEFINED (__AltInterrupt106)?<code 336> (__AltInterrupt106):DEFINED (__Interrupt106)?<code 336> (__Interrupt106):<code 336> (__DefaultInterrupt)
                  0x0001ea          0x4 LONG 0x55be DEFINED (__AltInterrupt107)?<code 336> (__AltInterrupt107):DEFINED (__Interrupt107)?<code 336> (__Interrupt107):<code 336> (__DefaultInterrupt)
                  0x0001ec          0x4 LONG 0x55be DEFINED (__AltInterrupt108)?<code 336> (__AltInterrupt108):DEFINED (__Interrupt108)?<code 336> (__Interrupt108):<code 336> (__DefaultInterrupt)
                  0x0001ee          0x4 LONG 0x55be DEFINED (__AltInterrupt109)?<code 336> (__AltInterrupt109):DEFINED (__Interrupt109)?<code 336> (__Interrupt109):<code 336> (__DefaultInterrupt)
                  0x0001f0          0x4 LONG 0x55be DEFINED (__AltInterrupt110)?<code 336> (__AltInterrupt110):DEFINED (__Interrupt110)?<code 336> (__Interrupt110):<code 336> (__DefaultInterrupt)
                  0x0001f2          0x4 LONG 0x55be DEFINED (__AltInterrupt111)?<code 336> (__AltInterrupt111):DEFINED (__Interrupt111)?<code 336> (__Interrupt111):<code 336> (__DefaultInterrupt)
                  0x0001f4          0x4 LONG 0x55be DEFINED (__AltInterrupt112)?<code 336> (__AltInterrupt112):DEFINED (__Interrupt112)?<code 336> (__Interrupt112):<code 336> (__DefaultInterrupt)
                  0x0001f6          0x4 LONG 0x55be DEFINED (__AltInterrupt113)?<code 336> (__AltInterrupt113):DEFINED (__Interrupt113)?<code 336> (__Interrupt113):<code 336> (__DefaultInterrupt)
                  0x0001f8          0x4 LONG 0x55be DEFINED (__AltInterrupt114)?<code 336> (__AltInterrupt114):DEFINED (__Interrupt114)?<code 336> (__Interrupt114):<code 336> (__DefaultInterrupt)
                  0x0001fa          0x4 LONG 0x55be DEFINED (__AltInterrupt115)?<code 336> (__AltInterrupt115):DEFINED (__Interrupt115)?<code 336> (__Interrupt115):<code 336> (__DefaultInterrupt)
                  0x0001fc          0x4 LONG 0x55be DEFINED (__AltInterrupt116)?<code 336> (__AltInterrupt116):DEFINED (__Interrupt116)?<code 336> (__Interrupt116):<code 336> (__DefaultInterrupt)
                  0x0001fe          0x4 LONG 0x55be DEFINED (__AltInterrupt117)?<code 336> (__AltInterrupt117):DEFINED (__Interrupt117)?<code 336> (__Interrupt117):<code 336> (__DefaultInterrupt)
                    0x0000                  WREG0 = 0x0
                    0x0000                  _WREG0 = 0x0
                    0x0002                  WREG1 = 0x2
                    0x0002                  _WREG1 = 0x2
                    0x0004                  WREG2 = 0x4
                    0x0004                  _WREG2 = 0x4
                    0x0006                  WREG3 = 0x6
                    0x0006                  _WREG3 = 0x6
                    0x0008                  WREG4 = 0x8
                    0x0008                  _WREG4 = 0x8
                    0x000a                  WREG5 = 0xa
                    0x000a                  _WREG5 = 0xa
                    0x000c                  WREG6 = 0xc
                    0x000c                  _WREG6 = 0xc
                    0x000e                  WREG7 = 0xe
                    0x000e                  _WREG7 = 0xe
                    0x0010                  WREG8 = 0x10
                    0x0010                  _WREG8 = 0x10
                    0x0012                  WREG9 = 0x12
                    0x0012                  _WREG9 = 0x12
                    0x0014                  WREG10 = 0x14
                    0x0014                  _WREG10 = 0x14
                    0x0016                  WREG11 = 0x16
                    0x0016                  _WREG11 = 0x16
                    0x0018                  WREG12 = 0x18
                    0x0018                  _WREG12 = 0x18
                    0x001a                  WREG13 = 0x1a
                    0x001a                  _WREG13 = 0x1a
                    0x001c                  WREG14 = 0x1c
                    0x001c                  _WREG14 = 0x1c
                    0x001e                  WREG15 = 0x1e
                    0x001e                  _WREG15 = 0x1e
                    0x0020                  SPLIM = 0x20
                    0x0020                  _SPLIM = 0x20
                    0x002e                  PCL = 0x2e
                    0x002e                  _PCL = 0x2e
                    0x0030                  PCH = 0x30
                    0x0030                  _PCH = 0x30
                    0x0032                  TBLPAG = 0x32
                    0x0032                  _TBLPAG = 0x32
                    0x0034                  PSVPAG = 0x34
                    0x0034                  _PSVPAG = 0x34
                    0x0036                  RCOUNT = 0x36
                    0x0036                  _RCOUNT = 0x36
                    0x0042                  SR = 0x42
                    0x0042                  _SR = 0x42
                    0x0042                  _SRbits = 0x42
                    0x0044                  CORCON = 0x44
                    0x0044                  _CORCON = 0x44
                    0x0044                  _CORCONbits = 0x44
                    0x0052                  DISICNT = 0x52
                    0x0052                  _DISICNT = 0x52
                    0x0060                  CNEN1 = 0x60
                    0x0060                  _CNEN1 = 0x60
                    0x0060                  _CNEN1bits = 0x60
                    0x0062                  CNEN2 = 0x62
                    0x0062                  _CNEN2 = 0x62
                    0x0062                  _CNEN2bits = 0x62
                    0x0068                  CNPU1 = 0x68
                    0x0068                  _CNPU1 = 0x68
                    0x0068                  _CNPU1bits = 0x68
                    0x006a                  CNPU2 = 0x6a
                    0x006a                  _CNPU2 = 0x6a
                    0x006a                  _CNPU2bits = 0x6a
                    0x0080                  INTCON1 = 0x80
                    0x0080                  _INTCON1 = 0x80
                    0x0080                  _INTCON1bits = 0x80
                    0x0082                  INTCON2 = 0x82
                    0x0082                  _INTCON2 = 0x82
                    0x0082                  _INTCON2bits = 0x82
                    0x0084                  IFS0 = 0x84
                    0x0084                  _IFS0 = 0x84
                    0x0084                  _IFS0bits = 0x84
                    0x0086                  IFS1 = 0x86
                    0x0086                  _IFS1 = 0x86
                    0x0086                  _IFS1bits = 0x86
                    0x0088                  IFS2 = 0x88
                    0x0088                  _IFS2 = 0x88
                    0x0088                  _IFS2bits = 0x88
                    0x008a                  IFS3 = 0x8a
                    0x008a                  _IFS3 = 0x8a
                    0x008a                  _IFS3bits = 0x8a
                    0x008c                  IFS4 = 0x8c
                    0x008c                  _IFS4 = 0x8c
                    0x008c                  _IFS4bits = 0x8c
                    0x0094                  IEC0 = 0x94
                    0x0094                  _IEC0 = 0x94
                    0x0094                  _IEC0bits = 0x94
                    0x0096                  IEC1 = 0x96
                    0x0096                  _IEC1 = 0x96
                    0x0096                  _IEC1bits = 0x96
                    0x0098                  IEC2 = 0x98
                    0x0098                  _IEC2 = 0x98
                    0x0098                  _IEC2bits = 0x98
                    0x009a                  IEC3 = 0x9a
                    0x009a                  _IEC3 = 0x9a
                    0x009a                  _IEC3bits = 0x9a
                    0x009c                  IEC4 = 0x9c
                    0x009c                  _IEC4 = 0x9c
                    0x009c                  _IEC4bits = 0x9c
                    0x00a4                  IPC0 = 0xa4
                    0x00a4                  _IPC0 = 0xa4
                    0x00a4                  _IPC0bits = 0xa4
                    0x00a6                  IPC1 = 0xa6
                    0x00a6                  _IPC1 = 0xa6
                    0x00a6                  _IPC1bits = 0xa6
                    0x00a8                  IPC2 = 0xa8
                    0x00a8                  _IPC2 = 0xa8
                    0x00a8                  _IPC2bits = 0xa8
                    0x00aa                  IPC3 = 0xaa
                    0x00aa                  _IPC3 = 0xaa
                    0x00aa                  _IPC3bits = 0xaa
                    0x00ac                  IPC4 = 0xac
                    0x00ac                  _IPC4 = 0xac
                    0x00ac                  _IPC4bits = 0xac
                    0x00ae                  IPC5 = 0xae
                    0x00ae                  _IPC5 = 0xae
                    0x00ae                  _IPC5bits = 0xae
                    0x00b0                  IPC6 = 0xb0
                    0x00b0                  _IPC6 = 0xb0
                    0x00b0                  _IPC6bits = 0xb0
                    0x00b2                  IPC7 = 0xb2
                    0x00b2                  _IPC7 = 0xb2
                    0x00b2                  _IPC7bits = 0xb2
                    0x00b4                  IPC8 = 0xb4
                    0x00b4                  _IPC8 = 0xb4
                    0x00b4                  _IPC8bits = 0xb4
                    0x00b6                  IPC9 = 0xb6
                    0x00b6                  _IPC9 = 0xb6
                    0x00b6                  _IPC9bits = 0xb6
                    0x00b8                  IPC10 = 0xb8
                    0x00b8                  _IPC10 = 0xb8
                    0x00b8                  _IPC10bits = 0xb8
                    0x00ba                  IPC11 = 0xba
                    0x00ba                  _IPC11 = 0xba
                    0x00ba                  _IPC11bits = 0xba
                    0x00bc                  IPC12 = 0xbc
                    0x00bc                  _IPC12 = 0xbc
                    0x00bc                  _IPC12bits = 0xbc
                    0x00be                  IPC13 = 0xbe
                    0x00be                  _IPC13 = 0xbe
                    0x00be                  _IPC13bits = 0xbe
                    0x00c2                  IPC15 = 0xc2
                    0x00c2                  _IPC15 = 0xc2
                    0x00c2                  _IPC15bits = 0xc2
                    0x00c4                  IPC16 = 0xc4
                    0x00c4                  _IPC16 = 0xc4
                    0x00c4                  _IPC16bits = 0xc4
                    0x0100                  TMR1 = 0x100
                    0x0100                  _TMR1 = 0x100
                    0x0102                  PR1 = 0x102
                    0x0102                  _PR1 = 0x102
                    0x0104                  T1CON = 0x104
                    0x0104                  _T1CON = 0x104
                    0x0104                  _T1CONbits = 0x104
                    0x0106                  TMR2 = 0x106
                    0x0106                  _TMR2 = 0x106
                    0x0108                  TMR3HLD = 0x108
                    0x0108                  _TMR3HLD = 0x108
                    0x010a                  TMR3 = 0x10a
                    0x010a                  _TMR3 = 0x10a
                    0x010c                  PR2 = 0x10c
                    0x010c                  _PR2 = 0x10c
                    0x010e                  PR3 = 0x10e
                    0x010e                  _PR3 = 0x10e
                    0x0110                  T2CON = 0x110
                    0x0110                  _T2CON = 0x110
                    0x0110                  _T2CONbits = 0x110
                    0x0112                  T3CON = 0x112
                    0x0112                  _T3CON = 0x112
                    0x0112                  _T3CONbits = 0x112
                    0x0114                  TMR4 = 0x114
                    0x0114                  _TMR4 = 0x114
                    0x0116                  TMR5HLD = 0x116
                    0x0116                  _TMR5HLD = 0x116
                    0x0118                  TMR5 = 0x118
                    0x0118                  _TMR5 = 0x118
                    0x011a                  PR4 = 0x11a
                    0x011a                  _PR4 = 0x11a
                    0x011c                  PR5 = 0x11c
                    0x011c                  _PR5 = 0x11c
                    0x011e                  T4CON = 0x11e
                    0x011e                  _T4CON = 0x11e
                    0x011e                  _T4CONbits = 0x11e
                    0x0120                  T5CON = 0x120
                    0x0120                  _T5CON = 0x120
                    0x0120                  _T5CONbits = 0x120
                    0x0140                  IC1BUF = 0x140
                    0x0140                  _IC1BUF = 0x140
                    0x0142                  IC1CON = 0x142
                    0x0142                  _IC1CON = 0x142
                    0x0142                  _IC1CONbits = 0x142
                    0x0144                  IC2BUF = 0x144
                    0x0144                  _IC2BUF = 0x144
                    0x0146                  IC2CON = 0x146
                    0x0146                  _IC2CON = 0x146
                    0x0146                  _IC2CONbits = 0x146
                    0x0148                  IC3BUF = 0x148
                    0x0148                  _IC3BUF = 0x148
                    0x014a                  IC3CON = 0x14a
                    0x014a                  _IC3CON = 0x14a
                    0x014a                  _IC3CONbits = 0x14a
                    0x014c                  IC4BUF = 0x14c
                    0x014c                  _IC4BUF = 0x14c
                    0x014e                  IC4CON = 0x14e
                    0x014e                  _IC4CON = 0x14e
                    0x014e                  _IC4CONbits = 0x14e
                    0x0150                  IC5BUF = 0x150
                    0x0150                  _IC5BUF = 0x150
                    0x0152                  IC5CON = 0x152
                    0x0152                  _IC5CON = 0x152
                    0x0152                  _IC5CONbits = 0x152
                    0x0180                  OC1RS = 0x180
                    0x0180                  _OC1RS = 0x180
                    0x0182                  OC1R = 0x182
                    0x0182                  _OC1R = 0x182
                    0x0184                  OC1CON = 0x184
                    0x0184                  _OC1CON = 0x184
                    0x0184                  _OC1CONbits = 0x184
                    0x0186                  OC2RS = 0x186
                    0x0186                  _OC2RS = 0x186
                    0x0188                  OC2R = 0x188
                    0x0188                  _OC2R = 0x188
                    0x018a                  OC2CON = 0x18a
                    0x018a                  _OC2CON = 0x18a
                    0x018a                  _OC2CONbits = 0x18a
                    0x018c                  OC3RS = 0x18c
                    0x018c                  _OC3RS = 0x18c
                    0x018e                  OC3R = 0x18e
                    0x018e                  _OC3R = 0x18e
                    0x0190                  OC3CON = 0x190
                    0x0190                  _OC3CON = 0x190
                    0x0190                  _OC3CONbits = 0x190
                    0x0192                  OC4RS = 0x192
                    0x0192                  _OC4RS = 0x192
                    0x0194                  OC4R = 0x194
                    0x0194                  _OC4R = 0x194
                    0x0196                  OC4CON = 0x196
                    0x0196                  _OC4CON = 0x196
                    0x0196                  _OC4CONbits = 0x196
                    0x0198                  OC5RS = 0x198
                    0x0198                  _OC5RS = 0x198
                    0x019a                  OC5R = 0x19a
                    0x019a                  _OC5R = 0x19a
                    0x019c                  OC5CON = 0x19c
                    0x019c                  _OC5CON = 0x19c
                    0x019c                  _OC5CONbits = 0x19c
                    0x0200                  I2C1RCV = 0x200
                    0x0200                  _I2C1RCV = 0x200
                    0x0202                  I2C1TRN = 0x202
                    0x0202                  _I2C1TRN = 0x202
                    0x0204                  I2C1BRG = 0x204
                    0x0204                  _I2C1BRG = 0x204
                    0x0206                  I2C1CON = 0x206
                    0x0206                  _I2C1CON = 0x206
                    0x0206                  _I2C1CONbits = 0x206
                    0x0208                  I2C1STAT = 0x208
                    0x0208                  _I2C1STAT = 0x208
                    0x0208                  _I2C1STATbits = 0x208
                    0x020a                  I2C1ADD = 0x20a
                    0x020a                  _I2C1ADD = 0x20a
                    0x020c                  I2C1MSK = 0x20c
                    0x020c                  _I2C1MSK = 0x20c
                    0x0210                  I2C2RCV = 0x210
                    0x0210                  _I2C2RCV = 0x210
                    0x0212                  I2C2TRN = 0x212
                    0x0212                  _I2C2TRN = 0x212
                    0x0214                  I2C2BRG = 0x214
                    0x0214                  _I2C2BRG = 0x214
                    0x0216                  I2C2CON = 0x216
                    0x0216                  _I2C2CON = 0x216
                    0x0216                  _I2C2CONbits = 0x216
                    0x0218                  I2C2STAT = 0x218
                    0x0218                  _I2C2STAT = 0x218
                    0x0218                  _I2C2STATbits = 0x218
                    0x021a                  I2C2ADD = 0x21a
                    0x021a                  _I2C2ADD = 0x21a
                    0x021c                  I2C2MSK = 0x21c
                    0x021c                  _I2C2MSK = 0x21c
                    0x0220                  U1MODE = 0x220
                    0x0220                  _U1MODE = 0x220
                    0x0220                  _U1MODEbits = 0x220
                    0x0222                  U1STA = 0x222
                    0x0222                  _U1STA = 0x222
                    0x0222                  _U1STAbits = 0x222
                    0x0224                  U1TXREG = 0x224
                    0x0224                  _U1TXREG = 0x224
                    0x0226                  U1RXREG = 0x226
                    0x0226                  _U1RXREG = 0x226
                    0x0228                  U1BRG = 0x228
                    0x0228                  _U1BRG = 0x228
                    0x0230                  U2MODE = 0x230
                    0x0230                  _U2MODE = 0x230
                    0x0230                  _U2MODEbits = 0x230
                    0x0232                  U2STA = 0x232
                    0x0232                  _U2STA = 0x232
                    0x0232                  _U2STAbits = 0x232
                    0x0234                  U2TXREG = 0x234
                    0x0234                  _U2TXREG = 0x234
                    0x0236                  U2RXREG = 0x236
                    0x0236                  _U2RXREG = 0x236
                    0x0238                  U2BRG = 0x238
                    0x0238                  _U2BRG = 0x238
                    0x0240                  SPI1STAT = 0x240
                    0x0240                  _SPI1STAT = 0x240
                    0x0240                  _SPI1STATbits = 0x240
                    0x0242                  SPI1CON1 = 0x242
                    0x0242                  _SPI1CON1 = 0x242
                    0x0242                  _SPI1CON1bits = 0x242
                    0x0244                  SPI1CON2 = 0x244
                    0x0244                  _SPI1CON2 = 0x244
                    0x0244                  _SPI1CON2bits = 0x244
                    0x0248                  SPI1BUF = 0x248
                    0x0248                  _SPI1BUF = 0x248
                    0x0260                  SPI2STAT = 0x260
                    0x0260                  _SPI2STAT = 0x260
                    0x0260                  _SPI2STATbits = 0x260
                    0x0262                  SPI2CON1 = 0x262
                    0x0262                  _SPI2CON1 = 0x262
                    0x0262                  _SPI2CON1bits = 0x262
                    0x0264                  SPI2CON2 = 0x264
                    0x0264                  _SPI2CON2 = 0x264
                    0x0264                  _SPI2CON2bits = 0x264
                    0x0268                  SPI2BUF = 0x268
                    0x0268                  _SPI2BUF = 0x268
                    0x02c0                  TRISA = 0x2c0
                    0x02c0                  _TRISA = 0x2c0
                    0x02c0                  _TRISAbits = 0x2c0
                    0x02c2                  PORTA = 0x2c2
                    0x02c2                  _PORTA = 0x2c2
                    0x02c2                  _PORTAbits = 0x2c2
                    0x02c4                  LATA = 0x2c4
                    0x02c4                  _LATA = 0x2c4
                    0x02c4                  _LATAbits = 0x2c4
                    0x02c6                  TRISB = 0x2c6
                    0x02c6                  _TRISB = 0x2c6
                    0x02c6                  _TRISBbits = 0x2c6
                    0x02c8                  PORTB = 0x2c8
                    0x02c8                  _PORTB = 0x2c8
                    0x02c8                  _PORTBbits = 0x2c8
                    0x02ca                  LATB = 0x2ca
                    0x02ca                  _LATB = 0x2ca
                    0x02ca                  _LATBbits = 0x2ca
                    0x02cc                  TRISC = 0x2cc
                    0x02cc                  _TRISC = 0x2cc
                    0x02cc                  _TRISCbits = 0x2cc
                    0x02ce                  PORTC = 0x2ce
                    0x02ce                  _PORTC = 0x2ce
                    0x02ce                  _PORTCbits = 0x2ce
                    0x02d0                  LATC = 0x2d0
                    0x02d0                  _LATC = 0x2d0
                    0x02d0                  _LATCbits = 0x2d0
                    0x02d2                  TRISD = 0x2d2
                    0x02d2                  _TRISD = 0x2d2
                    0x02d2                  _TRISDbits = 0x2d2
                    0x02d4                  PORTD = 0x2d4
                    0x02d4                  _PORTD = 0x2d4
                    0x02d4                  _PORTDbits = 0x2d4
                    0x02d6                  LATD = 0x2d6
                    0x02d6                  _LATD = 0x2d6
                    0x02d6                  _LATDbits = 0x2d6
                    0x02d8                  TRISE = 0x2d8
                    0x02d8                  _TRISE = 0x2d8
                    0x02d8                  _TRISEbits = 0x2d8
                    0x02da                  PORTE = 0x2da
                    0x02da                  _PORTE = 0x2da
                    0x02da                  _PORTEbits = 0x2da
                    0x02dc                  LATE = 0x2dc
                    0x02dc                  _LATE = 0x2dc
                    0x02dc                  _LATEbits = 0x2dc
                    0x02de                  TRISF = 0x2de
                    0x02de                  _TRISF = 0x2de
                    0x02de                  _TRISFbits = 0x2de
                    0x02e0                  PORTF = 0x2e0
                    0x02e0                  _PORTF = 0x2e0
                    0x02e0                  _PORTFbits = 0x2e0
                    0x02e2                  LATF = 0x2e2
                    0x02e2                  _LATF = 0x2e2
                    0x02e2                  _LATFbits = 0x2e2
                    0x02e4                  TRISG = 0x2e4
                    0x02e4                  _TRISG = 0x2e4
                    0x02e4                  _TRISGbits = 0x2e4
                    0x02e6                  PORTG = 0x2e6
                    0x02e6                  _PORTG = 0x2e6
                    0x02e6                  _PORTGbits = 0x2e6
                    0x02e8                  LATG = 0x2e8
                    0x02e8                  _LATG = 0x2e8
                    0x02e8                  _LATGbits = 0x2e8
                    0x02fc                  PADCFG1 = 0x2fc
                    0x02fc                  _PADCFG1 = 0x2fc
                    0x02fc                  _PADCFG1bits = 0x2fc
                    0x0300                  ADC1BUF0 = 0x300
                    0x0300                  _ADC1BUF0 = 0x300
                    0x0302                  ADC1BUF1 = 0x302
                    0x0302                  _ADC1BUF1 = 0x302
                    0x0304                  ADC1BUF2 = 0x304
                    0x0304                  _ADC1BUF2 = 0x304
                    0x0306                  ADC1BUF3 = 0x306
                    0x0306                  _ADC1BUF3 = 0x306
                    0x0308                  ADC1BUF4 = 0x308
                    0x0308                  _ADC1BUF4 = 0x308
                    0x030a                  ADC1BUF5 = 0x30a
                    0x030a                  _ADC1BUF5 = 0x30a
                    0x030c                  ADC1BUF6 = 0x30c
                    0x030c                  _ADC1BUF6 = 0x30c
                    0x030e                  ADC1BUF7 = 0x30e
                    0x030e                  _ADC1BUF7 = 0x30e
                    0x0310                  ADC1BUF8 = 0x310
                    0x0310                  _ADC1BUF8 = 0x310
                    0x0312                  ADC1BUF9 = 0x312
                    0x0312                  _ADC1BUF9 = 0x312
                    0x0314                  ADC1BUFA = 0x314
                    0x0314                  _ADC1BUFA = 0x314
                    0x0316                  ADC1BUFB = 0x316
                    0x0316                  _ADC1BUFB = 0x316
                    0x0318                  ADC1BUFC = 0x318
                    0x0318                  _ADC1BUFC = 0x318
                    0x031a                  ADC1BUFD = 0x31a
                    0x031a                  _ADC1BUFD = 0x31a
                    0x031c                  ADC1BUFE = 0x31c
                    0x031c                  _ADC1BUFE = 0x31c
                    0x031e                  ADC1BUFF = 0x31e
                    0x031e                  _ADC1BUFF = 0x31e
                    0x0320                  AD1CON1 = 0x320
                    0x0320                  _AD1CON1 = 0x320
                    0x0320                  _AD1CON1bits = 0x320
                    0x0322                  AD1CON2 = 0x322
                    0x0322                  _AD1CON2 = 0x322
                    0x0322                  _AD1CON2bits = 0x322
                    0x0324                  AD1CON3 = 0x324
                    0x0324                  _AD1CON3 = 0x324
                    0x0324                  _AD1CON3bits = 0x324
                    0x0328                  AD1CHS = 0x328
                    0x0328                  _AD1CHS = 0x328
                    0x0328                  _AD1CHSbits = 0x328
                    0x032c                  AD1PCFG = 0x32c
                    0x032c                  _AD1PCFG = 0x32c
                    0x032c                  _AD1PCFGbits = 0x32c
                    0x0330                  AD1CSSL = 0x330
                    0x0330                  _AD1CSSL = 0x330
                    0x0330                  _AD1CSSLbits = 0x330
                    0x0600                  PMCON = 0x600
                    0x0600                  _PMCON = 0x600
                    0x0600                  _PMCONbits = 0x600
                    0x0602                  PMMODE = 0x602
                    0x0602                  _PMMODE = 0x602
                    0x0602                  _PMMODEbits = 0x602
                    0x0604                  PMADDR = 0x604
                    0x0604                  _PMADDR = 0x604
                    0x0604                  _PMADDRbits = 0x604
                    0x0604                  PMDOUT1 = 0x604
                    0x0604                  _PMDOUT1 = 0x604
                    0x0606                  PMDOUT2 = 0x606
                    0x0606                  _PMDOUT2 = 0x606
                    0x0608                  PMDIN1 = 0x608
                    0x0608                  _PMDIN1 = 0x608
                    0x060a                  PMDIN2 = 0x60a
                    0x060a                  _PMDIN2 = 0x60a
                    0x060c                  PMPEN = 0x60c
                    0x060c                  _PMPEN = 0x60c
                    0x060c                  _PMPENbits = 0x60c
                    0x060e                  PMSTAT = 0x60e
                    0x060e                  _PMSTAT = 0x60e
                    0x060e                  _PMSTATbits = 0x60e
                    0x0620                  ALRMVAL = 0x620
                    0x0620                  _ALRMVAL = 0x620
                    0x0622                  ALCFGRPT = 0x622
                    0x0622                  _ALCFGRPT = 0x622
                    0x0622                  _ALCFGRPTbits = 0x622
                    0x0624                  RTCVAL = 0x624
                    0x0624                  _RTCVAL = 0x624
                    0x0626                  RCFGCAL = 0x626
                    0x0626                  _RCFGCAL = 0x626
                    0x0626                  _RCFGCALbits = 0x626
                    0x0630                  CMCON = 0x630
                    0x0630                  _CMCON = 0x630
                    0x0630                  _CMCONbits = 0x630
                    0x0632                  CVRCON = 0x632
                    0x0632                  _CVRCON = 0x632
                    0x0632                  _CVRCONbits = 0x632
                    0x0640                  CRCCON = 0x640
                    0x0640                  _CRCCON = 0x640
                    0x0640                  _CRCCONbits = 0x640
                    0x0642                  CRCXOR = 0x642
                    0x0642                  _CRCXOR = 0x642
                    0x0644                  CRCDAT = 0x644
                    0x0644                  _CRCDAT = 0x644
                    0x0646                  CRCWDAT = 0x646
                    0x0646                  _CRCWDAT = 0x646
                    0x06c0                  ODCA = 0x6c0
                    0x06c0                  _ODCA = 0x6c0
                    0x06c0                  _ODCAbits = 0x6c0
                    0x06c6                  ODCB = 0x6c6
                    0x06c6                  _ODCB = 0x6c6
                    0x06c6                  _ODCBbits = 0x6c6
                    0x06cc                  ODCC = 0x6cc
                    0x06cc                  _ODCC = 0x6cc
                    0x06cc                  _ODCCbits = 0x6cc
                    0x06d2                  ODCD = 0x6d2
                    0x06d2                  _ODCD = 0x6d2
                    0x06d2                  _ODCDbits = 0x6d2
                    0x06d8                  ODCE = 0x6d8
                    0x06d8                  _ODCE = 0x6d8
                    0x06d8                  _ODCEbits = 0x6d8
                    0x06de                  ODCF = 0x6de
                    0x06de                  _ODCF = 0x6de
                    0x06de                  _ODCFbits = 0x6de
                    0x06e4                  ODCG = 0x6e4
                    0x06e4                  _ODCG = 0x6e4
                    0x06e4                  _ODCGbits = 0x6e4
                    0x0740                  RCON = 0x740
                    0x0740                  _RCON = 0x740
                    0x0740                  _RCONbits = 0x740
                    0x0742                  OSCCON = 0x742
                    0x0742                  _OSCCON = 0x742
                    0x0742                  _OSCCONbits = 0x742
                    0x0744                  CLKDIV = 0x744
                    0x0744                  _CLKDIV = 0x744
                    0x0744                  _CLKDIVbits = 0x744
                    0x0748                  OSCTUN = 0x748
                    0x0748                  _OSCTUN = 0x748
                    0x0748                  _OSCTUNbits = 0x748
                    0x0760                  NVMCON = 0x760
                    0x0760                  _NVMCON = 0x760
                    0x0760                  _NVMCONbits = 0x760
                    0x0766                  NVMKEY = 0x766
                    0x0766                  _NVMKEY = 0x766
                    0x0770                  PMD1 = 0x770
                    0x0770                  _PMD1 = 0x770
                    0x0770                  _PMD1bits = 0x770
                    0x0772                  PMD2 = 0x772
                    0x0772                  _PMD2 = 0x772
                    0x0772                  _PMD2bits = 0x772
                    0x0774                  PMD3 = 0x774
                    0x0774                  _PMD3 = 0x774
                    0x0774                  _PMD3bits = 0x774
                    0x0001                  __ICD2RAM = 0x1
START GROUP
LOAD C:\Program Files\Microchip\MPLAB C30\bin\..\lib\libpic30-coff.a
LOAD C:\Program Files\Microchip\MPLAB C30\bin\..\lib\libm-coff.a
LOAD C:\Program Files\Microchip\MPLAB C30\bin\..\lib\libc-coff.a
END GROUP
OUTPUT(C30EEPROM.cof coff-pic30)
LOAD data_init
LOAD default_isr

.const              0x8480        0x5b4
 .const             0x8480         0xd8 C:\Work\MCHPTCPStack\MCHPTCPStack 3.60\Source\FTP.o
 .const             0x8558        0x1c6 C:\Work\MCHPTCPStack\MCHPTCPStack 3.60\Source\HTTP.o
                    0x8666                  HTTP_OK_STRING
                    0x8686                  HTTP_OK_NO_CACHE_STRING
                    0x870b                  HTTP_HEADER_END_STRING
                    0x8710                  HTTP_GET_STRING
                    0x8714                  HTTP_DEFAULT_FILE_STRING
 .const             0x871e        0x316 C:\Work\MCHPTCPStack\MCHPTCPStack 3.60\Source\MainDemo.o
                    0x871e                  NewIP
                    0x872f                  CRLF
                    0x8753                  COMMANDS_OK_PAGE
                    0x875d                  CONFIG_UPDATE_PAGE
                    0x8768                  CMD_UNKNOWN_PAGE
                    0x8784                  FTP_USER_NAME
                    0x8788                  FTP_USER_PASS
                    0x8792                  menu
                    0x89da                  menuCommandPrompt
                    0x89ea                  InvalidInputMsg

TCB_MEM             0x0850        0x108
 TCB_MEM            0x0850        0x108 C:\Work\MCHPTCPStack\MCHPTCPStack 3.60\Source\TCP.o
                    0x0850                  TCB

.nbss               0x0958         0x50
 .nbss              0x0958         0x50 C:\Work\MCHPTCPStack\MCHPTCPStack 3.60\Source\FTP.o

.ndata              0x09a8         0x4a
 .ndata             0x09a8         0x4a C:\Program Files\Microchip\MPLAB C30\bin\..\lib\libc-coff.a(xstoul.o)

.nbss               0x09f2         0x36
 .nbss              0x09f2         0x36 C:\Work\MCHPTCPStack\MCHPTCPStack 3.60\Source\ENC28J60.o
                    0x09f2                  CurrentTxBuffer
                    0x0a1e                  LastTXedBuffer
                    0x0a20                  NextPacketLocation
                    0x0a22                  CurrentPacketLocation
                    0x0a24                  WasDiscarded
                    0x0a26                  ENCRevID

.nbss               0x0a28         0x34
 .nbss              0x0a28         0x34 C:\Work\MCHPTCPStack\MCHPTCPStack 3.60\Source\StackTsk.o
                    0x0a5a                  stackFlags

.nbss               0x0a5c         0x32
 .nbss              0x0a5c         0x32 C:\Work\MCHPTCPStack\MCHPTCPStack 3.60\Source\UDP.o
                    0x0a5c                  UDPSocketInfo
                    0x0a8c                  activeUDPSocket

.nbss               0x0a8e         0x2a
 .nbss              0x0a8e         0x2a C:\Work\MCHPTCPStack\MCHPTCPStack 3.60\Source\HTTP.o

.ndata              0x0ab8         0x22
 .ndata             0x0ab8         0x22 C:\Work\MCHPTCPStack\MCHPTCPStack 3.60\Source\FTP.o
                    0x0ab8                  FTPCommandString
                    0x0ac4                  FTPResponseString

.nbss               0x0ada         0x22
 .nbss              0x0ada         0x22 C:\Work\MCHPTCPStack\MCHPTCPStack 3.60\Source\LCDBlocking.o
                    0x0ada                  LCDText

.ndata              0x0afc         0x20
 .ndata             0x0afc         0x20 C:\Work\MCHPTCPStack\MCHPTCPStack 3.60\Source\MainDemo.o
                    0x0afc                  AppConfig
                    0x0b1a                  myDHCPBindCount

.nbss               0x0b1c         0x20
 .nbss              0x0b1c         0x20 C:\Work\MCHPTCPStack\MCHPTCPStack 3.60\Source\MainDemo.o

.nbss               0x0b3c         0x18
 .nbss              0x0b3c         0x18 C:\Work\MCHPTCPStack\MCHPTCPStack 3.60\Source\DHCP.o

.nbss               0x0b54         0x10
 .nbss              0x0b54         0x10 C:\Work\MCHPTCPStack\MCHPTCPStack 3.60\Source\SPIEEPROM.o
                    0x0b54                  EEPROMAddress
                    0x0b56                  EEPROMBuffer
                    0x0b62                  EEPROMBufferPtr

.nbss               0x0b64          0xc
 .nbss              0x0b64          0xc C:\Work\MCHPTCPStack\MCHPTCPStack 3.60\Source\ARPTsk.o

.nbss               0x0b70          0x8
 .nbss              0x0b70          0x8 C:\Work\MCHPTCPStack\MCHPTCPStack 3.60\Source\MPFS.o
                    0x0b71                  mpfsOpenCount
                    0x0b72                  _currentHandle
                    0x0b74                  _currentFile
                    0x0b76                  _currentCount

.ndata              0x0b78          0x6
 .ndata             0x0b78          0x6 C:\Work\MCHPTCPStack\MCHPTCPStack 3.60\Source\DHCP.o
                    0x0b78                  smDHCPState
                    0x0b7b                  DHCPState
                    0x0b7c                  DHCPBindCount

.ndata              0x0b7e          0x4
 .ndata             0x0b7e          0x4 C:\Work\MCHPTCPStack\MCHPTCPStack 3.60\Source\HTTP.o

.nbss               0x0b82          0x4
 .nbss              0x0b82          0x4 C:\Work\MCHPTCPStack\MCHPTCPStack 3.60\Source\IP.o

.ndata              0x0b86          0x4
 .ndata             0x0b86          0x4 C:\Work\MCHPTCPStack\MCHPTCPStack 3.60\Source\Tick.o
                    0x0b86                  TickCount

.ndata              0x0b8a          0x4
 .ndata             0x0b8a          0x4 C:\Program Files\Microchip\MPLAB C30\bin\..\lib\libc-coff.a(errno.o)
                    0x0b8a                  errno
                    0x0b8c                  _Tls_setup_errno

.ndata              0x0b8e          0x2
 .ndata             0x0b8e          0x2 C:\Work\MCHPTCPStack\MCHPTCPStack 3.60\Source\TCP.o

.text             0x000a34        0xec2
 .text            0x000a34        0xec2 C:\Work\MCHPTCPStack\MCHPTCPStack 3.60\Source\TCP.o
                  0x000a34                  TCPInit
                  0x000a98                  TCPListen
                  0x000b0e                  TCPConnect
                  0x000bf4                  TCPIsConnected
                  0x000c16                  TCPDisconnect
                  0x000c8c                  TCPFlush
                  0x000d20                  TCPIsPutReady
                  0x000d6a                  TCPPut
                  0x000df0                  TCPDiscard
                  0x000e24                  TCPGetArray
                  0x000e74                  TCPGet
                  0x000ee0                  TCPIsGetReady
                  0x000efa                  TCPTick
                  0x0010e8                  TCPProcess

.text             0x0018f6        0xb78
 .text            0x0018f6        0xb78 C:\Work\MCHPTCPStack\MCHPTCPStack 3.60\Source\ENC28J60.o
                  0x0018f6                  MACInit
                  0x001a28                  MACIsLinked
                  0x001a36                  MACIsTxReady
                  0x001a9e                  MACGetTxBuffer
                  0x001b1c                  MACDiscardTx
                  0x001b3e                  MACDiscardRx
                  0x001b70                  MACGetFreeRxSize
                  0x001bd4                  MACGetHeader
                  0x001ca6                  MACPutHeader
                  0x001d26                  MACFlush
                  0x001e78                  MACSetRxBuffer
                  0x001eb4                  MACSetTxBuffer
                  0x001ef0                  MACCalcRxChecksum
                  0x001f66                  MACCalcTxChecksum
                  0x001fc8                  CalcIPBufferChecksum
                  0x002060                  MACGet
                  0x00209e                  MACGetArray
                  0x0020fa                  MACPut
                  0x002138                  MACPutArray
                  0x002246                  ReadPHYReg
                  0x002356                  WritePHYReg
                  0x002398                  MACSetDuplex
                  0x002408                  MACPowerDown
                  0x002430                  MACPowerUp
                  0x00244c                  SetCLKOUT
                  0x00245e                  GetCLKOUT

.text             0x00246e        0xa06
 .text            0x00246e        0xa06 C:\Work\MCHPTCPStack\MCHPTCPStack 3.60\Source\MainDemo.o
                  0x00246e                  HighISR
                  0x002474                  main
                  0x0026a2                  HTTPExecCmd
                  0x00277c                  HTTPGetVar
                  0x002a48                  FTPVerify
                  0x002b3c                  StringToIPAddress
                  0x002bce                  GetMenuChoice
                  0x002bf8                  ExecuteMenuChoice

.text             0x002e74        0x5ac
 .text            0x002e74        0x5ac C:\Work\MCHPTCPStack\MCHPTCPStack 3.60\Source\HTTP.o
                  0x002e74                  HTTPInit
                  0x002eaa                  HTTPServer

.text             0x003420        0x58a
 .text            0x003420        0x58a C:\Work\MCHPTCPStack\MCHPTCPStack 3.60\Source\DHCP.o
                  0x003420                  DHCPReset
                  0x003446                  DHCPTask

.text             0x0039aa        0x430
 .text            0x0039aa        0x430 C:\Work\MCHPTCPStack\MCHPTCPStack 3.60\Source\FTP.o
                  0x0039aa                  FTPInit
                  0x0039c6                  FTPServer

.text             0x003dda        0x3e4
 .text            0x003dda        0x3e4 C:\Work\MCHPTCPStack\MCHPTCPStack 3.60\Source\UDP.o
                  0x003dda                  UDPInit
                  0x003e0c                  UDPOpen
                  0x003e74                  UDPClose
                  0x003e8a                  UDPPut
                  0x003f08                  UDPFlush
                  0x003f6c                  UDPIsGetReady
                  0x003f94                  UDPGet
                  0x00400a                  UDPDiscard
                  0x004032                  UDPProcess

.text             0x0041be        0x282
 .text            0x0041be        0x282 C:\Work\MCHPTCPStack\MCHPTCPStack 3.60\Source\Helpers.o
                  0x0041be                  ReadStringUART
                  0x004206                  itoa
                  0x00427e                  hexatob
                  0x0042d4                  btohexa_high
                  0x0042fc                  btohexa_low
                  0x004322                  swaps
                  0x00433c                  swapl
                  0x00437a                  CalcIPChecksum
                  0x004408                  strupr

.text             0x004440        0x25a
 .text            0x004440        0x25a C:\Work\MCHPTCPStack\MCHPTCPStack 3.60\Source\SPIEEPROM.o
                  0x004440                  XEEInit
                  0x004464                  XEEBeginRead
                  0x004478                  XEERead
                  0x0044a8                  XEEEndRead
                  0x0044b0                  XEEReadArray
                  0x004540                  XEESetAddr
                  0x004554                  XEEWrite
                  0x004574                  XEEEndWrite
                  0x004586                  DoWrite
                  0x00464a                  XEEIsBusy

.text             0x00469a        0x242
 .text            0x00469a        0x242 C:\Work\MCHPTCPStack\MCHPTCPStack 3.60\Source\LCDBlocking.o
                  0x0046ce                  LCDInit
                  0x00479a                  LCDUpdate
                  0x0048b0                  LCDErase

.text             0x0048dc        0x1f4
 .text            0x0048dc        0x1f4 C:\Work\MCHPTCPStack\MCHPTCPStack 3.60\Source\MPFS.o
                  0x0048dc                  MPFSInit
                  0x0048f0                  MPFSOpen
                  0x0049bc                  MPFSClose
                  0x0049d2                  MPFSGetBegin
                  0x0049f2                  MPFSGet
                  0x004a20                  MPFSGetEnd
                  0x004a2a                  MPFSFormat
                  0x004a34                  MPFSPutBegin
                  0x004a5e                  MPFSPut
                  0x004a94                  MPFSPutEnd
                  0x004aaa                  MPFSSeek

.text             0x004ad0        0x1aa
 .text            0x004ad0        0x1aa C:\Work\MCHPTCPStack\MCHPTCPStack 3.60\Source\ARP.o
                  0x004ad0                  ARPGet
                  0x004b66                  ARPPut

.dinit            0x004c7a        0x1a2
 .dinit           0x004c7a        0x1a2 data_init

.text             0x004e1c        0x16e
 .text            0x004e1c        0x16e C:\Work\MCHPTCPStack\MCHPTCPStack 3.60\Source\StackTsk.o
                  0x004e1c                  StackInit
                  0x004e30                  StackTask

.text             0x004f8a        0x154
 .text            0x004f8a        0x154 C:\Work\MCHPTCPStack\MCHPTCPStack 3.60\Source\IP.o
                  0x004f8a                  IPGetHeader
                  0x005010                  IPPutHeader
                  0x0050a4                  IPSetRxBuffer

.text             0x0050de        0x140
 .text            0x0050de        0x140 C:\Work\MCHPTCPStack\MCHPTCPStack 3.60\Source\Announce.o
                  0x0050de                  AnnounceIP

.text             0x00521e        0x13a
 .text            0x00521e        0x13a C:\Work\MCHPTCPStack\MCHPTCPStack 3.60\Source\UART.o
                  0x00521e                  putsUART2
                  0x00527a                  getsUART2
                  0x0052ea                  DataRdyUART2
                  0x0052f8                  BusyUART2
                  0x005312                  ReadUART2
                  0x005336                  WriteUART2

.text             0x005358        0x116
 .text            0x005358        0x116 C:\Work\MCHPTCPStack\MCHPTCPStack 3.60\Source\ICMP.o
                  0x005358                  ICMPGet
                  0x0053ba                  ICMPPut

.text             0x00546e         0xd0
 .text            0x00546e         0xd0 C:\Work\MCHPTCPStack\MCHPTCPStack 3.60\Source\ARPTsk.o
                  0x00546e                  ARPInit
                  0x005496                  ARPProcess
                  0x0054e6                  ARPResolve
                  0x0054fe                  ARPIsResolved

.text             0x00553e         0x40
 .text            0x00553e         0x40 C:\Work\MCHPTCPStack\MCHPTCPStack 3.60\Source\Delay.o
                  0x00553e                  DelayMs

.text             0x00557e         0x40
 .text            0x00557e         0x40 C:\Work\MCHPTCPStack\MCHPTCPStack 3.60\Source\Tick.o
                  0x00557e                  TickInit
                  0x00559c                  TickGet
                  0x0055a6                  _T1Interrupt
